2026-05-31 23:04:20,658 : INFO : root : Loading config.
2026-05-31 23:04:20,661 : INFO : YamlMultifileConfigLoader : Machine config file #1: config.yaml
2026-05-31 23:04:20,662 : INFO : ConfigProcessor : Loading config from cache: C:\Users\mpf\AppData\Local\Temp\79c4d80ce629f23fc794c150aa180213.mpf_cache
2026-05-31 23:04:20,759 : WARNING : ConfigProcessor : Config file in cache changed: C:\users\mpf\documents\wcgpin1\modes\attract\config\attract.yaml
2026-05-31 23:04:20,759 : INFO : ConfigProcessor : Loading config from file C:\users\mpf\mpfven\Lib\site-packages\mpf\modes\attract\config\attract.yaml.
2026-05-31 23:04:20,762 : INFO : ConfigProcessor : Loading config: C:\users\mpf\mpfven\Lib\site-packages\mpf\modes\attract\config\attract.yaml
2026-05-31 23:04:20,763 : INFO : ConfigProcessor : Loading config from file C:\users\mpf\documents\wcgpin1\modes\attract\config\attract.yaml.
2026-05-31 23:04:20,787 : INFO : ConfigProcessor : Loading config: C:\users\mpf\documents\wcgpin1\modes\attract\config\attract.yaml
2026-05-31 23:04:20,787 : INFO : ConfigProcessor : Config file cache created: C:\Users\mpf\AppData\Local\Temp\7e0b951d6590b841dca7e21104841ff3.mpf_cache
2026-05-31 23:04:20,788 : INFO : ConfigProcessor : Loading config from cache: C:\Users\mpf\AppData\Local\Temp\7619cb164ca9753a8c8174f599337faf.mpf_cache
2026-05-31 23:04:20,789 : INFO : ConfigProcessor : Loading config from cache: C:\Users\mpf\AppData\Local\Temp\7e0b951d6590b841dca7e21104841ff3.mpf_cache
2026-05-31 23:04:20,833 : INFO : ConfigProcessor : Loading config from cache: C:\Users\mpf\AppData\Local\Temp\e17831009a0d4b99b759e461e9901fd1.mpf_cache
2026-05-31 23:04:20,834 : INFO : ConfigProcessor : Loading config from cache: C:\Users\mpf\AppData\Local\Temp\b2527734cca651781ec2296cfbe7a175.mpf_cache
2026-05-31 23:04:20,835 : INFO : Machine : Mission Pinball Framework Core Engine v0.81.0.dev1
2026-05-31 23:04:20,835 : INFO : Machine : Command line arguments: {'no_load_cache': False, 'create_config_cache': True, 'bcp': True, 'configfile': ['config.yaml'], 'force_assets_load': False, 'platform_integration_test': False, 'jsonlogging': False, 'logfile': 'logs\\2026-05-31-23-04-20-mpf-DESKTOP-OC28BPB.log', 'pause': False, 'production': False, 'text_ui': False, 'loglevel': 15, 'consoleloglevel': 20, 'force_platform': 'virtual', 'syslog_address': None, 'full_logfile_path': 'C:\\users\\mpf\\documents\\wcgpin1\\logs\\2026-05-31-23-04-20-mpf-DESKTOP-OC28BPB.log'}
2026-05-31 23:04:20,836 : INFO : Machine : MPF path: C:\users\mpf\mpfven\Lib\site-packages\mpf
2026-05-31 23:04:20,836 : INFO : Machine : Machine path: C:\users\mpf\documents\wcgpin1
2026-05-31 23:04:20,836 : INFO : Machine : Platform: win32
2026-05-31 23:04:20,836 : INFO : Machine : Python executable location: C:\users\mpf\mpfven\Scripts\python.exe
2026-05-31 23:04:20,836 : INFO : Machine : Python version: 3.13.12 (64-bit)
2026-05-31 23:04:20,841 : INFO : Machine : Initializing MPF...
2026-05-31 23:04:20,958 : INFO : EventManager : Event: ======'machine_var_credits_string'====== Args={'value': 'FREE PLAY', 'prev_value': None, 'change': True}
2026-05-31 23:04:20,981 : INFO : EventManager : Event: ======'machine_var_master_volume'====== Args={'value': 0.5, 'prev_value': None, 'change': True}
2026-05-31 23:04:20,982 : INFO : EventManager : Event: ======'machine_var_mpf_version'====== Args={'value': 'Mission Pinball Framework v0.81.0.dev1', 'prev_value': None, 'change': True}
2026-05-31 23:04:20,982 : INFO : EventManager : Event: ======'machine_var_mpf_extended_version'====== Args={'value': 'Mission Pinball Framework v0.81.0.dev1, Config version:6, Show version: 6, BCP version:1.1', 'prev_value': None, 'change': True}
2026-05-31 23:04:20,982 : INFO : EventManager : Event: ======'machine_var_python_version'====== Args={'value': '3.13.12', 'prev_value': None, 'change': True}
2026-05-31 23:04:21,231 : INFO : EventManager : Event: ======'machine_var_platform'====== Args={'value': 'Windows-11-10.0.26200-SP0', 'prev_value': None, 'change': True}
2026-05-31 23:04:21,231 : INFO : EventManager : Event: ======'machine_var_platform_system'====== Args={'value': 'Windows', 'prev_value': None, 'change': True}
2026-05-31 23:04:21,231 : INFO : EventManager : Event: ======'machine_var_platform_release'====== Args={'value': '11', 'prev_value': None, 'change': True}
2026-05-31 23:04:21,231 : INFO : EventManager : Event: ======'machine_var_platform_version'====== Args={'value': '10.0.26200', 'prev_value': None, 'change': True}
2026-05-31 23:04:21,231 : INFO : EventManager : Event: ======'machine_var_platform_machine'====== Args={'value': 'AMD64', 'prev_value': None, 'change': True}
2026-05-31 23:04:21,231 : INFO : EventManager : Event: ======'machine_var_log_file_path'====== Args={'value': 'C:\\users\\mpf\\documents\\wcgpin1\\logs\\2026-05-31-23-04-20-mpf-DESKTOP-OC28BPB.log', 'prev_value': None, 'change': True}
2026-05-31 23:04:21,231 : INFO : EventManager : Event: ======'init_phase_1'====== Args={}
2026-05-31 23:04:21,253 : INFO : EventManager : Event: ======'init_phase_2'====== Args={}
2026-05-31 23:04:21,254 : INFO : EventManager : Event: ======'bcp_connection_attempt'====== Args={'name': 'local_display', 'host': 'localhost', 'port': 5050}
2026-05-31 23:04:21,256 : INFO : BCPClientSocket : Connecting BCP to 'local_display' at localhost:5050...
2026-05-31 23:04:21,273 : INFO : BCPClientSocket : Connected BCP to 'local_display' localhost:5050
2026-05-31 23:04:21,274 : INFO : EventManager : Event: ======'bcp_clients_connected'====== Args={}
2026-05-31 23:04:21,274 : INFO : ball_device.bd_plunger : BCH: Initial count: 0
2026-05-31 23:04:21,275 : INFO : ball_device.bd_plunger : State: idle
2026-05-31 23:04:21,276 : INFO : ball_device.bd_trough : BCH: Initial count: 0
2026-05-31 23:04:21,277 : INFO : ball_device.bd_trough : State: idle
2026-05-31 23:04:21,293 : INFO : EventManager : Event: ======'init_phase_3'====== Args={}
2026-05-31 23:04:21,295 : INFO : EventManager : Event: ======'init_phase_4'====== Args={}
2026-05-31 23:04:21,296 : INFO : BallController : Initial balls found: 0
2026-05-31 23:04:21,297 : INFO : EventManager : Event: ======'machine_var_audits_switches_s_left_lane'====== Args={'value': 0, 'prev_value': None, 'change': True}
2026-05-31 23:04:21,297 : INFO : EventManager : Event: ======'machine_var_audits_switches_s_flipper_right'====== Args={'value': 0, 'prev_value': None, 'change': True}
2026-05-31 23:04:21,297 : INFO : EventManager : Event: ======'machine_var_audits_switches_s_trough_3'====== Args={'value': 0, 'prev_value': None, 'change': True}
2026-05-31 23:04:21,297 : INFO : EventManager : Event: ======'machine_var_audits_switches_s_bumper_left'====== Args={'value': 0, 'prev_value': None, 'change': True}
2026-05-31 23:04:21,297 : INFO : EventManager : Event: ======'machine_var_audits_switches_s_trough_2'====== Args={'value': 0, 'prev_value': None, 'change': True}
2026-05-31 23:04:21,298 : INFO : EventManager : Event: ======'machine_var_audits_switches_s_flipper_left'====== Args={'value': 0, 'prev_value': None, 'change': True}
2026-05-31 23:04:21,298 : INFO : EventManager : Event: ======'machine_var_audits_switches_s_trough_1'====== Args={'value': 0, 'prev_value': None, 'change': True}
2026-05-31 23:04:21,298 : INFO : EventManager : Event: ======'machine_var_audits_switches_s_plunger_lane'====== Args={'value': 0, 'prev_value': None, 'change': True}
2026-05-31 23:04:21,298 : INFO : EventManager : Event: ======'machine_var_audits_switches_s_bumper_right'====== Args={'value': 0, 'prev_value': None, 'change': True}
2026-05-31 23:04:21,298 : INFO : EventManager : Event: ======'machine_var_audits_events_game_started'====== Args={'value': 0, 'prev_value': None, 'change': True}
2026-05-31 23:04:21,298 : INFO : EventManager : Event: ======'machine_var_audits_events_game_ended'====== Args={'value': 0, 'prev_value': None, 'change': True}
2026-05-31 23:04:21,298 : INFO : EventManager : Event: ======'machine_var_audits_player_score'====== Args={'value': {'top': [], 'average': 0, 'total': 0}, 'prev_value': None, 'change': True}
2026-05-31 23:04:21,298 : INFO : EventManager : Event: ======'init_phase_5'====== Args={}
2026-05-31 23:04:21,298 : INFO : EventManager : Event: ======'init_done'====== Args={}
2026-05-31 23:04:21,299 : INFO : EventManager : Event: ======'machine_reset_phase_1'====== Args={}
2026-05-31 23:04:21,308 : INFO : EventManager : Event: ======'machine_reset_phase_2'====== Args={}
2026-05-31 23:04:21,308 : INFO : EventManager : Event: ======'machine_reset_phase_3'====== Args={}
2026-05-31 23:04:21,309 : INFO : EventManager : Event: ======'reset_complete'====== Args={}
2026-05-31 23:04:21,309 : INFO : EventManager : Event: ======'mode_attract_will_start'====== Args={}
2026-05-31 23:04:21,309 : INFO : Timer.attract_carousel_timer : Starting Timer.
2026-05-31 23:04:21,309 : INFO : EventManager : Event: ======'timer_attract_carousel_timer_started'====== Args={'ticks': 0, 'ticks_remaining': 1}
2026-05-31 23:04:21,309 : INFO : EventManager : Event: ======'timer_attract_carousel_timer_tick'====== Args={'ticks': 0, 'ticks_remaining': 1}
2026-05-31 23:04:21,310 : INFO : EventManager : Event: ======'mode_attract_starting'====== Args={}
2026-05-31 23:04:21,310 : INFO : Mode.attract : Started. Priority: 10
2026-05-31 23:04:21,310 : INFO : EventManager : Event: ======'modes_active_modes_changed'====== Args={}
2026-05-31 23:04:21,310 : INFO : EventManager : Event: ======'mode_attract_started'====== Args={}
2026-05-31 23:04:21,311 : INFO : EventManager : Event: ======'collecting_balls_complete'====== Args={}
2026-05-31 23:04:21,311 : INFO : EventManager : Event: ======'carousel_item_highlighted'====== Args={'carousel': 'attract', 'direction': None, 'item': 'title'}
2026-05-31 23:04:21,311 : INFO : EventManager : Event: ======'timer_attract_carousel_timer_tick'====== Args={'ticks': 0, 'ticks_remaining': 1}
2026-05-31 23:04:21,311 : INFO : Machine : Starting the main run loop with active modes: [<Mode.attract>]
2026-05-31 23:04:21,337 : INFO : EventManager : Event: ======'slide_attract_created'====== Args={'_from_bcp': True}
2026-05-31 23:04:21,337 : INFO : EventManager : Event: ======'slide__removed'====== Args={'_from_bcp': True}
2026-05-31 23:04:21,337 : INFO : EventManager : Event: ======'slide_attract_active'====== Args={'original_context': 'attract', 'original_calling_context': 'mode_attract_started', 'priority': 10.0, 'cmd': 'slides_play', '_from_bcp': True}
2026-05-31 23:04:26,312 : INFO : Timer.attract_carousel_timer : Timer Complete
2026-05-31 23:04:26,313 : INFO : Timer.attract_carousel_timer : Stopping Timer
2026-05-31 23:04:26,313 : INFO : EventManager : Event: ======'timer_attract_carousel_timer_stopped'====== Args={'ticks': 1, 'ticks_remaining': 1}
2026-05-31 23:04:26,313 : INFO : EventManager : Event: ======'timer_attract_carousel_timer_complete'====== Args={'ticks': 1, 'ticks_remaining': 1}
2026-05-31 23:04:26,314 : INFO : EventManager : Event: ======'carousel_item_highlighted'====== Args={'carousel': 'attract', 'direction': 'forwards', 'item': 'credits'}
2026-05-31 23:04:26,316 : INFO : Timer.attract_carousel_timer : Starting Timer.
2026-05-31 23:04:26,316 : INFO : EventManager : Event: ======'timer_attract_carousel_timer_started'====== Args={'ticks': 0, 'ticks_remaining': 1}
2026-05-31 23:04:26,318 : INFO : EventManager : Event: ======'timer_attract_carousel_timer_tick'====== Args={'ticks': 0, 'ticks_remaining': 1}
2026-05-31 23:04:31,327 : INFO : Timer.attract_carousel_timer : Timer Complete
2026-05-31 23:04:31,327 : INFO : Timer.attract_carousel_timer : Stopping Timer
2026-05-31 23:04:31,328 : INFO : EventManager : Event: ======'timer_attract_carousel_timer_stopped'====== Args={'ticks': 1, 'ticks_remaining': 1}
2026-05-31 23:04:31,328 : INFO : EventManager : Event: ======'timer_attract_carousel_timer_complete'====== Args={'ticks': 1, 'ticks_remaining': 1}
2026-05-31 23:04:31,328 : INFO : EventManager : Event: ======'carousel_item_highlighted'====== Args={'carousel': 'attract', 'direction': 'forwards', 'item': 'mpf_logo'}
2026-05-31 23:04:31,330 : INFO : Timer.attract_carousel_timer : Starting Timer.
2026-05-31 23:04:31,330 : INFO : EventManager : Event: ======'timer_attract_carousel_timer_started'====== Args={'ticks': 0, 'ticks_remaining': 1}
2026-05-31 23:04:31,331 : INFO : EventManager : Event: ======'timer_attract_carousel_timer_tick'====== Args={'ticks': 0, 'ticks_remaining': 1}
2026-05-31 23:04:36,344 : INFO : Timer.attract_carousel_timer : Timer Complete
2026-05-31 23:04:36,344 : INFO : Timer.attract_carousel_timer : Stopping Timer
2026-05-31 23:04:36,345 : INFO : EventManager : Event: ======'timer_attract_carousel_timer_stopped'====== Args={'ticks': 1, 'ticks_remaining': 1}
2026-05-31 23:04:36,345 : INFO : EventManager : Event: ======'timer_attract_carousel_timer_complete'====== Args={'ticks': 1, 'ticks_remaining': 1}
2026-05-31 23:04:36,345 : INFO : EventManager : Event: ======'carousel_item_highlighted'====== Args={'carousel': 'attract', 'direction': 'forwards', 'item': 'title'}
2026-05-31 23:04:36,347 : INFO : Timer.attract_carousel_timer : Starting Timer.
2026-05-31 23:04:36,348 : INFO : EventManager : Event: ======'timer_attract_carousel_timer_started'====== Args={'ticks': 0, 'ticks_remaining': 1}
2026-05-31 23:04:36,348 : INFO : EventManager : Event: ======'timer_attract_carousel_timer_tick'====== Args={'ticks': 0, 'ticks_remaining': 1}
2026-05-31 23:04:38,915 : INFO : SwitchController : <<<<<<< 's_flipper_right' active >>>>>>>
2026-05-31 23:04:38,916 : INFO : EventManager : Event: ======'s_flipper_right_active'====== Args={}
2026-05-31 23:04:38,916 : INFO : EventManager : Event: ======'carousel_item_highlighted'====== Args={'carousel': 'attract', 'direction': 'forwards', 'item': 'credits'}
2026-05-31 23:04:38,917 : INFO : EventManager : Event: ======'timer_attract_carousel_timer_tick'====== Args={'ticks': 0, 'ticks_remaining': 1}
2026-05-31 23:04:38,964 : INFO : SwitchController : <<<<<<< 's_flipper_right' inactive >>>>>>>
2026-05-31 23:04:39,082 : INFO : SwitchController : <<<<<<< 's_flipper_right' active >>>>>>>
2026-05-31 23:04:39,082 : INFO : EventManager : Event: ======'s_flipper_right_active'====== Args={}
2026-05-31 23:04:39,082 : INFO : EventManager : Event: ======'carousel_item_highlighted'====== Args={'carousel': 'attract', 'direction': 'forwards', 'item': 'mpf_logo'}
2026-05-31 23:04:39,084 : INFO : EventManager : Event: ======'timer_attract_carousel_timer_tick'====== Args={'ticks': 0, 'ticks_remaining': 1}
2026-05-31 23:04:39,148 : INFO : SwitchController : <<<<<<< 's_flipper_right' inactive >>>>>>>
2026-05-31 23:04:39,232 : INFO : SwitchController : <<<<<<< 's_flipper_right' active >>>>>>>
2026-05-31 23:04:39,233 : INFO : EventManager : Event: ======'s_flipper_right_active'====== Args={}
2026-05-31 23:04:39,233 : INFO : EventManager : Event: ======'carousel_item_highlighted'====== Args={'carousel': 'attract', 'direction': 'forwards', 'item': 'title'}
2026-05-31 23:04:39,234 : INFO : EventManager : Event: ======'timer_attract_carousel_timer_tick'====== Args={'ticks': 0, 'ticks_remaining': 1}
2026-05-31 23:04:39,316 : INFO : SwitchController : <<<<<<< 's_flipper_right' inactive >>>>>>>
2026-05-31 23:04:39,383 : INFO : SwitchController : <<<<<<< 's_flipper_right' active >>>>>>>
2026-05-31 23:04:39,383 : INFO : EventManager : Event: ======'s_flipper_right_active'====== Args={}
2026-05-31 23:04:39,383 : INFO : EventManager : Event: ======'carousel_item_highlighted'====== Args={'carousel': 'attract', 'direction': 'forwards', 'item': 'credits'}
2026-05-31 23:04:39,385 : INFO : EventManager : Event: ======'timer_attract_carousel_timer_tick'====== Args={'ticks': 0, 'ticks_remaining': 1}
2026-05-31 23:04:39,466 : INFO : SwitchController : <<<<<<< 's_flipper_right' inactive >>>>>>>
2026-05-31 23:04:44,393 : INFO : Timer.attract_carousel_timer : Timer Complete
2026-05-31 23:04:44,394 : INFO : Timer.attract_carousel_timer : Stopping Timer
2026-05-31 23:04:44,394 : INFO : EventManager : Event: ======'timer_attract_carousel_timer_stopped'====== Args={'ticks': 1, 'ticks_remaining': 1}
2026-05-31 23:04:44,394 : INFO : EventManager : Event: ======'timer_attract_carousel_timer_complete'====== Args={'ticks': 1, 'ticks_remaining': 1}
2026-05-31 23:04:44,395 : INFO : EventManager : Event: ======'carousel_item_highlighted'====== Args={'carousel': 'attract', 'direction': 'forwards', 'item': 'mpf_logo'}
2026-05-31 23:04:44,397 : INFO : Timer.attract_carousel_timer : Starting Timer.
2026-05-31 23:04:44,398 : INFO : EventManager : Event: ======'timer_attract_carousel_timer_started'====== Args={'ticks': 0, 'ticks_remaining': 1}
2026-05-31 23:04:44,398 : INFO : EventManager : Event: ======'timer_attract_carousel_timer_tick'====== Args={'ticks': 0, 'ticks_remaining': 1}
2026-05-31 23:04:46,726 : INFO : SwitchController : <<<<<<< 's_flipper_left' active >>>>>>>
2026-05-31 23:04:46,726 : INFO : EventManager : Event: ======'s_flipper_left_active'====== Args={}
2026-05-31 23:04:46,727 : INFO : EventManager : Event: ======'carousel_item_highlighted'====== Args={'carousel': 'attract', 'direction': 'backwards', 'item': 'credits'}
2026-05-31 23:04:46,728 : INFO : EventManager : Event: ======'timer_attract_carousel_timer_tick'====== Args={'ticks': 0, 'ticks_remaining': 1}
2026-05-31 23:04:49,729 : INFO : EventManager : Event: ======'flipper_cradle'====== Args={}
2026-05-31 23:04:49,730 : INFO : Timer.attract_carousel_timer : Stopping Timer
2026-05-31 23:04:49,730 : INFO : EventManager : Event: ======'timer_attract_carousel_timer_stopped'====== Args={'ticks': 0, 'ticks_remaining': 1}
2026-05-31 23:04:52,629 : INFO : SwitchController : <<<<<<< 's_flipper_left' inactive >>>>>>>
2026-05-31 23:04:52,630 : INFO : EventManager : Event: ======'flipper_cradle_release'====== Args={}
2026-05-31 23:04:52,630 : INFO : Timer.attract_carousel_timer : Starting Timer.
2026-05-31 23:04:52,630 : INFO : EventManager : Event: ======'timer_attract_carousel_timer_started'====== Args={'ticks': 0, 'ticks_remaining': 1}
2026-05-31 23:04:52,631 : INFO : EventManager : Event: ======'timer_attract_carousel_timer_tick'====== Args={'ticks': 0, 'ticks_remaining': 1}
2026-05-31 23:04:57,639 : INFO : Timer.attract_carousel_timer : Timer Complete
2026-05-31 23:04:57,639 : INFO : Timer.attract_carousel_timer : Stopping Timer
2026-05-31 23:04:57,639 : INFO : EventManager : Event: ======'timer_attract_carousel_timer_stopped'====== Args={'ticks': 1, 'ticks_remaining': 1}
2026-05-31 23:04:57,640 : INFO : EventManager : Event: ======'timer_attract_carousel_timer_complete'====== Args={'ticks': 1, 'ticks_remaining': 1}
2026-05-31 23:04:57,640 : INFO : EventManager : Event: ======'carousel_item_highlighted'====== Args={'carousel': 'attract', 'direction': 'forwards', 'item': 'mpf_logo'}
2026-05-31 23:04:57,642 : INFO : Timer.attract_carousel_timer : Starting Timer.
2026-05-31 23:04:57,642 : INFO : EventManager : Event: ======'timer_attract_carousel_timer_started'====== Args={'ticks': 0, 'ticks_remaining': 1}
2026-05-31 23:04:57,642 : INFO : EventManager : Event: ======'timer_attract_carousel_timer_tick'====== Args={'ticks': 0, 'ticks_remaining': 1}
2026-05-31 23:05:02,646 : INFO : Timer.attract_carousel_timer : Timer Complete
2026-05-31 23:05:02,647 : INFO : Timer.attract_carousel_timer : Stopping Timer
2026-05-31 23:05:02,648 : INFO : EventManager : Event: ======'timer_attract_carousel_timer_stopped'====== Args={'ticks': 1, 'ticks_remaining': 1}
2026-05-31 23:05:02,648 : INFO : EventManager : Event: ======'timer_attract_carousel_timer_complete'====== Args={'ticks': 1, 'ticks_remaining': 1}
2026-05-31 23:05:02,648 : INFO : EventManager : Event: ======'carousel_item_highlighted'====== Args={'carousel': 'attract', 'direction': 'forwards', 'item': 'title'}
2026-05-31 23:05:02,651 : INFO : Timer.attract_carousel_timer : Starting Timer.
2026-05-31 23:05:02,651 : INFO : EventManager : Event: ======'timer_attract_carousel_timer_started'====== Args={'ticks': 0, 'ticks_remaining': 1}
2026-05-31 23:05:02,652 : INFO : EventManager : Event: ======'timer_attract_carousel_timer_tick'====== Args={'ticks': 0, 'ticks_remaining': 1}
2026-05-31 23:05:07,656 : INFO : Timer.attract_carousel_timer : Timer Complete
2026-05-31 23:05:07,656 : INFO : Timer.attract_carousel_timer : Stopping Timer
2026-05-31 23:05:07,657 : INFO : EventManager : Event: ======'timer_attract_carousel_timer_stopped'====== Args={'ticks': 1, 'ticks_remaining': 1}
2026-05-31 23:05:07,657 : INFO : EventManager : Event: ======'timer_attract_carousel_timer_complete'====== Args={'ticks': 1, 'ticks_remaining': 1}
2026-05-31 23:05:07,657 : INFO : EventManager : Event: ======'carousel_item_highlighted'====== Args={'carousel': 'attract', 'direction': 'forwards', 'item': 'credits'}
2026-05-31 23:05:07,659 : INFO : Timer.attract_carousel_timer : Starting Timer.
2026-05-31 23:05:07,659 : INFO : EventManager : Event: ======'timer_attract_carousel_timer_started'====== Args={'ticks': 0, 'ticks_remaining': 1}
2026-05-31 23:05:07,659 : INFO : EventManager : Event: ======'timer_attract_carousel_timer_tick'====== Args={'ticks': 0, 'ticks_remaining': 1}
2026-05-31 23:05:12,665 : INFO : Timer.attract_carousel_timer : Timer Complete
2026-05-31 23:05:12,666 : INFO : Timer.attract_carousel_timer : Stopping Timer
2026-05-31 23:05:12,666 : INFO : EventManager : Event: ======'timer_attract_carousel_timer_stopped'====== Args={'ticks': 1, 'ticks_remaining': 1}
2026-05-31 23:05:12,666 : INFO : EventManager : Event: ======'timer_attract_carousel_timer_complete'====== Args={'ticks': 1, 'ticks_remaining': 1}
2026-05-31 23:05:12,667 : INFO : EventManager : Event: ======'carousel_item_highlighted'====== Args={'carousel': 'attract', 'direction': 'forwards', 'item': 'mpf_logo'}
2026-05-31 23:05:12,669 : INFO : Timer.attract_carousel_timer : Starting Timer.
2026-05-31 23:05:12,669 : INFO : EventManager : Event: ======'timer_attract_carousel_timer_started'====== Args={'ticks': 0, 'ticks_remaining': 1}
2026-05-31 23:05:12,669 : INFO : EventManager : Event: ======'timer_attract_carousel_timer_tick'====== Args={'ticks': 0, 'ticks_remaining': 1}
2026-05-31 23:05:17,679 : INFO : Timer.attract_carousel_timer : Timer Complete
2026-05-31 23:05:17,679 : INFO : Timer.attract_carousel_timer : Stopping Timer
2026-05-31 23:05:17,679 : INFO : EventManager : Event: ======'timer_attract_carousel_timer_stopped'====== Args={'ticks': 1, 'ticks_remaining': 1}
2026-05-31 23:05:17,680 : INFO : EventManager : Event: ======'timer_attract_carousel_timer_complete'====== Args={'ticks': 1, 'ticks_remaining': 1}
2026-05-31 23:05:17,681 : INFO : EventManager : Event: ======'carousel_item_highlighted'====== Args={'carousel': 'attract', 'direction': 'forwards', 'item': 'title'}
2026-05-31 23:05:17,684 : INFO : Timer.attract_carousel_timer : Starting Timer.
2026-05-31 23:05:17,684 : INFO : EventManager : Event: ======'timer_attract_carousel_timer_started'====== Args={'ticks': 0, 'ticks_remaining': 1}
2026-05-31 23:05:17,684 : INFO : EventManager : Event: ======'timer_attract_carousel_timer_tick'====== Args={'ticks': 0, 'ticks_remaining': 1}
2026-05-31 23:05:19,361 : INFO : Machine : Shutting down...
2026-05-31 23:05:19,361 : INFO : EventManager : Event: ======'shutdown'====== Args={}
2026-05-31 23:05:19,364 : INFO : root : MPF run loop ended.
