2026-05-31 22:50:00,036 : INFO : root : Loading config.
2026-05-31 22:50:00,041 : INFO : YamlMultifileConfigLoader : Machine config file #1: config.yaml
2026-05-31 22:50:00,041 : INFO : ConfigProcessor : Loading config from cache: C:\Users\mpf\AppData\Local\Temp\79c4d80ce629f23fc794c150aa180213.mpf_cache
2026-05-31 22:50:00,191 : INFO : ConfigProcessor : Loading config from cache: C:\Users\mpf\AppData\Local\Temp\7e0b951d6590b841dca7e21104841ff3.mpf_cache
2026-05-31 22:50:00,192 : INFO : ConfigProcessor : Loading config from cache: C:\Users\mpf\AppData\Local\Temp\7619cb164ca9753a8c8174f599337faf.mpf_cache
2026-05-31 22:50:00,193 : INFO : ConfigProcessor : Loading config from cache: C:\Users\mpf\AppData\Local\Temp\7e0b951d6590b841dca7e21104841ff3.mpf_cache
2026-05-31 22:50:00,193 : INFO : ConfigProcessor : Loading config from cache: C:\Users\mpf\AppData\Local\Temp\e17831009a0d4b99b759e461e9901fd1.mpf_cache
2026-05-31 22:50:00,194 : INFO : ConfigProcessor : Loading config from cache: C:\Users\mpf\AppData\Local\Temp\b2527734cca651781ec2296cfbe7a175.mpf_cache
2026-05-31 22:50:00,195 : INFO : Machine : Mission Pinball Framework Core Engine v0.81.0.dev1
2026-05-31 22:50:00,195 : INFO : Machine : Command line arguments: {'no_load_cache': False, 'create_config_cache': True, 'bcp': True, 'configfile': ['config.yaml'], 'force_assets_load': False, 'platform_integration_test': False, 'jsonlogging': False, 'logfile': 'logs\\2026-05-31-22-50-00-mpf-DESKTOP-OC28BPB.log', 'pause': False, 'production': False, 'text_ui': False, 'loglevel': 15, 'consoleloglevel': 20, 'force_platform': 'virtual', 'syslog_address': None, 'full_logfile_path': 'C:\\users\\mpf\\documents\\wcgpin1\\logs\\2026-05-31-22-50-00-mpf-DESKTOP-OC28BPB.log'}
2026-05-31 22:50:00,195 : INFO : Machine : MPF path: C:\users\mpf\mpfven\Lib\site-packages\mpf
2026-05-31 22:50:00,195 : INFO : Machine : Machine path: C:\users\mpf\documents\wcgpin1
2026-05-31 22:50:00,195 : INFO : Machine : Platform: win32
2026-05-31 22:50:00,195 : INFO : Machine : Python executable location: C:\users\mpf\mpfven\Scripts\python.exe
2026-05-31 22:50:00,195 : INFO : Machine : Python version: 3.13.12 (64-bit)
2026-05-31 22:50:00,197 : INFO : Machine : Initializing MPF...
2026-05-31 22:50:00,319 : INFO : EventManager : Event: ======'machine_var_credits_string'====== Args={'value': 'FREE PLAY', 'prev_value': None, 'change': True}
2026-05-31 22:50:00,345 : INFO : EventManager : Event: ======'machine_var_master_volume'====== Args={'value': 0.5, 'prev_value': None, 'change': True}
2026-05-31 22:50:00,345 : INFO : EventManager : Event: ======'machine_var_mpf_version'====== Args={'value': 'Mission Pinball Framework v0.81.0.dev1', 'prev_value': None, 'change': True}
2026-05-31 22:50:00,345 : INFO : EventManager : Event: ======'machine_var_mpf_extended_version'====== Args={'value': 'Mission Pinball Framework v0.81.0.dev1, Config version:6, Show version: 6, BCP version:1.1', 'prev_value': None, 'change': True}
2026-05-31 22:50:00,346 : INFO : EventManager : Event: ======'machine_var_python_version'====== Args={'value': '3.13.12', 'prev_value': None, 'change': True}
2026-05-31 22:50:00,444 : INFO : EventManager : Event: ======'machine_var_platform'====== Args={'value': 'Windows-11-10.0.26200-SP0', 'prev_value': None, 'change': True}
2026-05-31 22:50:00,444 : INFO : EventManager : Event: ======'machine_var_platform_system'====== Args={'value': 'Windows', 'prev_value': None, 'change': True}
2026-05-31 22:50:00,444 : INFO : EventManager : Event: ======'machine_var_platform_release'====== Args={'value': '11', 'prev_value': None, 'change': True}
2026-05-31 22:50:00,444 : INFO : EventManager : Event: ======'machine_var_platform_version'====== Args={'value': '10.0.26200', 'prev_value': None, 'change': True}
2026-05-31 22:50:00,444 : INFO : EventManager : Event: ======'machine_var_platform_machine'====== Args={'value': 'AMD64', 'prev_value': None, 'change': True}
2026-05-31 22:50:00,445 : INFO : EventManager : Event: ======'machine_var_log_file_path'====== Args={'value': 'C:\\users\\mpf\\documents\\wcgpin1\\logs\\2026-05-31-22-50-00-mpf-DESKTOP-OC28BPB.log', 'prev_value': None, 'change': True}
2026-05-31 22:50:00,445 : INFO : EventManager : Event: ======'init_phase_1'====== Args={}
2026-05-31 22:50:00,471 : INFO : EventManager : Event: ======'init_phase_2'====== Args={}
2026-05-31 22:50:00,473 : INFO : EventManager : Event: ======'bcp_connection_attempt'====== Args={'name': 'local_display', 'host': 'localhost', 'port': 5050}
2026-05-31 22:50:00,475 : INFO : BCPClientSocket : Connecting BCP to 'local_display' at localhost:5050...
2026-05-31 22:50:00,489 : INFO : BCPClientSocket : Connected BCP to 'local_display' localhost:5050
2026-05-31 22:50:00,489 : INFO : EventManager : Event: ======'bcp_clients_connected'====== Args={}
2026-05-31 22:50:00,490 : INFO : ball_device.bd_plunger : BCH: Initial count: 0
2026-05-31 22:50:00,490 : INFO : ball_device.bd_plunger : State: idle
2026-05-31 22:50:00,490 : INFO : ball_device.bd_trough : BCH: Initial count: 0
2026-05-31 22:50:00,490 : INFO : ball_device.bd_trough : State: idle
2026-05-31 22:50:00,500 : INFO : EventManager : Event: ======'init_phase_3'====== Args={}
2026-05-31 22:50:00,502 : INFO : EventManager : Event: ======'init_phase_4'====== Args={}
2026-05-31 22:50:00,502 : INFO : BallController : Initial balls found: 0
2026-05-31 22:50:00,503 : INFO : EventManager : Event: ======'machine_var_audits_switches_s_flipper_left'====== Args={'value': 0, 'prev_value': None, 'change': True}
2026-05-31 22:50:00,504 : INFO : EventManager : Event: ======'machine_var_audits_switches_s_bumper_left'====== Args={'value': 0, 'prev_value': None, 'change': True}
2026-05-31 22:50:00,504 : INFO : EventManager : Event: ======'machine_var_audits_switches_s_left_lane'====== Args={'value': 0, 'prev_value': None, 'change': True}
2026-05-31 22:50:00,504 : INFO : EventManager : Event: ======'machine_var_audits_switches_s_trough_1'====== Args={'value': 0, 'prev_value': None, 'change': True}
2026-05-31 22:50:00,504 : INFO : EventManager : Event: ======'machine_var_audits_switches_s_bumper_right'====== Args={'value': 0, 'prev_value': None, 'change': True}
2026-05-31 22:50:00,504 : INFO : EventManager : Event: ======'machine_var_audits_switches_s_trough_2'====== Args={'value': 0, 'prev_value': None, 'change': True}
2026-05-31 22:50:00,505 : INFO : EventManager : Event: ======'machine_var_audits_switches_s_plunger_lane'====== Args={'value': 0, 'prev_value': None, 'change': True}
2026-05-31 22:50:00,505 : INFO : EventManager : Event: ======'machine_var_audits_switches_s_flipper_right'====== Args={'value': 0, 'prev_value': None, 'change': True}
2026-05-31 22:50:00,505 : INFO : EventManager : Event: ======'machine_var_audits_switches_s_trough_3'====== Args={'value': 0, 'prev_value': None, 'change': True}
2026-05-31 22:50:00,505 : INFO : EventManager : Event: ======'machine_var_audits_events_game_started'====== Args={'value': 0, 'prev_value': None, 'change': True}
2026-05-31 22:50:00,505 : INFO : EventManager : Event: ======'machine_var_audits_events_game_ended'====== Args={'value': 0, 'prev_value': None, 'change': True}
2026-05-31 22:50:00,505 : INFO : EventManager : Event: ======'machine_var_audits_player_score'====== Args={'value': {'top': [], 'average': 0, 'total': 0}, 'prev_value': None, 'change': True}
2026-05-31 22:50:00,506 : INFO : EventManager : Event: ======'init_phase_5'====== Args={}
2026-05-31 22:50:00,506 : INFO : EventManager : Event: ======'init_done'====== Args={}
2026-05-31 22:50:00,506 : INFO : EventManager : Event: ======'machine_reset_phase_1'====== Args={}
2026-05-31 22:50:00,519 : INFO : EventManager : Event: ======'machine_reset_phase_2'====== Args={}
2026-05-31 22:50:00,519 : INFO : EventManager : Event: ======'machine_reset_phase_3'====== Args={}
2026-05-31 22:50:00,520 : INFO : EventManager : Event: ======'reset_complete'====== Args={}
2026-05-31 22:50:00,520 : INFO : EventManager : Event: ======'mode_attract_will_start'====== Args={}
2026-05-31 22:50:00,520 : INFO : Timer.attract_carousel_timer : Starting Timer.
2026-05-31 22:50:00,520 : INFO : EventManager : Event: ======'timer_attract_carousel_timer_started'====== Args={'ticks': 0, 'ticks_remaining': 1}
2026-05-31 22:50:00,520 : INFO : EventManager : Event: ======'timer_attract_carousel_timer_tick'====== Args={'ticks': 0, 'ticks_remaining': 1}
2026-05-31 22:50:00,521 : INFO : EventManager : Event: ======'mode_attract_starting'====== Args={}
2026-05-31 22:50:00,521 : INFO : Mode.attract : Started. Priority: 10
2026-05-31 22:50:00,521 : INFO : EventManager : Event: ======'modes_active_modes_changed'====== Args={}
2026-05-31 22:50:00,521 : INFO : EventManager : Event: ======'mode_attract_started'====== Args={}
2026-05-31 22:50:00,521 : INFO : EventManager : Event: ======'collecting_balls_complete'====== Args={}
2026-05-31 22:50:00,521 : INFO : EventManager : Event: ======'carousel_item_highlighted'====== Args={'carousel': 'attract', 'direction': None, 'item': 'title'}
2026-05-31 22:50:00,522 : INFO : Machine : Starting the main run loop with active modes: [<Mode.attract>]
2026-05-31 22:50:00,556 : INFO : EventManager : Event: ======'slide_attract_created'====== Args={'_from_bcp': True}
2026-05-31 22:50:00,557 : INFO : EventManager : Event: ======'slide__removed'====== Args={'_from_bcp': True}
2026-05-31 22:50:00,558 : INFO : EventManager : Event: ======'slide_attract_active'====== Args={'original_context': 'attract', 'original_calling_context': 'mode_attract_started', 'priority': 10.0, 'cmd': 'slides_play', '_from_bcp': True}
2026-05-31 22:50:05,527 : INFO : Timer.attract_carousel_timer : Timer Complete
2026-05-31 22:50:05,528 : INFO : Timer.attract_carousel_timer : Stopping Timer
2026-05-31 22:50:05,528 : INFO : EventManager : Event: ======'timer_attract_carousel_timer_stopped'====== Args={'ticks': 1, 'ticks_remaining': 1}
2026-05-31 22:50:05,529 : INFO : EventManager : Event: ======'timer_attract_carousel_timer_complete'====== Args={'ticks': 1, 'ticks_remaining': 1}
2026-05-31 22:50:05,529 : INFO : EventManager : Event: ======'carousel_item_highlighted'====== Args={'carousel': 'attract', 'direction': 'forwards', 'item': 'credits'}
2026-05-31 22:50:07,927 : INFO : SwitchController : <<<<<<< 's_flipper_right' active >>>>>>>
2026-05-31 22:50:07,928 : INFO : EventManager : Event: ======'s_flipper_right_active'====== Args={}
2026-05-31 22:50:07,928 : INFO : EventManager : Event: ======'carousel_item_highlighted'====== Args={'carousel': 'attract', 'direction': 'forwards', 'item': 'mpf_logo'}
2026-05-31 22:50:08,027 : INFO : SwitchController : <<<<<<< 's_flipper_right' inactive >>>>>>>
2026-05-31 22:50:08,211 : INFO : SwitchController : <<<<<<< 's_flipper_right' active >>>>>>>
2026-05-31 22:50:08,211 : INFO : EventManager : Event: ======'s_flipper_right_active'====== Args={}
2026-05-31 22:50:08,212 : INFO : EventManager : Event: ======'carousel_item_highlighted'====== Args={'carousel': 'attract', 'direction': 'forwards', 'item': 'title'}
2026-05-31 22:50:08,330 : INFO : SwitchController : <<<<<<< 's_flipper_right' inactive >>>>>>>
2026-05-31 22:50:08,628 : INFO : SwitchController : <<<<<<< 's_flipper_right' active >>>>>>>
2026-05-31 22:50:08,628 : INFO : EventManager : Event: ======'s_flipper_right_active'====== Args={}
2026-05-31 22:50:08,628 : INFO : EventManager : Event: ======'carousel_item_highlighted'====== Args={'carousel': 'attract', 'direction': 'forwards', 'item': 'credits'}
2026-05-31 22:50:08,712 : INFO : SwitchController : <<<<<<< 's_flipper_right' inactive >>>>>>>
2026-05-31 22:50:08,864 : INFO : SwitchController : <<<<<<< 's_flipper_right' active >>>>>>>
2026-05-31 22:50:08,864 : INFO : EventManager : Event: ======'s_flipper_right_active'====== Args={}
2026-05-31 22:50:08,865 : INFO : EventManager : Event: ======'carousel_item_highlighted'====== Args={'carousel': 'attract', 'direction': 'forwards', 'item': 'mpf_logo'}
2026-05-31 22:50:08,930 : INFO : SwitchController : <<<<<<< 's_flipper_right' inactive >>>>>>>
2026-05-31 22:50:09,114 : INFO : SwitchController : <<<<<<< 's_flipper_right' active >>>>>>>
2026-05-31 22:50:09,115 : INFO : EventManager : Event: ======'s_flipper_right_active'====== Args={}
2026-05-31 22:50:09,115 : INFO : EventManager : Event: ======'carousel_item_highlighted'====== Args={'carousel': 'attract', 'direction': 'forwards', 'item': 'title'}
2026-05-31 22:50:09,215 : INFO : SwitchController : <<<<<<< 's_flipper_right' inactive >>>>>>>
2026-05-31 22:50:20,103 : INFO : SwitchController : <<<<<<< 's_flipper_right' active >>>>>>>
2026-05-31 22:50:20,103 : INFO : EventManager : Event: ======'s_flipper_right_active'====== Args={}
2026-05-31 22:50:20,103 : INFO : EventManager : Event: ======'carousel_item_highlighted'====== Args={'carousel': 'attract', 'direction': 'forwards', 'item': 'credits'}
2026-05-31 22:50:20,219 : INFO : SwitchController : <<<<<<< 's_flipper_right' inactive >>>>>>>
2026-05-31 22:50:20,505 : INFO : SwitchController : <<<<<<< 's_flipper_right' active >>>>>>>
2026-05-31 22:50:20,505 : INFO : EventManager : Event: ======'s_flipper_right_active'====== Args={}
2026-05-31 22:50:20,506 : INFO : EventManager : Event: ======'carousel_item_highlighted'====== Args={'carousel': 'attract', 'direction': 'forwards', 'item': 'mpf_logo'}
2026-05-31 22:50:20,555 : INFO : SwitchController : <<<<<<< 's_flipper_right' inactive >>>>>>>
2026-05-31 22:50:20,689 : INFO : SwitchController : <<<<<<< 's_flipper_right' active >>>>>>>
2026-05-31 22:50:20,689 : INFO : EventManager : Event: ======'s_flipper_right_active'====== Args={}
2026-05-31 22:50:20,690 : INFO : EventManager : Event: ======'carousel_item_highlighted'====== Args={'carousel': 'attract', 'direction': 'forwards', 'item': 'title'}
2026-05-31 22:50:20,772 : INFO : SwitchController : <<<<<<< 's_flipper_right' inactive >>>>>>>
2026-05-31 22:50:20,923 : INFO : SwitchController : <<<<<<< 's_flipper_left' active >>>>>>>
2026-05-31 22:50:20,924 : INFO : EventManager : Event: ======'s_flipper_left_active'====== Args={}
2026-05-31 22:50:20,924 : INFO : EventManager : Event: ======'carousel_item_highlighted'====== Args={'carousel': 'attract', 'direction': 'backwards', 'item': 'mpf_logo'}
2026-05-31 22:50:21,024 : INFO : SwitchController : <<<<<<< 's_flipper_left' inactive >>>>>>>
2026-05-31 22:50:21,325 : INFO : SwitchController : <<<<<<< 's_flipper_left' active >>>>>>>
2026-05-31 22:50:21,325 : INFO : EventManager : Event: ======'s_flipper_left_active'====== Args={}
2026-05-31 22:50:21,326 : INFO : EventManager : Event: ======'carousel_item_highlighted'====== Args={'carousel': 'attract', 'direction': 'backwards', 'item': 'credits'}
2026-05-31 22:50:21,390 : INFO : SwitchController : <<<<<<< 's_flipper_left' inactive >>>>>>>
2026-05-31 22:50:21,474 : INFO : SwitchController : <<<<<<< 's_flipper_left' active >>>>>>>
2026-05-31 22:50:21,474 : INFO : EventManager : Event: ======'s_flipper_left_active'====== Args={}
2026-05-31 22:50:21,475 : INFO : EventManager : Event: ======'carousel_item_highlighted'====== Args={'carousel': 'attract', 'direction': 'backwards', 'item': 'title'}
2026-05-31 22:50:21,558 : INFO : SwitchController : <<<<<<< 's_flipper_left' inactive >>>>>>>
2026-05-31 22:50:21,659 : INFO : SwitchController : <<<<<<< 's_flipper_right' active >>>>>>>
2026-05-31 22:50:21,660 : INFO : EventManager : Event: ======'s_flipper_right_active'====== Args={}
2026-05-31 22:50:21,660 : INFO : EventManager : Event: ======'carousel_item_highlighted'====== Args={'carousel': 'attract', 'direction': 'forwards', 'item': 'credits'}
2026-05-31 22:50:21,742 : INFO : SwitchController : <<<<<<< 's_flipper_right' inactive >>>>>>>
2026-05-31 22:50:21,843 : INFO : SwitchController : <<<<<<< 's_flipper_right' active >>>>>>>
2026-05-31 22:50:21,844 : INFO : EventManager : Event: ======'s_flipper_right_active'====== Args={}
2026-05-31 22:50:21,844 : INFO : EventManager : Event: ======'carousel_item_highlighted'====== Args={'carousel': 'attract', 'direction': 'forwards', 'item': 'mpf_logo'}
2026-05-31 22:50:21,910 : INFO : SwitchController : <<<<<<< 's_flipper_right' inactive >>>>>>>
2026-05-31 22:50:22,010 : INFO : SwitchController : <<<<<<< 's_flipper_right' active >>>>>>>
2026-05-31 22:50:22,010 : INFO : EventManager : Event: ======'s_flipper_right_active'====== Args={}
2026-05-31 22:50:22,011 : INFO : EventManager : Event: ======'carousel_item_highlighted'====== Args={'carousel': 'attract', 'direction': 'forwards', 'item': 'title'}
2026-05-31 22:50:22,077 : INFO : SwitchController : <<<<<<< 's_flipper_right' inactive >>>>>>>
2026-05-31 22:50:22,160 : INFO : SwitchController : <<<<<<< 's_flipper_right' active >>>>>>>
2026-05-31 22:50:22,161 : INFO : EventManager : Event: ======'s_flipper_right_active'====== Args={}
2026-05-31 22:50:22,161 : INFO : EventManager : Event: ======'carousel_item_highlighted'====== Args={'carousel': 'attract', 'direction': 'forwards', 'item': 'credits'}
2026-05-31 22:50:22,244 : INFO : SwitchController : <<<<<<< 's_flipper_right' inactive >>>>>>>
2026-05-31 22:50:22,595 : INFO : SwitchController : <<<<<<< 's_flipper_right' active >>>>>>>
2026-05-31 22:50:22,595 : INFO : EventManager : Event: ======'s_flipper_right_active'====== Args={}
2026-05-31 22:50:22,596 : INFO : EventManager : Event: ======'carousel_item_highlighted'====== Args={'carousel': 'attract', 'direction': 'forwards', 'item': 'mpf_logo'}
2026-05-31 22:50:22,663 : INFO : SwitchController : <<<<<<< 's_flipper_right' inactive >>>>>>>
2026-05-31 22:50:22,763 : INFO : SwitchController : <<<<<<< 's_flipper_right' active >>>>>>>
2026-05-31 22:50:22,763 : INFO : EventManager : Event: ======'s_flipper_right_active'====== Args={}
2026-05-31 22:50:22,764 : INFO : EventManager : Event: ======'carousel_item_highlighted'====== Args={'carousel': 'attract', 'direction': 'forwards', 'item': 'title'}
2026-05-31 22:50:22,846 : INFO : SwitchController : <<<<<<< 's_flipper_right' inactive >>>>>>>
2026-05-31 22:50:22,913 : INFO : SwitchController : <<<<<<< 's_flipper_right' active >>>>>>>
2026-05-31 22:50:22,914 : INFO : EventManager : Event: ======'s_flipper_right_active'====== Args={}
2026-05-31 22:50:22,914 : INFO : EventManager : Event: ======'carousel_item_highlighted'====== Args={'carousel': 'attract', 'direction': 'forwards', 'item': 'credits'}
2026-05-31 22:50:22,980 : INFO : SwitchController : <<<<<<< 's_flipper_right' inactive >>>>>>>
2026-05-31 22:50:23,079 : INFO : SwitchController : <<<<<<< 's_flipper_right' active >>>>>>>
2026-05-31 22:50:23,079 : INFO : EventManager : Event: ======'s_flipper_right_active'====== Args={}
2026-05-31 22:50:23,079 : INFO : EventManager : Event: ======'carousel_item_highlighted'====== Args={'carousel': 'attract', 'direction': 'forwards', 'item': 'mpf_logo'}
2026-05-31 22:50:23,147 : INFO : SwitchController : <<<<<<< 's_flipper_right' inactive >>>>>>>
2026-05-31 22:50:23,248 : INFO : SwitchController : <<<<<<< 's_flipper_right' active >>>>>>>
2026-05-31 22:50:23,249 : INFO : EventManager : Event: ======'s_flipper_right_active'====== Args={}
2026-05-31 22:50:23,249 : INFO : EventManager : Event: ======'carousel_item_highlighted'====== Args={'carousel': 'attract', 'direction': 'forwards', 'item': 'title'}
2026-05-31 22:50:23,314 : INFO : SwitchController : <<<<<<< 's_flipper_right' inactive >>>>>>>
2026-05-31 22:50:23,415 : INFO : SwitchController : <<<<<<< 's_flipper_right' active >>>>>>>
2026-05-31 22:50:23,415 : INFO : EventManager : Event: ======'s_flipper_right_active'====== Args={}
2026-05-31 22:50:23,416 : INFO : EventManager : Event: ======'carousel_item_highlighted'====== Args={'carousel': 'attract', 'direction': 'forwards', 'item': 'credits'}
2026-05-31 22:50:23,481 : INFO : SwitchController : <<<<<<< 's_flipper_right' inactive >>>>>>>
2026-05-31 22:50:23,632 : INFO : SwitchController : <<<<<<< 's_flipper_right' active >>>>>>>
2026-05-31 22:50:23,633 : INFO : EventManager : Event: ======'s_flipper_right_active'====== Args={}
2026-05-31 22:50:23,633 : INFO : EventManager : Event: ======'carousel_item_highlighted'====== Args={'carousel': 'attract', 'direction': 'forwards', 'item': 'mpf_logo'}
2026-05-31 22:50:23,699 : INFO : SwitchController : <<<<<<< 's_flipper_right' inactive >>>>>>>
2026-05-31 22:50:24,116 : INFO : SwitchController : <<<<<<< 's_flipper_right' active >>>>>>>
2026-05-31 22:50:24,116 : INFO : EventManager : Event: ======'s_flipper_right_active'====== Args={}
2026-05-31 22:50:24,117 : INFO : EventManager : Event: ======'carousel_item_highlighted'====== Args={'carousel': 'attract', 'direction': 'forwards', 'item': 'title'}
2026-05-31 22:50:24,201 : INFO : SwitchController : <<<<<<< 's_flipper_right' inactive >>>>>>>
2026-05-31 22:50:35,115 : INFO : Machine : Shutting down...
2026-05-31 22:50:35,115 : INFO : EventManager : Event: ======'shutdown'====== Args={}
2026-05-31 22:50:35,124 : INFO : root : MPF run loop ended.
