2026-05-20 20:40:11,520 : INFO : root : Loading config.
2026-05-20 20:40:11,524 : INFO : YamlMultifileConfigLoader : Machine config file #1: config.yaml
2026-05-20 20:40:11,525 : INFO : ConfigProcessor : Loading config from cache: C:\Users\mpf\AppData\Local\Temp\79c4d80ce629f23fc794c150aa180213.mpf_cache
2026-05-20 20:40:11,651 : INFO : ConfigProcessor : Loading config from cache: C:\Users\mpf\AppData\Local\Temp\7e0b951d6590b841dca7e21104841ff3.mpf_cache
2026-05-20 20:40:11,652 : INFO : ConfigProcessor : Loading config from cache: C:\Users\mpf\AppData\Local\Temp\7619cb164ca9753a8c8174f599337faf.mpf_cache
2026-05-20 20:40:11,652 : INFO : ConfigProcessor : Loading config from cache: C:\Users\mpf\AppData\Local\Temp\7e0b951d6590b841dca7e21104841ff3.mpf_cache
2026-05-20 20:40:11,653 : INFO : ConfigProcessor : Loading config from cache: C:\Users\mpf\AppData\Local\Temp\e17831009a0d4b99b759e461e9901fd1.mpf_cache
2026-05-20 20:40:11,654 : INFO : Machine : Mission Pinball Framework Core Engine v0.81.0.dev1
2026-05-20 20:40:11,654 : INFO : Machine : Command line arguments: {'no_load_cache': False, 'create_config_cache': True, 'bcp': True, 'configfile': ['config.yaml'], 'force_assets_load': False, 'platform_integration_test': False, 'jsonlogging': False, 'logfile': 'logs\\2026-05-20-20-40-11-mpf-DESKTOP-OC28BPB.log', 'pause': False, 'production': False, 'text_ui': False, 'loglevel': 15, 'consoleloglevel': 20, 'force_platform': 'virtual', 'syslog_address': None, 'full_logfile_path': 'C:\\users\\mpf\\documents\\wcgpin1\\logs\\2026-05-20-20-40-11-mpf-DESKTOP-OC28BPB.log'}
2026-05-20 20:40:11,654 : INFO : Machine : MPF path: C:\users\mpf\mpfven\Lib\site-packages\mpf
2026-05-20 20:40:11,654 : INFO : Machine : Machine path: C:\users\mpf\documents\wcgpin1
2026-05-20 20:40:11,654 : INFO : Machine : Platform: win32
2026-05-20 20:40:11,654 : INFO : Machine : Python executable location: C:\users\mpf\mpfven\Scripts\python.exe
2026-05-20 20:40:11,654 : INFO : Machine : Python version: 3.13.12 (64-bit)
2026-05-20 20:40:11,656 : INFO : Machine : Initializing MPF...
2026-05-20 20:40:11,764 : INFO : EventManager : Event: ======'machine_var_credits_string'====== Args={'value': 'FREE PLAY', 'prev_value': None, 'change': True}
2026-05-20 20:40:11,788 : INFO : EventManager : Event: ======'machine_var_master_volume'====== Args={'value': 0.5, 'prev_value': None, 'change': True}
2026-05-20 20:40:11,788 : INFO : EventManager : Event: ======'machine_var_mpf_version'====== Args={'value': 'Mission Pinball Framework v0.81.0.dev1', 'prev_value': None, 'change': True}
2026-05-20 20:40:11,788 : INFO : EventManager : Event: ======'machine_var_mpf_extended_version'====== Args={'value': 'Mission Pinball Framework v0.81.0.dev1, Config version:6, Show version: 6, BCP version:1.1', 'prev_value': None, 'change': True}
2026-05-20 20:40:11,789 : INFO : EventManager : Event: ======'machine_var_python_version'====== Args={'value': '3.13.12', 'prev_value': None, 'change': True}
2026-05-20 20:40:11,869 : INFO : EventManager : Event: ======'machine_var_platform'====== Args={'value': 'Windows-11-10.0.26200-SP0', 'prev_value': None, 'change': True}
2026-05-20 20:40:11,869 : INFO : EventManager : Event: ======'machine_var_platform_system'====== Args={'value': 'Windows', 'prev_value': None, 'change': True}
2026-05-20 20:40:11,869 : INFO : EventManager : Event: ======'machine_var_platform_release'====== Args={'value': '11', 'prev_value': None, 'change': True}
2026-05-20 20:40:11,869 : INFO : EventManager : Event: ======'machine_var_platform_version'====== Args={'value': '10.0.26200', 'prev_value': None, 'change': True}
2026-05-20 20:40:11,869 : INFO : EventManager : Event: ======'machine_var_platform_machine'====== Args={'value': 'AMD64', 'prev_value': None, 'change': True}
2026-05-20 20:40:11,870 : INFO : EventManager : Event: ======'machine_var_log_file_path'====== Args={'value': 'C:\\users\\mpf\\documents\\wcgpin1\\logs\\2026-05-20-20-40-11-mpf-DESKTOP-OC28BPB.log', 'prev_value': None, 'change': True}
2026-05-20 20:40:11,870 : INFO : EventManager : Event: ======'init_phase_1'====== Args={}
2026-05-20 20:40:11,887 : INFO : EventManager : Event: ======'init_phase_2'====== Args={}
2026-05-20 20:40:11,889 : INFO : EventManager : Event: ======'bcp_connection_attempt'====== Args={'name': 'local_display', 'host': 'localhost', 'port': 5050}
2026-05-20 20:40:11,890 : INFO : BCPClientSocket : Connecting BCP to 'local_display' at localhost:5050...
2026-05-20 20:40:11,899 : INFO : BCPClientSocket : Connected BCP to 'local_display' localhost:5050
2026-05-20 20:40:11,900 : INFO : EventManager : Event: ======'bcp_clients_connected'====== Args={}
2026-05-20 20:40:11,900 : INFO : ball_device.bd_plunger : BCH: Initial count: 0
2026-05-20 20:40:11,900 : INFO : ball_device.bd_plunger : State: idle
2026-05-20 20:40:11,901 : INFO : ball_device.bd_trough : BCH: Initial count: 0
2026-05-20 20:40:11,901 : INFO : ball_device.bd_trough : State: idle
2026-05-20 20:40:11,910 : INFO : EventManager : Event: ======'init_phase_3'====== Args={}
2026-05-20 20:40:11,912 : INFO : EventManager : Event: ======'init_phase_4'====== Args={}
2026-05-20 20:40:11,913 : INFO : BallController : Initial balls found: 0
2026-05-20 20:40:11,913 : INFO : EventManager : Event: ======'machine_var_audits_switches_s_plunger_lane'====== Args={'value': 0, 'prev_value': None, 'change': True}
2026-05-20 20:40:11,914 : INFO : EventManager : Event: ======'machine_var_audits_switches_s_flipper_right'====== Args={'value': 0, 'prev_value': None, 'change': True}
2026-05-20 20:40:11,914 : INFO : EventManager : Event: ======'machine_var_audits_switches_s_trough_3'====== Args={'value': 0, 'prev_value': None, 'change': True}
2026-05-20 20:40:11,914 : INFO : EventManager : Event: ======'machine_var_audits_switches_s_flipper_left'====== Args={'value': 0, 'prev_value': None, 'change': True}
2026-05-20 20:40:11,914 : INFO : EventManager : Event: ======'machine_var_audits_switches_s_trough_1'====== Args={'value': 0, 'prev_value': None, 'change': True}
2026-05-20 20:40:11,914 : INFO : EventManager : Event: ======'machine_var_audits_switches_s_trough_2'====== Args={'value': 0, 'prev_value': None, 'change': True}
2026-05-20 20:40:11,914 : INFO : EventManager : Event: ======'machine_var_audits_events_game_started'====== Args={'value': 0, 'prev_value': None, 'change': True}
2026-05-20 20:40:11,914 : INFO : EventManager : Event: ======'machine_var_audits_events_game_ended'====== Args={'value': 0, 'prev_value': None, 'change': True}
2026-05-20 20:40:11,914 : INFO : EventManager : Event: ======'machine_var_audits_player_score'====== Args={'value': {'top': [], 'average': 0, 'total': 0}, 'prev_value': None, 'change': True}
2026-05-20 20:40:11,914 : INFO : EventManager : Event: ======'init_phase_5'====== Args={}
2026-05-20 20:40:11,914 : INFO : EventManager : Event: ======'init_done'====== Args={}
2026-05-20 20:40:11,914 : INFO : EventManager : Event: ======'machine_reset_phase_1'====== Args={}
2026-05-20 20:40:11,922 : INFO : EventManager : Event: ======'machine_reset_phase_2'====== Args={}
2026-05-20 20:40:11,922 : INFO : EventManager : Event: ======'machine_reset_phase_3'====== Args={}
2026-05-20 20:40:11,923 : INFO : EventManager : Event: ======'reset_complete'====== Args={}
2026-05-20 20:40:11,923 : INFO : EventManager : Event: ======'mode_attract_will_start'====== Args={}
2026-05-20 20:40:11,923 : INFO : EventManager : Event: ======'mode_attract_starting'====== Args={}
2026-05-20 20:40:11,924 : INFO : Mode.attract : Started. Priority: 10
2026-05-20 20:40:11,924 : INFO : EventManager : Event: ======'modes_active_modes_changed'====== Args={}
2026-05-20 20:40:11,924 : INFO : EventManager : Event: ======'mode_attract_started'====== Args={}
2026-05-20 20:40:11,924 : INFO : EventManager : Event: ======'collecting_balls_complete'====== Args={}
2026-05-20 20:40:11,924 : INFO : EventManager : Event: ======'carousel_item_highlighted'====== Args={'carousel': 'attract', 'direction': None, 'item': 'title'}
2026-05-20 20:40:11,925 : INFO : Machine : Starting the main run loop with active modes: [<Mode.attract>]
2026-05-20 20:40:11,953 : INFO : EventManager : Event: ======'slide_attract_created'====== Args={'_from_bcp': True}
2026-05-20 20:40:11,953 : INFO : EventManager : Event: ======'slide__removed'====== Args={'_from_bcp': True}
2026-05-20 20:40:11,954 : INFO : EventManager : Event: ======'slide_attract_active'====== Args={'original_context': 'attract', 'original_calling_context': 'mode_attract_started', 'priority': 10.0, 'cmd': 'slides_play', '_from_bcp': True}
2026-05-20 20:40:18,499 : INFO : SwitchController : <<<<<<< 's_flipper_right' active >>>>>>>
2026-05-20 20:40:18,500 : INFO : EventManager : Event: ======'s_flipper_right_active'====== Args={}
2026-05-20 20:40:18,500 : INFO : EventManager : Event: ======'carousel_item_highlighted'====== Args={'carousel': 'attract', 'direction': 'forwards', 'item': 'credits'}
2026-05-20 20:40:18,565 : INFO : SwitchController : <<<<<<< 's_flipper_right' inactive >>>>>>>
2026-05-20 20:40:19,067 : INFO : SwitchController : <<<<<<< 's_flipper_right' active >>>>>>>
2026-05-20 20:40:19,067 : INFO : EventManager : Event: ======'s_flipper_right_active'====== Args={}
2026-05-20 20:40:19,068 : INFO : EventManager : Event: ======'carousel_item_highlighted'====== Args={'carousel': 'attract', 'direction': 'forwards', 'item': 'mpf_logo'}
2026-05-20 20:40:19,116 : INFO : SwitchController : <<<<<<< 's_flipper_right' inactive >>>>>>>
2026-05-20 20:40:19,818 : INFO : SwitchController : <<<<<<< 's_flipper_right' active >>>>>>>
2026-05-20 20:40:19,819 : INFO : EventManager : Event: ======'s_flipper_right_active'====== Args={}
2026-05-20 20:40:19,819 : INFO : EventManager : Event: ======'carousel_item_highlighted'====== Args={'carousel': 'attract', 'direction': 'forwards', 'item': 'title'}
2026-05-20 20:40:19,887 : INFO : SwitchController : <<<<<<< 's_flipper_right' inactive >>>>>>>
2026-05-20 20:40:20,287 : INFO : SwitchController : <<<<<<< 's_flipper_right' active >>>>>>>
2026-05-20 20:40:20,288 : INFO : EventManager : Event: ======'s_flipper_right_active'====== Args={}
2026-05-20 20:40:20,288 : INFO : EventManager : Event: ======'carousel_item_highlighted'====== Args={'carousel': 'attract', 'direction': 'forwards', 'item': 'credits'}
2026-05-20 20:40:20,354 : INFO : SwitchController : <<<<<<< 's_flipper_right' inactive >>>>>>>
2026-05-20 20:40:20,572 : INFO : SwitchController : <<<<<<< 's_flipper_right' active >>>>>>>
2026-05-20 20:40:20,572 : INFO : EventManager : Event: ======'s_flipper_right_active'====== Args={}
2026-05-20 20:40:20,572 : INFO : EventManager : Event: ======'carousel_item_highlighted'====== Args={'carousel': 'attract', 'direction': 'forwards', 'item': 'mpf_logo'}
2026-05-20 20:40:20,655 : INFO : SwitchController : <<<<<<< 's_flipper_right' inactive >>>>>>>
2026-05-20 20:40:20,756 : INFO : SwitchController : <<<<<<< 's_flipper_right' active >>>>>>>
2026-05-20 20:40:20,757 : INFO : EventManager : Event: ======'s_flipper_right_active'====== Args={}
2026-05-20 20:40:20,757 : INFO : EventManager : Event: ======'carousel_item_highlighted'====== Args={'carousel': 'attract', 'direction': 'forwards', 'item': 'title'}
2026-05-20 20:40:20,838 : INFO : SwitchController : <<<<<<< 's_flipper_right' inactive >>>>>>>
2026-05-20 20:40:20,939 : INFO : SwitchController : <<<<<<< 's_flipper_right' active >>>>>>>
2026-05-20 20:40:20,940 : INFO : EventManager : Event: ======'s_flipper_right_active'====== Args={}
2026-05-20 20:40:20,940 : INFO : EventManager : Event: ======'carousel_item_highlighted'====== Args={'carousel': 'attract', 'direction': 'forwards', 'item': 'credits'}
2026-05-20 20:40:21,007 : INFO : SwitchController : <<<<<<< 's_flipper_right' inactive >>>>>>>
2026-05-20 20:40:21,107 : INFO : SwitchController : <<<<<<< 's_flipper_right' active >>>>>>>
2026-05-20 20:40:21,107 : INFO : EventManager : Event: ======'s_flipper_right_active'====== Args={}
2026-05-20 20:40:21,108 : INFO : EventManager : Event: ======'carousel_item_highlighted'====== Args={'carousel': 'attract', 'direction': 'forwards', 'item': 'mpf_logo'}
2026-05-20 20:40:21,192 : INFO : SwitchController : <<<<<<< 's_flipper_right' inactive >>>>>>>
2026-05-20 20:40:21,291 : INFO : SwitchController : <<<<<<< 's_flipper_right' active >>>>>>>
2026-05-20 20:40:21,291 : INFO : EventManager : Event: ======'s_flipper_right_active'====== Args={}
2026-05-20 20:40:21,292 : INFO : EventManager : Event: ======'carousel_item_highlighted'====== Args={'carousel': 'attract', 'direction': 'forwards', 'item': 'title'}
2026-05-20 20:40:21,356 : INFO : SwitchController : <<<<<<< 's_flipper_right' inactive >>>>>>>
2026-05-20 20:40:21,441 : INFO : SwitchController : <<<<<<< 's_flipper_right' active >>>>>>>
2026-05-20 20:40:21,442 : INFO : EventManager : Event: ======'s_flipper_right_active'====== Args={}
2026-05-20 20:40:21,442 : INFO : EventManager : Event: ======'carousel_item_highlighted'====== Args={'carousel': 'attract', 'direction': 'forwards', 'item': 'credits'}
2026-05-20 20:40:21,525 : INFO : SwitchController : <<<<<<< 's_flipper_right' inactive >>>>>>>
2026-05-20 20:40:21,626 : INFO : SwitchController : <<<<<<< 's_flipper_right' active >>>>>>>
2026-05-20 20:40:21,626 : INFO : EventManager : Event: ======'s_flipper_right_active'====== Args={}
2026-05-20 20:40:21,627 : INFO : EventManager : Event: ======'carousel_item_highlighted'====== Args={'carousel': 'attract', 'direction': 'forwards', 'item': 'mpf_logo'}
2026-05-20 20:40:21,692 : INFO : SwitchController : <<<<<<< 's_flipper_right' inactive >>>>>>>
2026-05-20 20:40:21,794 : INFO : SwitchController : <<<<<<< 's_flipper_right' active >>>>>>>
2026-05-20 20:40:21,795 : INFO : EventManager : Event: ======'s_flipper_right_active'====== Args={}
2026-05-20 20:40:21,796 : INFO : EventManager : Event: ======'carousel_item_highlighted'====== Args={'carousel': 'attract', 'direction': 'forwards', 'item': 'title'}
2026-05-20 20:40:21,876 : INFO : SwitchController : <<<<<<< 's_flipper_right' inactive >>>>>>>
2026-05-20 20:40:21,977 : INFO : SwitchController : <<<<<<< 's_flipper_right' active >>>>>>>
2026-05-20 20:40:21,977 : INFO : EventManager : Event: ======'s_flipper_right_active'====== Args={}
2026-05-20 20:40:21,978 : INFO : EventManager : Event: ======'carousel_item_highlighted'====== Args={'carousel': 'attract', 'direction': 'forwards', 'item': 'credits'}
2026-05-20 20:40:22,043 : INFO : SwitchController : <<<<<<< 's_flipper_right' inactive >>>>>>>
2026-05-20 20:40:22,144 : INFO : SwitchController : <<<<<<< 's_flipper_right' active >>>>>>>
2026-05-20 20:40:22,145 : INFO : EventManager : Event: ======'s_flipper_right_active'====== Args={}
2026-05-20 20:40:22,146 : INFO : EventManager : Event: ======'carousel_item_highlighted'====== Args={'carousel': 'attract', 'direction': 'forwards', 'item': 'mpf_logo'}
2026-05-20 20:40:22,227 : INFO : SwitchController : <<<<<<< 's_flipper_right' inactive >>>>>>>
2026-05-20 20:40:22,345 : INFO : SwitchController : <<<<<<< 's_flipper_right' active >>>>>>>
2026-05-20 20:40:22,346 : INFO : EventManager : Event: ======'s_flipper_right_active'====== Args={}
2026-05-20 20:40:22,346 : INFO : EventManager : Event: ======'carousel_item_highlighted'====== Args={'carousel': 'attract', 'direction': 'forwards', 'item': 'title'}
2026-05-20 20:40:22,395 : INFO : SwitchController : <<<<<<< 's_flipper_right' inactive >>>>>>>
2026-05-20 20:40:22,496 : INFO : SwitchController : <<<<<<< 's_flipper_right' active >>>>>>>
2026-05-20 20:40:22,496 : INFO : EventManager : Event: ======'s_flipper_right_active'====== Args={}
2026-05-20 20:40:22,497 : INFO : EventManager : Event: ======'carousel_item_highlighted'====== Args={'carousel': 'attract', 'direction': 'forwards', 'item': 'credits'}
2026-05-20 20:40:22,579 : INFO : SwitchController : <<<<<<< 's_flipper_right' inactive >>>>>>>
2026-05-20 20:40:22,696 : INFO : SwitchController : <<<<<<< 's_flipper_right' active >>>>>>>
2026-05-20 20:40:22,697 : INFO : EventManager : Event: ======'s_flipper_right_active'====== Args={}
2026-05-20 20:40:22,697 : INFO : EventManager : Event: ======'carousel_item_highlighted'====== Args={'carousel': 'attract', 'direction': 'forwards', 'item': 'mpf_logo'}
2026-05-20 20:40:22,746 : INFO : SwitchController : <<<<<<< 's_flipper_right' inactive >>>>>>>
2026-05-20 20:40:22,847 : INFO : SwitchController : <<<<<<< 's_flipper_right' active >>>>>>>
2026-05-20 20:40:22,847 : INFO : EventManager : Event: ======'s_flipper_right_active'====== Args={}
2026-05-20 20:40:22,848 : INFO : EventManager : Event: ======'carousel_item_highlighted'====== Args={'carousel': 'attract', 'direction': 'forwards', 'item': 'title'}
2026-05-20 20:40:22,930 : INFO : SwitchController : <<<<<<< 's_flipper_right' inactive >>>>>>>
2026-05-20 20:40:23,047 : INFO : SwitchController : <<<<<<< 's_flipper_right' active >>>>>>>
2026-05-20 20:40:23,047 : INFO : EventManager : Event: ======'s_flipper_right_active'====== Args={}
2026-05-20 20:40:23,048 : INFO : EventManager : Event: ======'carousel_item_highlighted'====== Args={'carousel': 'attract', 'direction': 'forwards', 'item': 'credits'}
2026-05-20 20:40:23,082 : INFO : SwitchController : <<<<<<< 's_flipper_right' inactive >>>>>>>
2026-05-20 20:40:23,198 : INFO : SwitchController : <<<<<<< 's_flipper_right' active >>>>>>>
2026-05-20 20:40:23,198 : INFO : EventManager : Event: ======'s_flipper_right_active'====== Args={}
2026-05-20 20:40:23,199 : INFO : EventManager : Event: ======'carousel_item_highlighted'====== Args={'carousel': 'attract', 'direction': 'forwards', 'item': 'mpf_logo'}
2026-05-20 20:40:23,281 : INFO : SwitchController : <<<<<<< 's_flipper_right' inactive >>>>>>>
2026-05-20 20:40:23,398 : INFO : SwitchController : <<<<<<< 's_flipper_right' active >>>>>>>
2026-05-20 20:40:23,399 : INFO : EventManager : Event: ======'s_flipper_right_active'====== Args={}
2026-05-20 20:40:23,399 : INFO : EventManager : Event: ======'carousel_item_highlighted'====== Args={'carousel': 'attract', 'direction': 'forwards', 'item': 'title'}
2026-05-20 20:40:23,431 : INFO : SwitchController : <<<<<<< 's_flipper_right' inactive >>>>>>>
2026-05-20 20:40:23,549 : INFO : SwitchController : <<<<<<< 's_flipper_right' active >>>>>>>
2026-05-20 20:40:23,549 : INFO : EventManager : Event: ======'s_flipper_right_active'====== Args={}
2026-05-20 20:40:23,550 : INFO : EventManager : Event: ======'carousel_item_highlighted'====== Args={'carousel': 'attract', 'direction': 'forwards', 'item': 'credits'}
2026-05-20 20:40:23,599 : INFO : SwitchController : <<<<<<< 's_flipper_right' inactive >>>>>>>
2026-05-20 20:40:23,649 : INFO : SwitchController : <<<<<<< 's_flipper_right' active >>>>>>>
2026-05-20 20:40:23,650 : INFO : EventManager : Event: ======'s_flipper_right_active'====== Args={}
2026-05-20 20:40:23,650 : INFO : EventManager : Event: ======'carousel_item_highlighted'====== Args={'carousel': 'attract', 'direction': 'forwards', 'item': 'mpf_logo'}
2026-05-20 20:40:23,767 : INFO : SwitchController : <<<<<<< 's_flipper_right' inactive >>>>>>>
2026-05-20 20:40:23,984 : INFO : SwitchController : <<<<<<< 's_flipper_right' active >>>>>>>
2026-05-20 20:40:23,984 : INFO : EventManager : Event: ======'s_flipper_right_active'====== Args={}
2026-05-20 20:40:23,985 : INFO : EventManager : Event: ======'carousel_item_highlighted'====== Args={'carousel': 'attract', 'direction': 'forwards', 'item': 'title'}
2026-05-20 20:40:24,134 : INFO : SwitchController : <<<<<<< 's_flipper_right' inactive >>>>>>>
2026-05-20 20:40:24,235 : INFO : SwitchController : <<<<<<< 's_flipper_right' active >>>>>>>
2026-05-20 20:40:24,235 : INFO : EventManager : Event: ======'s_flipper_right_active'====== Args={}
2026-05-20 20:40:24,236 : INFO : EventManager : Event: ======'carousel_item_highlighted'====== Args={'carousel': 'attract', 'direction': 'forwards', 'item': 'credits'}
2026-05-20 20:40:24,318 : INFO : SwitchController : <<<<<<< 's_flipper_right' inactive >>>>>>>
2026-05-20 20:40:24,402 : INFO : SwitchController : <<<<<<< 's_flipper_right' active >>>>>>>
2026-05-20 20:40:24,402 : INFO : EventManager : Event: ======'s_flipper_right_active'====== Args={}
2026-05-20 20:40:24,403 : INFO : EventManager : Event: ======'carousel_item_highlighted'====== Args={'carousel': 'attract', 'direction': 'forwards', 'item': 'mpf_logo'}
2026-05-20 20:40:24,502 : INFO : SwitchController : <<<<<<< 's_flipper_right' inactive >>>>>>>
2026-05-20 20:40:24,586 : INFO : SwitchController : <<<<<<< 's_flipper_right' active >>>>>>>
2026-05-20 20:40:24,586 : INFO : EventManager : Event: ======'s_flipper_right_active'====== Args={}
2026-05-20 20:40:24,587 : INFO : EventManager : Event: ======'carousel_item_highlighted'====== Args={'carousel': 'attract', 'direction': 'forwards', 'item': 'title'}
2026-05-20 20:40:24,669 : INFO : SwitchController : <<<<<<< 's_flipper_right' inactive >>>>>>>
2026-05-20 20:40:24,753 : INFO : SwitchController : <<<<<<< 's_flipper_right' active >>>>>>>
2026-05-20 20:40:24,754 : INFO : EventManager : Event: ======'s_flipper_right_active'====== Args={}
2026-05-20 20:40:24,754 : INFO : EventManager : Event: ======'carousel_item_highlighted'====== Args={'carousel': 'attract', 'direction': 'forwards', 'item': 'credits'}
2026-05-20 20:40:24,836 : INFO : SwitchController : <<<<<<< 's_flipper_right' inactive >>>>>>>
2026-05-20 20:40:24,920 : INFO : SwitchController : <<<<<<< 's_flipper_right' active >>>>>>>
2026-05-20 20:40:24,921 : INFO : EventManager : Event: ======'s_flipper_right_active'====== Args={}
2026-05-20 20:40:24,922 : INFO : EventManager : Event: ======'carousel_item_highlighted'====== Args={'carousel': 'attract', 'direction': 'forwards', 'item': 'mpf_logo'}
2026-05-20 20:40:25,004 : INFO : SwitchController : <<<<<<< 's_flipper_right' inactive >>>>>>>
2026-05-20 20:40:25,105 : INFO : SwitchController : <<<<<<< 's_flipper_right' active >>>>>>>
2026-05-20 20:40:25,105 : INFO : EventManager : Event: ======'s_flipper_right_active'====== Args={}
2026-05-20 20:40:25,106 : INFO : EventManager : Event: ======'carousel_item_highlighted'====== Args={'carousel': 'attract', 'direction': 'forwards', 'item': 'title'}
2026-05-20 20:40:25,155 : INFO : SwitchController : <<<<<<< 's_flipper_right' inactive >>>>>>>
2026-05-20 20:40:25,272 : INFO : SwitchController : <<<<<<< 's_flipper_right' active >>>>>>>
2026-05-20 20:40:25,272 : INFO : EventManager : Event: ======'s_flipper_right_active'====== Args={}
2026-05-20 20:40:25,273 : INFO : EventManager : Event: ======'carousel_item_highlighted'====== Args={'carousel': 'attract', 'direction': 'forwards', 'item': 'credits'}
2026-05-20 20:40:25,338 : INFO : SwitchController : <<<<<<< 's_flipper_right' inactive >>>>>>>
2026-05-20 20:40:27,964 : INFO : Machine : Shutting down...
2026-05-20 20:40:27,964 : INFO : EventManager : Event: ======'shutdown'====== Args={}
2026-05-20 20:40:27,969 : INFO : root : MPF run loop ended.
