2026-05-31 22:47:27,412 : INFO : root : Loading config.
2026-05-31 22:47:27,447 : INFO : YamlMultifileConfigLoader : Machine config file #1: config.yaml
2026-05-31 22:47:27,447 : INFO : ConfigProcessor : Loading config from cache: C:\Users\mpf\AppData\Local\Temp\79c4d80ce629f23fc794c150aa180213.mpf_cache
2026-05-31 22:47:27,485 : WARNING : ConfigProcessor : Config file in cache changed: C:\users\mpf\documents\wcgpin1\config\config_switches.yaml
2026-05-31 22:47:27,485 : INFO : ConfigProcessor : Loading config from file C:\users\mpf\mpfven\Lib\site-packages\mpf\mpfconfig.yaml.
2026-05-31 22:47:27,569 : INFO : ConfigProcessor : Loading config: C:\users\mpf\mpfven\Lib\site-packages\mpf\mpfconfig.yaml
2026-05-31 22:47:27,569 : INFO : ConfigProcessor : Loading config from file C:\users\mpf\documents\wcgpin1\config\config.yaml.
2026-05-31 22:47:27,591 : INFO : ConfigProcessor : Loading config: C:\users\mpf\documents\wcgpin1\config\config.yaml
2026-05-31 22:47:27,609 : INFO : ConfigProcessor : Loading config: C:\users\mpf\documents\wcgpin1\config\config_ball_devices.yaml
2026-05-31 22:47:27,631 : INFO : ConfigProcessor : Loading config: C:\users\mpf\documents\wcgpin1\config\config_coils.yaml
2026-05-31 22:47:27,655 : INFO : ConfigProcessor : Loading config: C:\users\mpf\documents\wcgpin1\config\config_switches.yaml
2026-05-31 22:47:27,657 : INFO : ConfigProcessor : Config file cache created: C:\Users\mpf\AppData\Local\Temp\79c4d80ce629f23fc794c150aa180213.mpf_cache
2026-05-31 22:47:27,777 : INFO : ConfigProcessor : Loading config from cache: C:\Users\mpf\AppData\Local\Temp\7e0b951d6590b841dca7e21104841ff3.mpf_cache
2026-05-31 22:47:27,808 : INFO : ConfigProcessor : Loading config from cache: C:\Users\mpf\AppData\Local\Temp\7619cb164ca9753a8c8174f599337faf.mpf_cache
2026-05-31 22:47:27,839 : INFO : ConfigProcessor : Loading config from cache: C:\Users\mpf\AppData\Local\Temp\7e0b951d6590b841dca7e21104841ff3.mpf_cache
2026-05-31 22:47:27,840 : INFO : ConfigProcessor : Loading config from cache: C:\Users\mpf\AppData\Local\Temp\e17831009a0d4b99b759e461e9901fd1.mpf_cache
2026-05-31 22:47:27,880 : INFO : ConfigProcessor : Loading config from cache: C:\Users\mpf\AppData\Local\Temp\b2527734cca651781ec2296cfbe7a175.mpf_cache
2026-05-31 22:47:27,915 : INFO : Machine : Mission Pinball Framework Core Engine v0.81.0.dev1
2026-05-31 22:47:27,915 : INFO : Machine : Command line arguments: {'no_load_cache': False, 'create_config_cache': True, 'bcp': False, 'configfile': ['config.yaml'], 'force_assets_load': False, 'platform_integration_test': False, 'jsonlogging': False, 'logfile': 'logs\\2026-05-31-22-47-27-mpf-DESKTOP-OC28BPB.log', 'pause': False, 'production': False, 'text_ui': False, 'loglevel': 15, 'consoleloglevel': 20, 'force_platform': 'virtual', 'syslog_address': None, 'full_logfile_path': 'C:\\users\\mpf\\documents\\wcgpin1\\logs\\2026-05-31-22-47-27-mpf-DESKTOP-OC28BPB.log'}
2026-05-31 22:47:27,915 : INFO : Machine : MPF path: C:\users\mpf\mpfven\Lib\site-packages\mpf
2026-05-31 22:47:27,915 : INFO : Machine : Machine path: C:\users\mpf\documents\wcgpin1
2026-05-31 22:47:27,915 : INFO : Machine : Platform: win32
2026-05-31 22:47:27,915 : INFO : Machine : Python executable location: C:\users\mpf\mpfven\Scripts\python.exe
2026-05-31 22:47:27,915 : INFO : Machine : Python version: 3.13.12 (64-bit)
2026-05-31 22:47:27,917 : INFO : Machine : Initializing MPF...
2026-05-31 22:47:28,343 : INFO : EventManager : Event: ======'machine_var_credits_string'====== Args={'value': 'FREE PLAY', 'prev_value': None, 'change': True}
2026-05-31 22:47:28,371 : INFO : EventManager : Event: ======'machine_var_master_volume'====== Args={'value': 0.5, 'prev_value': None, 'change': True}
2026-05-31 22:47:28,371 : INFO : EventManager : Event: ======'machine_var_mpf_version'====== Args={'value': 'Mission Pinball Framework v0.81.0.dev1', 'prev_value': None, 'change': True}
2026-05-31 22:47:28,371 : INFO : EventManager : Event: ======'machine_var_mpf_extended_version'====== Args={'value': 'Mission Pinball Framework v0.81.0.dev1, Config version:6, Show version: 6, BCP version:1.1', 'prev_value': None, 'change': True}
2026-05-31 22:47:28,371 : INFO : EventManager : Event: ======'machine_var_python_version'====== Args={'value': '3.13.12', 'prev_value': None, 'change': True}
2026-05-31 22:47:28,461 : INFO : EventManager : Event: ======'machine_var_platform'====== Args={'value': 'Windows-11-10.0.26200-SP0', 'prev_value': None, 'change': True}
2026-05-31 22:47:28,462 : INFO : EventManager : Event: ======'machine_var_platform_system'====== Args={'value': 'Windows', 'prev_value': None, 'change': True}
2026-05-31 22:47:28,462 : INFO : EventManager : Event: ======'machine_var_platform_release'====== Args={'value': '11', 'prev_value': None, 'change': True}
2026-05-31 22:47:28,462 : INFO : EventManager : Event: ======'machine_var_platform_version'====== Args={'value': '10.0.26200', 'prev_value': None, 'change': True}
2026-05-31 22:47:28,462 : INFO : EventManager : Event: ======'machine_var_platform_machine'====== Args={'value': 'AMD64', 'prev_value': None, 'change': True}
2026-05-31 22:47:28,462 : INFO : EventManager : Event: ======'machine_var_log_file_path'====== Args={'value': 'C:\\users\\mpf\\documents\\wcgpin1\\logs\\2026-05-31-22-47-27-mpf-DESKTOP-OC28BPB.log', 'prev_value': None, 'change': True}
2026-05-31 22:47:28,462 : INFO : EventManager : Event: ======'init_phase_1'====== Args={}
2026-05-31 22:47:28,485 : INFO : EventManager : Event: ======'init_phase_2'====== Args={}
2026-05-31 22:47:28,487 : INFO : ball_device.bd_plunger : BCH: Initial count: 0
2026-05-31 22:47:28,487 : INFO : ball_device.bd_plunger : State: idle
2026-05-31 22:47:28,488 : INFO : ball_device.bd_trough : BCH: Initial count: 0
2026-05-31 22:47:28,488 : INFO : ball_device.bd_trough : State: idle
2026-05-31 22:47:28,499 : INFO : EventManager : Event: ======'init_phase_3'====== Args={}
2026-05-31 22:47:28,501 : INFO : EventManager : Event: ======'init_phase_4'====== Args={}
2026-05-31 22:47:28,501 : INFO : BallController : Initial balls found: 0
2026-05-31 22:47:28,503 : INFO : EventManager : Event: ======'machine_var_audits_switches_s_flipper_left'====== Args={'value': 0, 'prev_value': None, 'change': True}
2026-05-31 22:47:28,503 : INFO : EventManager : Event: ======'machine_var_audits_switches_s_trough_2'====== Args={'value': 0, 'prev_value': None, 'change': True}
2026-05-31 22:47:28,503 : INFO : EventManager : Event: ======'machine_var_audits_switches_s_flipper_right'====== Args={'value': 0, 'prev_value': None, 'change': True}
2026-05-31 22:47:28,503 : INFO : EventManager : Event: ======'machine_var_audits_switches_s_bumper_right'====== Args={'value': 0, 'prev_value': None, 'change': True}
2026-05-31 22:47:28,503 : INFO : EventManager : Event: ======'machine_var_audits_switches_s_bumper_left'====== Args={'value': 0, 'prev_value': None, 'change': True}
2026-05-31 22:47:28,503 : INFO : EventManager : Event: ======'machine_var_audits_switches_s_left_lane'====== Args={'value': 0, 'prev_value': None, 'change': True}
2026-05-31 22:47:28,503 : INFO : EventManager : Event: ======'machine_var_audits_switches_s_plunger_lane'====== Args={'value': 0, 'prev_value': None, 'change': True}
2026-05-31 22:47:28,503 : INFO : EventManager : Event: ======'machine_var_audits_switches_s_trough_1'====== Args={'value': 0, 'prev_value': None, 'change': True}
2026-05-31 22:47:28,503 : INFO : EventManager : Event: ======'machine_var_audits_switches_s_trough_3'====== Args={'value': 0, 'prev_value': None, 'change': True}
2026-05-31 22:47:28,503 : INFO : EventManager : Event: ======'machine_var_audits_events_game_started'====== Args={'value': 0, 'prev_value': None, 'change': True}
2026-05-31 22:47:28,503 : INFO : EventManager : Event: ======'machine_var_audits_events_game_ended'====== Args={'value': 0, 'prev_value': None, 'change': True}
2026-05-31 22:47:28,504 : INFO : EventManager : Event: ======'machine_var_audits_player_score'====== Args={'value': {'top': [], 'average': 0, 'total': 0}, 'prev_value': None, 'change': True}
2026-05-31 22:47:28,504 : INFO : EventManager : Event: ======'init_phase_5'====== Args={}
2026-05-31 22:47:28,504 : INFO : EventManager : Event: ======'init_done'====== Args={}
2026-05-31 22:47:28,504 : INFO : EventManager : Event: ======'machine_reset_phase_1'====== Args={}
2026-05-31 22:47:28,504 : INFO : EventManager : Event: ======'machine_reset_phase_2'====== Args={}
2026-05-31 22:47:28,504 : INFO : EventManager : Event: ======'machine_reset_phase_3'====== Args={}
2026-05-31 22:47:28,504 : INFO : EventManager : Event: ======'reset_complete'====== Args={}
2026-05-31 22:47:28,504 : INFO : EventManager : Event: ======'mode_attract_will_start'====== Args={}
2026-05-31 22:47:28,505 : INFO : Timer.attract_carousel_timer : Starting Timer.
2026-05-31 22:47:28,505 : INFO : EventManager : Event: ======'timer_attract_carousel_timer_started'====== Args={'ticks': 0, 'ticks_remaining': 1}
2026-05-31 22:47:28,505 : INFO : EventManager : Event: ======'timer_attract_carousel_timer_tick'====== Args={'ticks': 0, 'ticks_remaining': 1}
2026-05-31 22:47:28,505 : INFO : EventManager : Event: ======'mode_attract_starting'====== Args={}
2026-05-31 22:47:28,505 : INFO : Mode.attract : Started. Priority: 10
2026-05-31 22:47:28,505 : INFO : EventManager : Event: ======'modes_active_modes_changed'====== Args={}
2026-05-31 22:47:28,505 : INFO : EventManager : Event: ======'mode_attract_started'====== Args={}
2026-05-31 22:47:28,506 : INFO : EventManager : Event: ======'collecting_balls_complete'====== Args={}
2026-05-31 22:47:28,506 : INFO : EventManager : Event: ======'carousel_item_highlighted'====== Args={'carousel': 'attract', 'direction': None, 'item': 'title'}
2026-05-31 22:47:28,506 : INFO : Machine : Starting the main run loop with active modes: [<Mode.attract>]
2026-05-31 22:47:33,521 : INFO : Timer.attract_carousel_timer : Timer Complete
2026-05-31 22:47:33,521 : INFO : Timer.attract_carousel_timer : Stopping Timer
2026-05-31 22:47:33,521 : INFO : EventManager : Event: ======'timer_attract_carousel_timer_stopped'====== Args={'ticks': 1, 'ticks_remaining': 1}
2026-05-31 22:47:33,521 : INFO : EventManager : Event: ======'timer_attract_carousel_timer_complete'====== Args={'ticks': 1, 'ticks_remaining': 1}
2026-05-31 22:47:33,521 : INFO : EventManager : Event: ======'carousel_item_highlighted'====== Args={'carousel': 'attract', 'direction': 'forwards', 'item': 'credits'}
2026-05-31 22:48:06,450 : INFO : Machine : Shutting down...
2026-05-31 22:48:06,450 : INFO : EventManager : Event: ======'shutdown'====== Args={}
2026-05-31 22:48:06,455 : INFO : root : MPF run loop ended.
