2026-05-31 23:55:40,372 : INFO : root : Loading config.
2026-05-31 23:55:40,375 : INFO : YamlMultifileConfigLoader : Machine config file #1: config.yaml
2026-05-31 23:55:40,376 : INFO : ConfigProcessor : Loading config from cache: C:\Users\mpf\AppData\Local\Temp\79c4d80ce629f23fc794c150aa180213.mpf_cache
2026-05-31 23:55:40,465 : INFO : ConfigProcessor : Loading config from cache: C:\Users\mpf\AppData\Local\Temp\7e0b951d6590b841dca7e21104841ff3.mpf_cache
2026-05-31 23:55:40,465 : INFO : ConfigProcessor : Loading config from cache: C:\Users\mpf\AppData\Local\Temp\7619cb164ca9753a8c8174f599337faf.mpf_cache
2026-05-31 23:55:40,466 : INFO : ConfigProcessor : Loading config from cache: C:\Users\mpf\AppData\Local\Temp\7e0b951d6590b841dca7e21104841ff3.mpf_cache
2026-05-31 23:55:40,466 : INFO : ConfigProcessor : Loading config from cache: C:\Users\mpf\AppData\Local\Temp\e17831009a0d4b99b759e461e9901fd1.mpf_cache
2026-05-31 23:55:40,467 : INFO : ConfigProcessor : Loading config from cache: C:\Users\mpf\AppData\Local\Temp\b2527734cca651781ec2296cfbe7a175.mpf_cache
2026-05-31 23:55:40,468 : INFO : Machine : Mission Pinball Framework Core Engine v0.81.0.dev1
2026-05-31 23:55:40,468 : INFO : Machine : Command line arguments: {'no_load_cache': False, 'create_config_cache': True, 'bcp': True, 'configfile': ['config.yaml'], 'force_assets_load': False, 'platform_integration_test': False, 'jsonlogging': False, 'logfile': 'logs\\2026-05-31-23-55-40-mpf-DESKTOP-OC28BPB.log', 'pause': False, 'production': False, 'text_ui': False, 'loglevel': 15, 'consoleloglevel': 20, 'force_platform': 'virtual', 'syslog_address': None, 'full_logfile_path': 'C:\\users\\mpf\\documents\\wcgpin1\\logs\\2026-05-31-23-55-40-mpf-DESKTOP-OC28BPB.log'}
2026-05-31 23:55:40,468 : INFO : Machine : MPF path: C:\users\mpf\mpfven\Lib\site-packages\mpf
2026-05-31 23:55:40,468 : INFO : Machine : Machine path: C:\users\mpf\documents\wcgpin1
2026-05-31 23:55:40,468 : INFO : Machine : Platform: win32
2026-05-31 23:55:40,468 : INFO : Machine : Python executable location: C:\users\mpf\mpfven\Scripts\python.exe
2026-05-31 23:55:40,468 : INFO : Machine : Python version: 3.13.12 (64-bit)
2026-05-31 23:55:40,469 : INFO : Machine : Initializing MPF...
2026-05-31 23:55:40,571 : INFO : EventManager : Event: ======'machine_var_credits_string'====== Args={'value': 'FREE PLAY', 'prev_value': None, 'change': True}
2026-05-31 23:55:40,592 : INFO : EventManager : Event: ======'machine_var_master_volume'====== Args={'value': 0.5, 'prev_value': None, 'change': True}
2026-05-31 23:55:40,592 : INFO : EventManager : Event: ======'machine_var_mpf_version'====== Args={'value': 'Mission Pinball Framework v0.81.0.dev1', 'prev_value': None, 'change': True}
2026-05-31 23:55:40,592 : INFO : EventManager : Event: ======'machine_var_mpf_extended_version'====== Args={'value': 'Mission Pinball Framework v0.81.0.dev1, Config version:6, Show version: 6, BCP version:1.1', 'prev_value': None, 'change': True}
2026-05-31 23:55:40,593 : INFO : EventManager : Event: ======'machine_var_python_version'====== Args={'value': '3.13.12', 'prev_value': None, 'change': True}
2026-05-31 23:55:40,704 : INFO : EventManager : Event: ======'machine_var_platform'====== Args={'value': 'Windows-11-10.0.26200-SP0', 'prev_value': None, 'change': True}
2026-05-31 23:55:40,704 : INFO : EventManager : Event: ======'machine_var_platform_system'====== Args={'value': 'Windows', 'prev_value': None, 'change': True}
2026-05-31 23:55:40,704 : INFO : EventManager : Event: ======'machine_var_platform_release'====== Args={'value': '11', 'prev_value': None, 'change': True}
2026-05-31 23:55:40,705 : INFO : EventManager : Event: ======'machine_var_platform_version'====== Args={'value': '10.0.26200', 'prev_value': None, 'change': True}
2026-05-31 23:55:40,705 : INFO : EventManager : Event: ======'machine_var_platform_machine'====== Args={'value': 'AMD64', 'prev_value': None, 'change': True}
2026-05-31 23:55:40,705 : INFO : EventManager : Event: ======'machine_var_log_file_path'====== Args={'value': 'C:\\users\\mpf\\documents\\wcgpin1\\logs\\2026-05-31-23-55-40-mpf-DESKTOP-OC28BPB.log', 'prev_value': None, 'change': True}
2026-05-31 23:55:40,705 : INFO : EventManager : Event: ======'init_phase_1'====== Args={}
2026-05-31 23:55:40,723 : INFO : EventManager : Event: ======'init_phase_2'====== Args={}
2026-05-31 23:55:40,724 : INFO : SwitchController : Found active switch: (1006, <Platform.Virtual>) <switch.s_trough_1>
2026-05-31 23:55:40,724 : INFO : SwitchController : Found active switch: (1007, <Platform.Virtual>) <switch.s_trough_2>
2026-05-31 23:55:40,724 : INFO : SwitchController : Found active switch: (1008, <Platform.Virtual>) <switch.s_trough_3>
2026-05-31 23:55:40,725 : INFO : EventManager : Event: ======'bcp_connection_attempt'====== Args={'name': 'local_display', 'host': 'localhost', 'port': 5050}
2026-05-31 23:55:40,726 : INFO : BCPClientSocket : Connecting BCP to 'local_display' at localhost:5050...
2026-05-31 23:55:40,737 : INFO : BCPClientSocket : Connected BCP to 'local_display' localhost:5050
2026-05-31 23:55:40,737 : INFO : EventManager : Event: ======'bcp_clients_connected'====== Args={}
2026-05-31 23:55:40,738 : INFO : ball_device.bd_plunger : BCH: Initial count: 0
2026-05-31 23:55:40,738 : INFO : ball_device.bd_plunger : State: idle
2026-05-31 23:55:40,738 : INFO : ball_device.bd_trough : BCH: Initial count: 3
2026-05-31 23:55:40,738 : INFO : ball_device.bd_trough : State: idle
2026-05-31 23:55:40,761 : INFO : EventManager : Event: ======'init_phase_3'====== Args={}
2026-05-31 23:55:40,763 : INFO : EventManager : Event: ======'init_phase_4'====== Args={}
2026-05-31 23:55:40,763 : INFO : BallController : Initial balls found: 3
2026-05-31 23:55:40,765 : INFO : EventManager : Event: ======'machine_var_audits_events_game_ended'====== Args={'value': 0, 'prev_value': None, 'change': True}
2026-05-31 23:55:40,765 : INFO : EventManager : Event: ======'machine_var_audits_events_game_started'====== Args={'value': 3, 'prev_value': None, 'change': True}
2026-05-31 23:55:40,765 : INFO : EventManager : Event: ======'machine_var_audits_missing_switches_s_flipper_left'====== Args={'value': 3, 'prev_value': None, 'change': True}
2026-05-31 23:55:40,765 : INFO : EventManager : Event: ======'machine_var_audits_missing_switches_s_flipper_right'====== Args={'value': 3, 'prev_value': None, 'change': True}
2026-05-31 23:55:40,765 : INFO : EventManager : Event: ======'machine_var_audits_missing_switches_s_left_lane'====== Args={'value': 2, 'prev_value': None, 'change': True}
2026-05-31 23:55:40,765 : INFO : EventManager : Event: ======'machine_var_audits_missing_switches_s_plunger_lane'====== Args={'value': 3, 'prev_value': None, 'change': True}
2026-05-31 23:55:40,765 : INFO : EventManager : Event: ======'machine_var_audits_missing_switches_s_start'====== Args={'value': 1, 'prev_value': None, 'change': True}
2026-05-31 23:55:40,766 : INFO : EventManager : Event: ======'machine_var_audits_missing_switches_s_trough_1'====== Args={'value': 3, 'prev_value': None, 'change': True}
2026-05-31 23:55:40,766 : INFO : EventManager : Event: ======'machine_var_audits_missing_switches_s_trough_2'====== Args={'value': 3, 'prev_value': None, 'change': True}
2026-05-31 23:55:40,766 : INFO : EventManager : Event: ======'machine_var_audits_missing_switches_s_trough_3'====== Args={'value': 3, 'prev_value': None, 'change': True}
2026-05-31 23:55:40,766 : INFO : EventManager : Event: ======'machine_var_audits_player_score'====== Args={'value': {'average': 0, 'top': [], 'total': 0}, 'prev_value': None, 'change': True}
2026-05-31 23:55:40,766 : INFO : EventManager : Event: ======'machine_var_audits_shots_bumper_left'====== Args={'value': 4, 'prev_value': None, 'change': True}
2026-05-31 23:55:40,766 : INFO : EventManager : Event: ======'machine_var_audits_shots_bumper_right'====== Args={'value': 4, 'prev_value': None, 'change': True}
2026-05-31 23:55:40,766 : INFO : EventManager : Event: ======'machine_var_audits_switches_s_bumper_left'====== Args={'value': 4, 'prev_value': None, 'change': True}
2026-05-31 23:55:40,766 : INFO : EventManager : Event: ======'machine_var_audits_switches_s_bumper_right'====== Args={'value': 4, 'prev_value': None, 'change': True}
2026-05-31 23:55:40,766 : INFO : EventManager : Event: ======'machine_var_audits_switches_s_flipper_left'====== Args={'value': 0, 'prev_value': None, 'change': True}
2026-05-31 23:55:40,766 : INFO : EventManager : Event: ======'machine_var_audits_switches_s_flipper_right'====== Args={'value': 0, 'prev_value': None, 'change': True}
2026-05-31 23:55:40,766 : INFO : EventManager : Event: ======'machine_var_audits_switches_s_left_lane'====== Args={'value': 1, 'prev_value': None, 'change': True}
2026-05-31 23:55:40,766 : INFO : EventManager : Event: ======'machine_var_audits_switches_s_plunger_lane'====== Args={'value': 0, 'prev_value': None, 'change': True}
2026-05-31 23:55:40,766 : INFO : EventManager : Event: ======'machine_var_audits_switches_s_start'====== Args={'value': 2, 'prev_value': None, 'change': True}
2026-05-31 23:55:40,766 : INFO : EventManager : Event: ======'machine_var_audits_switches_s_trough_1'====== Args={'value': 0, 'prev_value': None, 'change': True}
2026-05-31 23:55:40,766 : INFO : EventManager : Event: ======'machine_var_audits_switches_s_trough_2'====== Args={'value': 0, 'prev_value': None, 'change': True}
2026-05-31 23:55:40,766 : INFO : EventManager : Event: ======'machine_var_audits_switches_s_trough_3'====== Args={'value': 0, 'prev_value': None, 'change': True}
2026-05-31 23:55:40,767 : INFO : EventManager : Event: ======'init_phase_5'====== Args={}
2026-05-31 23:55:40,767 : INFO : EventManager : Event: ======'init_done'====== Args={}
2026-05-31 23:55:40,767 : INFO : EventManager : Event: ======'machine_reset_phase_1'====== Args={}
2026-05-31 23:55:40,774 : INFO : EventManager : Event: ======'machine_reset_phase_2'====== Args={}
2026-05-31 23:55:40,774 : INFO : EventManager : Event: ======'machine_reset_phase_3'====== Args={}
2026-05-31 23:55:40,774 : INFO : EventManager : Event: ======'reset_complete'====== Args={}
2026-05-31 23:55:40,774 : INFO : EventManager : Event: ======'mode_attract_will_start'====== Args={}
2026-05-31 23:55:40,774 : INFO : Timer.attract_carousel_timer : Starting Timer.
2026-05-31 23:55:40,774 : INFO : EventManager : Event: ======'timer_attract_carousel_timer_started'====== Args={'ticks': 0, 'ticks_remaining': 1}
2026-05-31 23:55:40,774 : INFO : EventManager : Event: ======'timer_attract_carousel_timer_tick'====== Args={'ticks': 0, 'ticks_remaining': 1}
2026-05-31 23:55:40,775 : INFO : EventManager : Event: ======'mode_attract_starting'====== Args={}
2026-05-31 23:55:40,775 : INFO : Mode.attract : Started. Priority: 10
2026-05-31 23:55:40,775 : INFO : EventManager : Event: ======'modes_active_modes_changed'====== Args={}
2026-05-31 23:55:40,775 : INFO : EventManager : Event: ======'mode_attract_started'====== Args={}
2026-05-31 23:55:40,775 : INFO : EventManager : Event: ======'collecting_balls_complete'====== Args={}
2026-05-31 23:55:40,776 : INFO : EventManager : Event: ======'carousel_item_highlighted'====== Args={'carousel': 'attract', 'direction': None, 'item': 'title'}
2026-05-31 23:55:40,776 : INFO : EventManager : Event: ======'timer_attract_carousel_timer_tick'====== Args={'ticks': 0, 'ticks_remaining': 1}
2026-05-31 23:55:40,776 : INFO : Machine : Starting the main run loop with active modes: [<Mode.attract>]
2026-05-31 23:55:40,800 : INFO : EventManager : Event: ======'slide_attract_created'====== Args={'_from_bcp': True}
2026-05-31 23:55:40,800 : INFO : EventManager : Event: ======'slide__removed'====== Args={'_from_bcp': True}
2026-05-31 23:55:40,800 : INFO : EventManager : Event: ======'slide_attract_active'====== Args={'original_context': 'attract', 'original_calling_context': 'mode_attract_started', 'priority': 10.0, 'cmd': 'slides_play', '_from_bcp': True}
2026-05-31 23:55:44,029 : INFO : SwitchController : <<<<<<< 's_start' active >>>>>>>
2026-05-31 23:55:44,096 : INFO : SwitchController : <<<<<<< 's_start' inactive >>>>>>>
2026-05-31 23:55:44,096 : INFO : EventManager : Event: ======'request_to_start_game'====== Args={}
2026-05-31 23:55:44,097 : INFO : EventManager : Event: ======'game_start'====== Args={'buttons': [], 'hold_time': 0.06656740000471473}
2026-05-31 23:55:44,097 : INFO : EventManager : Event: ======'mode_game_will_start'====== Args={'buttons': [], 'hold_time': 0.06656740000471473}
2026-05-31 23:55:44,100 : INFO : EventManager : Event: ======'mode_game_starting'====== Args={'buttons': [], 'hold_time': 0.06656740000471473}
2026-05-31 23:55:44,100 : INFO : EventManager : Event: ======'mode_attract_will_stop'====== Args={}
2026-05-31 23:55:44,100 : INFO : EventManager : Event: ======'mode_attract_stopping'====== Args={}
2026-05-31 23:55:44,101 : INFO : Mode.attract : Stopped.
2026-05-31 23:55:44,101 : INFO : EventManager : Event: ======'modes_active_modes_changed'====== Args={}
2026-05-31 23:55:44,102 : INFO : EventManager : Event: ======'mode_attract_stopped'====== Args={}
2026-05-31 23:55:44,102 : INFO : EventManager : Event: ======'clear'====== Args={'key': 'attract'}
2026-05-31 23:55:44,102 : INFO : Timer.attract_carousel_timer : Stopping Timer
2026-05-31 23:55:44,103 : INFO : EventManager : Event: ======'timer_attract_carousel_timer_stopped'====== Args={'ticks': 0, 'ticks_remaining': 1}
2026-05-31 23:55:44,103 : INFO : Mode.game : Started. Priority: 20
2026-05-31 23:55:44,103 : INFO : EventManager : Event: ======'modes_active_modes_changed'====== Args={}
2026-05-31 23:55:44,103 : INFO : EventManager : Event: ======'mode_game_started'====== Args={'buttons': [], 'hold_time': 0.06656740000471473}
2026-05-31 23:55:44,106 : INFO : EventManager : Event: ======'game_will_start'====== Args={}
2026-05-31 23:55:44,107 : INFO : EventManager : Event: ======'game_starting'====== Args={'game': <Mode.game>}
2026-05-31 23:55:44,109 : INFO : EventManager : Unordered handler for class <Auditor> on event game_ended with priority 1. Handlers: [RegisteredHandler(callback=<bound method Auditor.disable of <Auditor>>, priority=1, kwargs={}, key=UUID('e298a0ee-8dae-44e2-a67e-0f7425c8332c'), condition=None, blocking_facility=None), RegisteredHandler(callback=<bound method Auditor._save_audits of <Auditor>>, priority=1, kwargs={}, key=UUID('59ecf581-953b-4819-85f1-63137a07dd1d'), condition=None, blocking_facility=None)]. The order of those handlers is not defined and they will be executed in random order. This might lead to race conditions and potential bugs.
2026-05-31 23:55:44,110 : INFO : EventManager : Event: ======'player_add_request'====== Args={}
2026-05-31 23:55:44,111 : INFO : EventManager : Event: ======'player_will_add'====== Args={'number': 1}
2026-05-31 23:55:44,111 : INFO : EventManager : Event: ======'player_adding'====== Args={'player': <Player 1>, 'number': 1}
2026-05-31 23:55:44,112 : INFO : EventManager : Event: ======'player_added'====== Args={'player': <Player 1>, 'num': 1}
2026-05-31 23:55:44,112 : INFO : Mode.game : Player added successfully. Total players: 1
2026-05-31 23:55:44,112 : INFO : EventManager : Event: ======'player_index'====== Args={'value': 0, 'prev_value': 0, 'change': 0, 'player_num': 1}
2026-05-31 23:55:44,113 : INFO : EventManager : Event: ======'player_number'====== Args={'value': 1, 'prev_value': 1, 'change': 0, 'player_num': 1}
2026-05-31 23:55:44,113 : INFO : EventManager : Event: ======'player_score'====== Args={'value': 0, 'prev_value': 0, 'change': 0, 'player_num': 1}
2026-05-31 23:55:44,114 : INFO : EventManager : Event: ======'game_started'====== Args={}
2026-05-31 23:55:44,116 : INFO : EventManager : Event: ======'player_turn_will_start'====== Args={'player': <Player 1>, 'number': 1}
2026-05-31 23:55:44,116 : INFO : EventManager : Event: ======'player_turn_starting'====== Args={'player': <Player 1>, 'number': 1}
2026-05-31 23:55:44,116 : INFO : EventManager : Event: ======'player_ball'====== Args={'value': 1, 'prev_value': 0, 'change': 1, 'player_num': 1}
2026-05-31 23:55:44,133 : INFO : EventManager : Event: ======'player_turn_started'====== Args={'player': <Player 1>, 'number': 1}
2026-05-31 23:55:44,135 : INFO : EventManager : Event: ======'ball_will_start'====== Args={'player': 1, 'ball': 1, 'balls_remaining': 2, 'is_extra_ball': False}
2026-05-31 23:55:44,136 : INFO : EventManager : Event: ======'ball_starting'====== Args={'player': 1, 'ball': 1, 'balls_remaining': 2, 'is_extra_ball': False}
2026-05-31 23:55:44,137 : INFO : EventManager : Event: ======'mode_base_will_start'====== Args={'queue': <QueuedEvent>, 'player': 1, 'ball': 1, 'balls_remaining': 2, 'is_extra_ball': False}
2026-05-31 23:55:44,139 : INFO : EventManager : Event: ======'mode_base_starting'====== Args={'queue': <QueuedEvent>, 'player': 1, 'ball': 1, 'balls_remaining': 2, 'is_extra_ball': False}
2026-05-31 23:55:44,140 : INFO : Mode.base : Started. Priority: 100
2026-05-31 23:55:44,140 : INFO : EventManager : Event: ======'modes_active_modes_changed'====== Args={}
2026-05-31 23:55:44,140 : INFO : EventManager : Event: ======'mode_base_started'====== Args={'queue': <QueuedEvent>, 'player': 1, 'ball': 1, 'balls_remaining': 2, 'is_extra_ball': False}
2026-05-31 23:55:44,141 : INFO : EventManager : Event: ======'start_mode_bumpers'====== Args={'priority': 0}
2026-05-31 23:55:44,141 : INFO : EventManager : Event: ======'mode_bumpers_will_start'====== Args={'priority': 0}
2026-05-31 23:55:44,142 : INFO : EventManager : Event: ======'player_shot_bumper_left_enabled'====== Args={'value': True, 'prev_value': 0, 'change': 1, 'player_num': 1}
2026-05-31 23:55:44,144 : INFO : EventManager : Event: ======'player_shot_bumper_right_enabled'====== Args={'value': True, 'prev_value': 0, 'change': 1, 'player_num': 1}
2026-05-31 23:55:44,145 : INFO : EventManager : Event: ======'bumpers_complete'====== Args={'state': 'unlit'}
2026-05-31 23:55:44,145 : INFO : EventManager : Event: ======'bumpers_unlit_complete'====== Args={}
2026-05-31 23:55:44,147 : INFO : EventManager : Event: ======'mode_bumpers_starting'====== Args={'priority': 0}
2026-05-31 23:55:44,147 : INFO : Mode.bumpers : Started. Priority: 200
2026-05-31 23:55:44,147 : INFO : EventManager : Event: ======'modes_active_modes_changed'====== Args={}
2026-05-31 23:55:44,147 : INFO : EventManager : Event: ======'mode_bumpers_started'====== Args={'priority': 0}
2026-05-31 23:55:44,148 : INFO : EventManager : Event: ======'balls_in_play'====== Args={'balls': 1}
2026-05-31 23:55:44,148 : INFO : EventManager : Event: ======'ball_started'====== Args={'player': 1, 'ball': 1, 'balls_remaining': 2, 'is_extra_ball': False}
2026-05-31 23:55:44,150 : INFO : EventManager : Event: ======'single_player_ball_started'====== Args={}
2026-05-31 23:55:44,152 : INFO : EventManager : Event: ======'ball_start_target'====== Args={'target': 'playfield'}
2026-05-31 23:55:44,152 : INFO : ball_device.bd_trough : Setting up player-controlled eject. Balls: 1, Target: <playfield.playfield>, player_controlled_eject_event: None
2026-05-31 23:55:44,152 : INFO : ball_device.bd_trough : Adding 1 ball(s) to the eject_queue with target <playfield.playfield>.
2026-05-31 23:55:44,152 : INFO : EventManager : Event: ======'balldevice_balls_available'====== Args={}
2026-05-31 23:55:44,153 : INFO : ball_device.bd_trough : State: waiting_for_target_ready
2026-05-31 23:55:44,154 : INFO : EventManager : Event: ======'balldevice_bd_trough_ball_eject_attempt'====== Args={'balls': 1, 'target': <ball_device.bd_plunger>, 'source': <ball_device.bd_trough>, 'mechanical_eject': False, 'num_attempts': 0}
2026-05-31 23:55:44,154 : INFO : ball_device.bd_plunger : State: waiting_for_ball
2026-05-31 23:55:44,155 : INFO : ball_device.bd_trough : State: ejecting
2026-05-31 23:55:44,155 : INFO : ball_device.bd_trough : Ejecting ball to <ball_device.bd_plunger>
2026-05-31 23:55:44,155 : INFO : EventManager : Event: ======'balldevice_bd_trough_ejecting_ball'====== Args={'balls': 1, 'target': <ball_device.bd_plunger>, 'source': <ball_device.bd_trough>, 'mechanical_eject': False, 'num_attempts': 0}
2026-05-31 23:55:44,156 : INFO : ball_device.bd_trough : Wait for ball to leave device
2026-05-31 23:55:44,156 : INFO : coil.c_trough_eject : Pulsing Driver for 10ms (1.0 pulse_power)
2026-05-31 23:55:44,174 : INFO : EventManager : Event: ======'slide_base_slide_created'====== Args={'_from_bcp': True}
2026-05-31 23:55:44,174 : INFO : EventManager : Event: ======'slide_attract_inactive'====== Args={'is_removing': True, '_from_bcp': True}
2026-05-31 23:55:44,174 : INFO : EventManager : Event: ======'slide_base_slide_active'====== Args={'original_context': 'base', 'original_calling_context': 'mode_base_started', 'priority': 100.0, 'queue': '<QueuedEvent>', 'player': 1.0, 'ball': 1.0, 'balls_remaining': 2.0, 'is_extra_ball': False, 'cmd': 'slides_play', '_from_bcp': True}
2026-05-31 23:55:44,175 : INFO : EventManager : Event: ======'slide_attract_removed'====== Args={'_from_bcp': True}
2026-05-31 23:55:48,361 : INFO : SwitchController : <<<<<<< 's_bumper_left' active >>>>>>>
2026-05-31 23:55:48,362 : INFO : EventManager : Event: ======'playfield_active'====== Args={'source': 'bumper_left'}
2026-05-31 23:55:48,362 : INFO : EventManager : Event: ======'unexpected_ball_on_playfield'====== Args={}
2026-05-31 23:55:48,363 : INFO : EventManager : Event: ======'s_bumper_left_active'====== Args={}
2026-05-31 23:55:48,363 : INFO : EventManager : Event: ======'machine_var_audits_switches_s_bumper_left'====== Args={'value': 5, 'prev_value': 4, 'change': 1}
2026-05-31 23:55:48,365 : INFO : EventManager : Event: ======'player_shot_bumper_left'====== Args={'value': 1, 'prev_value': 0, 'change': 1, 'player_num': 1}
2026-05-31 23:55:48,366 : INFO : EventManager : Event: ======'machine_var_audits_shots_bumper_left'====== Args={'value': 5, 'prev_value': 4, 'change': 1}
2026-05-31 23:55:48,366 : INFO : EventManager : Event: ======'bumper_left_hit'====== Args={'profile': 'default', 'state': 'unlit', 'advancing': True}
2026-05-31 23:55:48,367 : INFO : EventManager : Event: ======'bumper_left_default_hit'====== Args={'profile': 'default', 'state': 'unlit', 'advancing': True}
2026-05-31 23:55:48,367 : INFO : EventManager : Event: ======'bumper_left_default_unlit_hit'====== Args={'profile': 'default', 'state': 'unlit', 'advancing': True}
2026-05-31 23:55:48,367 : INFO : EventManager : Event: ======'bumper_left_unlit_hit'====== Args={'profile': 'default', 'state': 'unlit', 'advancing': True}
2026-05-31 23:55:48,368 : INFO : EventManager : Event: ======'bumpers_hit'====== Args={'shot': 'bumper_left'}
2026-05-31 23:55:48,368 : INFO : EventManager : Event: ======'bumpers_unlit_hit'====== Args={'shot': 'bumper_left'}
2026-05-31 23:55:48,368 : INFO : EventManager : Event: ======'player_score'====== Args={'value': 1000, 'prev_value': 0, 'change': 1000, 'player_num': 1, 'source': 'bumpers'}
2026-05-31 23:55:48,443 : INFO : SwitchController : <<<<<<< 's_bumper_right' active >>>>>>>
2026-05-31 23:55:48,444 : INFO : EventManager : Event: ======'playfield_active'====== Args={'source': 'bumper_right'}
2026-05-31 23:55:48,444 : INFO : EventManager : Event: ======'unexpected_ball_on_playfield'====== Args={}
2026-05-31 23:55:48,444 : INFO : EventManager : Event: ======'s_bumper_right_active'====== Args={}
2026-05-31 23:55:48,445 : INFO : EventManager : Event: ======'machine_var_audits_switches_s_bumper_right'====== Args={'value': 5, 'prev_value': 4, 'change': 1}
2026-05-31 23:55:48,446 : INFO : EventManager : Event: ======'player_shot_bumper_right'====== Args={'value': 1, 'prev_value': 0, 'change': 1, 'player_num': 1}
2026-05-31 23:55:48,447 : INFO : EventManager : Event: ======'machine_var_audits_shots_bumper_right'====== Args={'value': 5, 'prev_value': 4, 'change': 1}
2026-05-31 23:55:48,448 : INFO : EventManager : Event: ======'bumper_right_hit'====== Args={'profile': 'default', 'state': 'unlit', 'advancing': True}
2026-05-31 23:55:48,448 : INFO : EventManager : Event: ======'bumper_right_default_hit'====== Args={'profile': 'default', 'state': 'unlit', 'advancing': True}
2026-05-31 23:55:48,448 : INFO : EventManager : Event: ======'bumper_right_default_unlit_hit'====== Args={'profile': 'default', 'state': 'unlit', 'advancing': True}
2026-05-31 23:55:48,448 : INFO : EventManager : Event: ======'bumper_right_unlit_hit'====== Args={'profile': 'default', 'state': 'unlit', 'advancing': True}
2026-05-31 23:55:48,448 : INFO : EventManager : Event: ======'bumpers_complete'====== Args={'state': 'lit'}
2026-05-31 23:55:48,449 : INFO : EventManager : Event: ======'bumpers_lit_complete'====== Args={}
2026-05-31 23:55:48,449 : INFO : EventManager : Event: ======'bumpers_hit'====== Args={'shot': 'bumper_right'}
2026-05-31 23:55:48,449 : INFO : EventManager : Event: ======'bumpers_unlit_hit'====== Args={'shot': 'bumper_right'}
2026-05-31 23:55:48,449 : INFO : EventManager : Event: ======'player_score'====== Args={'value': 2000, 'prev_value': 1000, 'change': 1000, 'player_num': 1, 'source': 'bumpers'}
2026-05-31 23:55:48,460 : INFO : SwitchController : <<<<<<< 's_bumper_left' inactive >>>>>>>
2026-05-31 23:55:48,527 : INFO : SwitchController : <<<<<<< 's_bumper_right' inactive >>>>>>>
2026-05-31 23:55:48,745 : INFO : SwitchController : <<<<<<< 's_bumper_left' active >>>>>>>
2026-05-31 23:55:48,746 : INFO : EventManager : Event: ======'playfield_active'====== Args={'source': 'bumper_left'}
2026-05-31 23:55:48,746 : INFO : EventManager : Event: ======'unexpected_ball_on_playfield'====== Args={}
2026-05-31 23:55:48,746 : INFO : EventManager : Event: ======'s_bumper_left_active'====== Args={}
2026-05-31 23:55:48,747 : INFO : EventManager : Event: ======'machine_var_audits_switches_s_bumper_left'====== Args={'value': 6, 'prev_value': 5, 'change': 1}
2026-05-31 23:55:48,748 : INFO : EventManager : Event: ======'machine_var_audits_shots_bumper_left'====== Args={'value': 6, 'prev_value': 5, 'change': 1}
2026-05-31 23:55:48,749 : INFO : EventManager : Event: ======'bumper_left_hit'====== Args={'profile': 'default', 'state': 'lit', 'advancing': False}
2026-05-31 23:55:48,749 : INFO : EventManager : Event: ======'bumper_left_default_hit'====== Args={'profile': 'default', 'state': 'lit', 'advancing': False}
2026-05-31 23:55:48,749 : INFO : EventManager : Event: ======'bumper_left_default_lit_hit'====== Args={'profile': 'default', 'state': 'lit', 'advancing': False}
2026-05-31 23:55:48,750 : INFO : EventManager : Event: ======'bumper_left_lit_hit'====== Args={'profile': 'default', 'state': 'lit', 'advancing': False}
2026-05-31 23:55:48,750 : INFO : EventManager : Event: ======'bumpers_hit'====== Args={'shot': 'bumper_left'}
2026-05-31 23:55:48,750 : INFO : EventManager : Event: ======'bumpers_lit_hit'====== Args={'shot': 'bumper_left'}
2026-05-31 23:55:48,750 : INFO : EventManager : Event: ======'player_score'====== Args={'value': 3000, 'prev_value': 2000, 'change': 1000, 'player_num': 1, 'source': 'bumpers'}
2026-05-31 23:55:48,795 : INFO : SwitchController : <<<<<<< 's_bumper_right' active >>>>>>>
2026-05-31 23:55:48,795 : INFO : EventManager : Event: ======'playfield_active'====== Args={'source': 'bumper_right'}
2026-05-31 23:55:48,796 : INFO : EventManager : Event: ======'unexpected_ball_on_playfield'====== Args={}
2026-05-31 23:55:48,796 : INFO : EventManager : Event: ======'s_bumper_right_active'====== Args={}
2026-05-31 23:55:48,796 : INFO : EventManager : Event: ======'machine_var_audits_switches_s_bumper_right'====== Args={'value': 6, 'prev_value': 5, 'change': 1}
2026-05-31 23:55:48,798 : INFO : EventManager : Event: ======'machine_var_audits_shots_bumper_right'====== Args={'value': 6, 'prev_value': 5, 'change': 1}
2026-05-31 23:55:48,798 : INFO : EventManager : Event: ======'bumper_right_hit'====== Args={'profile': 'default', 'state': 'lit', 'advancing': False}
2026-05-31 23:55:48,799 : INFO : EventManager : Event: ======'bumper_right_default_hit'====== Args={'profile': 'default', 'state': 'lit', 'advancing': False}
2026-05-31 23:55:48,799 : INFO : EventManager : Event: ======'bumper_right_default_lit_hit'====== Args={'profile': 'default', 'state': 'lit', 'advancing': False}
2026-05-31 23:55:48,799 : INFO : EventManager : Event: ======'bumper_right_lit_hit'====== Args={'profile': 'default', 'state': 'lit', 'advancing': False}
2026-05-31 23:55:48,800 : INFO : EventManager : Event: ======'bumpers_hit'====== Args={'shot': 'bumper_right'}
2026-05-31 23:55:48,800 : INFO : EventManager : Event: ======'bumpers_lit_hit'====== Args={'shot': 'bumper_right'}
2026-05-31 23:55:48,800 : INFO : EventManager : Event: ======'player_score'====== Args={'value': 4000, 'prev_value': 3000, 'change': 1000, 'player_num': 1, 'source': 'bumpers'}
2026-05-31 23:55:48,811 : INFO : SwitchController : <<<<<<< 's_bumper_left' inactive >>>>>>>
2026-05-31 23:55:48,862 : INFO : SwitchController : <<<<<<< 's_bumper_right' inactive >>>>>>>
2026-05-31 23:55:54,165 : INFO : EventManager : Event: ======'balldevice_bd_trough_ball_eject_failed'====== Args={'target': <ball_device.bd_plunger>, 'balls': 1, 'retry': True, 'num_attempts': 1}
2026-05-31 23:55:54,167 : INFO : ball_device.bd_trough : State: waiting_for_target_ready
2026-05-31 23:55:54,167 : INFO : EventManager : Event: ======'balldevice_bd_trough_ball_eject_attempt'====== Args={'balls': 1, 'target': <ball_device.bd_plunger>, 'source': <ball_device.bd_trough>, 'mechanical_eject': False, 'num_attempts': 1}
2026-05-31 23:55:54,168 : INFO : ball_device.bd_trough : State: ejecting
2026-05-31 23:55:54,168 : INFO : ball_device.bd_trough : Ejecting ball to <ball_device.bd_plunger>
2026-05-31 23:55:54,169 : INFO : EventManager : Event: ======'balldevice_bd_trough_ejecting_ball'====== Args={'balls': 1, 'target': <ball_device.bd_plunger>, 'source': <ball_device.bd_trough>, 'mechanical_eject': False, 'num_attempts': 1}
2026-05-31 23:55:54,169 : INFO : ball_device.bd_trough : Wait for ball to leave device
2026-05-31 23:55:54,169 : INFO : coil.c_trough_eject : Pulsing Driver for 10ms (1.0 pulse_power)
2026-05-31 23:55:55,767 : INFO : Machine : Shutting down...
2026-05-31 23:55:55,767 : INFO : EventManager : Event: ======'shutdown'====== Args={}
2026-05-31 23:55:55,769 : INFO : EventManager : Event: ======'mode_game_will_stop'====== Args={}
2026-05-31 23:55:55,769 : INFO : EventManager : Event: ======'mode_game_stopping'====== Args={}
2026-05-31 23:55:55,770 : INFO : EventManager : Event: ======'mode_bumpers_will_stop'====== Args={}
2026-05-31 23:55:55,771 : INFO : EventManager : Event: ======'mode_bumpers_stopping'====== Args={}
2026-05-31 23:55:55,771 : INFO : EventManager : Event: ======'mode_base_will_stop'====== Args={}
2026-05-31 23:55:55,771 : INFO : EventManager : Event: ======'mode_base_stopping'====== Args={}
2026-05-31 23:55:55,772 : INFO : EventManager : Event: ======'stop_mode_bumpers'====== Args={'priority': 0}
2026-05-31 23:55:55,772 : INFO : Mode.base : Stopped.
2026-05-31 23:55:55,772 : INFO : EventManager : Event: ======'modes_active_modes_changed'====== Args={}
2026-05-31 23:55:55,772 : INFO : EventManager : Event: ======'mode_base_stopped'====== Args={}
2026-05-31 23:55:55,772 : INFO : EventManager : Event: ======'clear'====== Args={'key': 'base'}
2026-05-31 23:55:55,772 : INFO : Mode.bumpers : Stopped.
2026-05-31 23:55:55,772 : INFO : EventManager : Event: ======'modes_active_modes_changed'====== Args={}
2026-05-31 23:55:55,773 : INFO : EventManager : Event: ======'mode_bumpers_stopped'====== Args={}
2026-05-31 23:55:55,773 : INFO : EventManager : Event: ======'clear'====== Args={'key': 'bumpers'}
2026-05-31 23:55:55,773 : INFO : Mode.game : Stopped.
2026-05-31 23:55:55,773 : INFO : EventManager : Event: ======'modes_active_modes_changed'====== Args={}
2026-05-31 23:55:55,773 : INFO : EventManager : Event: ======'mode_game_stopped'====== Args={}
2026-05-31 23:55:55,773 : INFO : EventManager : Event: ======'clear'====== Args={'key': 'game'}
2026-05-31 23:55:55,775 : INFO : root : MPF run loop ended.
