2026-05-31 23:54:36,771 : INFO : root : Loading config.
2026-05-31 23:54:36,775 : INFO : YamlMultifileConfigLoader : Machine config file #1: config.yaml
2026-05-31 23:54:36,776 : INFO : ConfigProcessor : Loading config from cache: C:\Users\mpf\AppData\Local\Temp\79c4d80ce629f23fc794c150aa180213.mpf_cache
2026-05-31 23:54:36,864 : INFO : ConfigProcessor : Loading config from cache: C:\Users\mpf\AppData\Local\Temp\7e0b951d6590b841dca7e21104841ff3.mpf_cache
2026-05-31 23:54:36,864 : INFO : ConfigProcessor : Loading config from cache: C:\Users\mpf\AppData\Local\Temp\7619cb164ca9753a8c8174f599337faf.mpf_cache
2026-05-31 23:54:36,865 : INFO : ConfigProcessor : Loading config from cache: C:\Users\mpf\AppData\Local\Temp\7e0b951d6590b841dca7e21104841ff3.mpf_cache
2026-05-31 23:54:36,868 : INFO : ConfigProcessor : Loading config from cache: C:\Users\mpf\AppData\Local\Temp\e17831009a0d4b99b759e461e9901fd1.mpf_cache
2026-05-31 23:54:36,869 : INFO : ConfigProcessor : Loading config from cache: C:\Users\mpf\AppData\Local\Temp\b2527734cca651781ec2296cfbe7a175.mpf_cache
2026-05-31 23:54:36,869 : INFO : Machine : Mission Pinball Framework Core Engine v0.81.0.dev1
2026-05-31 23:54:36,869 : INFO : Machine : Command line arguments: {'no_load_cache': False, 'create_config_cache': True, 'bcp': True, 'configfile': ['config.yaml'], 'force_assets_load': False, 'platform_integration_test': False, 'jsonlogging': False, 'logfile': 'logs\\2026-05-31-23-54-36-mpf-DESKTOP-OC28BPB.log', 'pause': False, 'production': False, 'text_ui': False, 'loglevel': 15, 'consoleloglevel': 20, 'force_platform': 'virtual', 'syslog_address': None, 'full_logfile_path': 'C:\\users\\mpf\\documents\\wcgpin1\\logs\\2026-05-31-23-54-36-mpf-DESKTOP-OC28BPB.log'}
2026-05-31 23:54:36,869 : INFO : Machine : MPF path: C:\users\mpf\mpfven\Lib\site-packages\mpf
2026-05-31 23:54:36,869 : INFO : Machine : Machine path: C:\users\mpf\documents\wcgpin1
2026-05-31 23:54:36,869 : INFO : Machine : Platform: win32
2026-05-31 23:54:36,869 : INFO : Machine : Python executable location: C:\users\mpf\mpfven\Scripts\python.exe
2026-05-31 23:54:36,869 : INFO : Machine : Python version: 3.13.12 (64-bit)
2026-05-31 23:54:36,871 : INFO : Machine : Initializing MPF...
2026-05-31 23:54:36,971 : INFO : EventManager : Event: ======'machine_var_credits_string'====== Args={'value': 'FREE PLAY', 'prev_value': None, 'change': True}
2026-05-31 23:54:36,994 : INFO : EventManager : Event: ======'machine_var_master_volume'====== Args={'value': 0.5, 'prev_value': None, 'change': True}
2026-05-31 23:54:36,994 : INFO : EventManager : Event: ======'machine_var_mpf_version'====== Args={'value': 'Mission Pinball Framework v0.81.0.dev1', 'prev_value': None, 'change': True}
2026-05-31 23:54:36,994 : INFO : EventManager : Event: ======'machine_var_mpf_extended_version'====== Args={'value': 'Mission Pinball Framework v0.81.0.dev1, Config version:6, Show version: 6, BCP version:1.1', 'prev_value': None, 'change': True}
2026-05-31 23:54:36,995 : INFO : EventManager : Event: ======'machine_var_python_version'====== Args={'value': '3.13.12', 'prev_value': None, 'change': True}
2026-05-31 23:54:37,214 : INFO : EventManager : Event: ======'machine_var_platform'====== Args={'value': 'Windows-11-10.0.26200-SP0', 'prev_value': None, 'change': True}
2026-05-31 23:54:37,214 : INFO : EventManager : Event: ======'machine_var_platform_system'====== Args={'value': 'Windows', 'prev_value': None, 'change': True}
2026-05-31 23:54:37,214 : INFO : EventManager : Event: ======'machine_var_platform_release'====== Args={'value': '11', 'prev_value': None, 'change': True}
2026-05-31 23:54:37,214 : INFO : EventManager : Event: ======'machine_var_platform_version'====== Args={'value': '10.0.26200', 'prev_value': None, 'change': True}
2026-05-31 23:54:37,214 : INFO : EventManager : Event: ======'machine_var_platform_machine'====== Args={'value': 'AMD64', 'prev_value': None, 'change': True}
2026-05-31 23:54:37,214 : INFO : EventManager : Event: ======'machine_var_log_file_path'====== Args={'value': 'C:\\users\\mpf\\documents\\wcgpin1\\logs\\2026-05-31-23-54-36-mpf-DESKTOP-OC28BPB.log', 'prev_value': None, 'change': True}
2026-05-31 23:54:37,214 : INFO : EventManager : Event: ======'init_phase_1'====== Args={}
2026-05-31 23:54:37,234 : INFO : EventManager : Event: ======'init_phase_2'====== Args={}
2026-05-31 23:54:37,234 : INFO : SwitchController : Found active switch: (1006, <Platform.Virtual>) <switch.s_trough_1>
2026-05-31 23:54:37,234 : INFO : SwitchController : Found active switch: (1007, <Platform.Virtual>) <switch.s_trough_2>
2026-05-31 23:54:37,234 : INFO : SwitchController : Found active switch: (1008, <Platform.Virtual>) <switch.s_trough_3>
2026-05-31 23:54:37,235 : INFO : EventManager : Event: ======'bcp_connection_attempt'====== Args={'name': 'local_display', 'host': 'localhost', 'port': 5050}
2026-05-31 23:54:37,237 : INFO : BCPClientSocket : Connecting BCP to 'local_display' at localhost:5050...
2026-05-31 23:54:37,248 : INFO : BCPClientSocket : Connected BCP to 'local_display' localhost:5050
2026-05-31 23:54:37,248 : INFO : EventManager : Event: ======'bcp_clients_connected'====== Args={}
2026-05-31 23:54:37,249 : INFO : ball_device.bd_plunger : BCH: Initial count: 0
2026-05-31 23:54:37,249 : INFO : ball_device.bd_plunger : State: idle
2026-05-31 23:54:37,249 : INFO : ball_device.bd_trough : BCH: Initial count: 3
2026-05-31 23:54:37,249 : INFO : ball_device.bd_trough : State: idle
2026-05-31 23:54:37,271 : INFO : EventManager : Event: ======'init_phase_3'====== Args={}
2026-05-31 23:54:37,272 : INFO : EventManager : Event: ======'init_phase_4'====== Args={}
2026-05-31 23:54:37,273 : INFO : BallController : Initial balls found: 3
2026-05-31 23:54:37,274 : INFO : EventManager : Event: ======'machine_var_audits_events_game_ended'====== Args={'value': 0, 'prev_value': None, 'change': True}
2026-05-31 23:54:37,274 : INFO : EventManager : Event: ======'machine_var_audits_events_game_started'====== Args={'value': 2, 'prev_value': None, 'change': True}
2026-05-31 23:54:37,274 : INFO : EventManager : Event: ======'machine_var_audits_missing_switches_s_bumper_left'====== Args={'value': 1, 'prev_value': None, 'change': True}
2026-05-31 23:54:37,274 : INFO : EventManager : Event: ======'machine_var_audits_missing_switches_s_flipper_left'====== Args={'value': 2, 'prev_value': None, 'change': True}
2026-05-31 23:54:37,274 : INFO : EventManager : Event: ======'machine_var_audits_missing_switches_s_flipper_right'====== Args={'value': 2, 'prev_value': None, 'change': True}
2026-05-31 23:54:37,275 : INFO : EventManager : Event: ======'machine_var_audits_missing_switches_s_left_lane'====== Args={'value': 1, 'prev_value': None, 'change': True}
2026-05-31 23:54:37,275 : INFO : EventManager : Event: ======'machine_var_audits_missing_switches_s_plunger_lane'====== Args={'value': 2, 'prev_value': None, 'change': True}
2026-05-31 23:54:37,275 : INFO : EventManager : Event: ======'machine_var_audits_missing_switches_s_trough_1'====== Args={'value': 2, 'prev_value': None, 'change': True}
2026-05-31 23:54:37,275 : INFO : EventManager : Event: ======'machine_var_audits_missing_switches_s_trough_2'====== Args={'value': 2, 'prev_value': None, 'change': True}
2026-05-31 23:54:37,275 : INFO : EventManager : Event: ======'machine_var_audits_missing_switches_s_trough_3'====== Args={'value': 2, 'prev_value': None, 'change': True}
2026-05-31 23:54:37,276 : INFO : EventManager : Event: ======'machine_var_audits_player_score'====== Args={'value': {'average': 0, 'top': [], 'total': 0}, 'prev_value': None, 'change': True}
2026-05-31 23:54:37,276 : INFO : EventManager : Event: ======'machine_var_audits_shots_bumper_left'====== Args={'value': 1, 'prev_value': None, 'change': True}
2026-05-31 23:54:37,276 : INFO : EventManager : Event: ======'machine_var_audits_shots_bumper_right'====== Args={'value': 2, 'prev_value': None, 'change': True}
2026-05-31 23:54:37,276 : INFO : EventManager : Event: ======'machine_var_audits_switches_s_bumper_left'====== Args={'value': 1, 'prev_value': None, 'change': True}
2026-05-31 23:54:37,276 : INFO : EventManager : Event: ======'machine_var_audits_switches_s_bumper_right'====== Args={'value': 2, 'prev_value': None, 'change': True}
2026-05-31 23:54:37,276 : INFO : EventManager : Event: ======'machine_var_audits_switches_s_flipper_left'====== Args={'value': 0, 'prev_value': None, 'change': True}
2026-05-31 23:54:37,276 : INFO : EventManager : Event: ======'machine_var_audits_switches_s_flipper_right'====== Args={'value': 0, 'prev_value': None, 'change': True}
2026-05-31 23:54:37,276 : INFO : EventManager : Event: ======'machine_var_audits_switches_s_left_lane'====== Args={'value': 1, 'prev_value': None, 'change': True}
2026-05-31 23:54:37,276 : INFO : EventManager : Event: ======'machine_var_audits_switches_s_plunger_lane'====== Args={'value': 0, 'prev_value': None, 'change': True}
2026-05-31 23:54:37,276 : INFO : EventManager : Event: ======'machine_var_audits_switches_s_start'====== Args={'value': 2, 'prev_value': None, 'change': True}
2026-05-31 23:54:37,276 : INFO : EventManager : Event: ======'machine_var_audits_switches_s_trough_1'====== Args={'value': 0, 'prev_value': None, 'change': True}
2026-05-31 23:54:37,276 : INFO : EventManager : Event: ======'machine_var_audits_switches_s_trough_2'====== Args={'value': 0, 'prev_value': None, 'change': True}
2026-05-31 23:54:37,276 : INFO : EventManager : Event: ======'machine_var_audits_switches_s_trough_3'====== Args={'value': 0, 'prev_value': None, 'change': True}
2026-05-31 23:54:37,277 : INFO : EventManager : Event: ======'init_phase_5'====== Args={}
2026-05-31 23:54:37,277 : INFO : EventManager : Event: ======'init_done'====== Args={}
2026-05-31 23:54:37,277 : INFO : EventManager : Event: ======'machine_reset_phase_1'====== Args={}
2026-05-31 23:54:37,283 : INFO : EventManager : Event: ======'machine_reset_phase_2'====== Args={}
2026-05-31 23:54:37,283 : INFO : EventManager : Event: ======'machine_reset_phase_3'====== Args={}
2026-05-31 23:54:37,283 : INFO : EventManager : Event: ======'reset_complete'====== Args={}
2026-05-31 23:54:37,283 : INFO : EventManager : Event: ======'mode_attract_will_start'====== Args={}
2026-05-31 23:54:37,284 : INFO : Timer.attract_carousel_timer : Starting Timer.
2026-05-31 23:54:37,284 : INFO : EventManager : Event: ======'timer_attract_carousel_timer_started'====== Args={'ticks': 0, 'ticks_remaining': 1}
2026-05-31 23:54:37,284 : INFO : EventManager : Event: ======'timer_attract_carousel_timer_tick'====== Args={'ticks': 0, 'ticks_remaining': 1}
2026-05-31 23:54:37,285 : INFO : EventManager : Event: ======'mode_attract_starting'====== Args={}
2026-05-31 23:54:37,285 : INFO : Mode.attract : Started. Priority: 10
2026-05-31 23:54:37,285 : INFO : EventManager : Event: ======'modes_active_modes_changed'====== Args={}
2026-05-31 23:54:37,285 : INFO : EventManager : Event: ======'mode_attract_started'====== Args={}
2026-05-31 23:54:37,285 : INFO : EventManager : Event: ======'collecting_balls_complete'====== Args={}
2026-05-31 23:54:37,286 : INFO : EventManager : Event: ======'carousel_item_highlighted'====== Args={'carousel': 'attract', 'direction': None, 'item': 'title'}
2026-05-31 23:54:37,286 : INFO : EventManager : Event: ======'timer_attract_carousel_timer_tick'====== Args={'ticks': 0, 'ticks_remaining': 1}
2026-05-31 23:54:37,286 : INFO : Machine : Starting the main run loop with active modes: [<Mode.attract>]
2026-05-31 23:54:37,311 : INFO : EventManager : Event: ======'slide_attract_created'====== Args={'_from_bcp': True}
2026-05-31 23:54:37,311 : INFO : EventManager : Event: ======'slide__removed'====== Args={'_from_bcp': True}
2026-05-31 23:54:37,311 : INFO : EventManager : Event: ======'slide_attract_active'====== Args={'original_context': 'attract', 'original_calling_context': 'mode_attract_started', 'priority': 10.0, 'cmd': 'slides_play', '_from_bcp': True}
2026-05-31 23:54:42,292 : INFO : Timer.attract_carousel_timer : Timer Complete
2026-05-31 23:54:42,293 : INFO : Timer.attract_carousel_timer : Stopping Timer
2026-05-31 23:54:42,293 : INFO : EventManager : Event: ======'timer_attract_carousel_timer_stopped'====== Args={'ticks': 1, 'ticks_remaining': 1}
2026-05-31 23:54:42,293 : INFO : EventManager : Event: ======'timer_attract_carousel_timer_complete'====== Args={'ticks': 1, 'ticks_remaining': 1}
2026-05-31 23:54:42,294 : INFO : EventManager : Event: ======'carousel_item_highlighted'====== Args={'carousel': 'attract', 'direction': 'forwards', 'item': 'credits'}
2026-05-31 23:54:42,296 : INFO : Timer.attract_carousel_timer : Starting Timer.
2026-05-31 23:54:42,296 : INFO : EventManager : Event: ======'timer_attract_carousel_timer_started'====== Args={'ticks': 0, 'ticks_remaining': 1}
2026-05-31 23:54:42,297 : INFO : EventManager : Event: ======'timer_attract_carousel_timer_tick'====== Args={'ticks': 0, 'ticks_remaining': 1}
2026-05-31 23:54:42,614 : INFO : SwitchController : <<<<<<< 's_start' active >>>>>>>
2026-05-31 23:54:42,680 : INFO : SwitchController : <<<<<<< 's_start' inactive >>>>>>>
2026-05-31 23:54:42,680 : INFO : EventManager : Event: ======'request_to_start_game'====== Args={}
2026-05-31 23:54:42,681 : INFO : EventManager : Event: ======'game_start'====== Args={'buttons': [], 'hold_time': 0.0658316999906674}
2026-05-31 23:54:42,681 : INFO : EventManager : Event: ======'mode_game_will_start'====== Args={'buttons': [], 'hold_time': 0.0658316999906674}
2026-05-31 23:54:42,684 : INFO : EventManager : Event: ======'mode_game_starting'====== Args={'buttons': [], 'hold_time': 0.0658316999906674}
2026-05-31 23:54:42,685 : INFO : EventManager : Event: ======'mode_attract_will_stop'====== Args={}
2026-05-31 23:54:42,685 : INFO : EventManager : Event: ======'mode_attract_stopping'====== Args={}
2026-05-31 23:54:42,685 : INFO : Mode.attract : Stopped.
2026-05-31 23:54:42,685 : INFO : EventManager : Event: ======'modes_active_modes_changed'====== Args={}
2026-05-31 23:54:42,686 : INFO : EventManager : Event: ======'mode_attract_stopped'====== Args={}
2026-05-31 23:54:42,686 : INFO : EventManager : Event: ======'clear'====== Args={'key': 'attract'}
2026-05-31 23:54:42,686 : INFO : Timer.attract_carousel_timer : Stopping Timer
2026-05-31 23:54:42,687 : INFO : EventManager : Event: ======'timer_attract_carousel_timer_stopped'====== Args={'ticks': 0, 'ticks_remaining': 1}
2026-05-31 23:54:42,687 : INFO : Mode.game : Started. Priority: 20
2026-05-31 23:54:42,687 : INFO : EventManager : Event: ======'modes_active_modes_changed'====== Args={}
2026-05-31 23:54:42,688 : INFO : EventManager : Event: ======'mode_game_started'====== Args={'buttons': [], 'hold_time': 0.0658316999906674}
2026-05-31 23:54:42,690 : INFO : EventManager : Event: ======'game_will_start'====== Args={}
2026-05-31 23:54:42,690 : INFO : EventManager : Event: ======'game_starting'====== Args={'game': <Mode.game>}
2026-05-31 23:54:42,692 : INFO : EventManager : Unordered handler for class <Auditor> on event game_ended with priority 1. Handlers: [RegisteredHandler(callback=<bound method Auditor.disable of <Auditor>>, priority=1, kwargs={}, key=UUID('daa95af9-9824-415c-adb1-b99f1e839d49'), condition=None, blocking_facility=None), RegisteredHandler(callback=<bound method Auditor._save_audits of <Auditor>>, priority=1, kwargs={}, key=UUID('ac87d636-564b-4829-9f22-fae496261711'), condition=None, blocking_facility=None)]. The order of those handlers is not defined and they will be executed in random order. This might lead to race conditions and potential bugs.
2026-05-31 23:54:42,692 : INFO : EventManager : Event: ======'player_add_request'====== Args={}
2026-05-31 23:54:42,692 : INFO : EventManager : Event: ======'player_will_add'====== Args={'number': 1}
2026-05-31 23:54:42,692 : INFO : EventManager : Event: ======'player_adding'====== Args={'player': <Player 1>, 'number': 1}
2026-05-31 23:54:42,692 : INFO : EventManager : Event: ======'player_added'====== Args={'player': <Player 1>, 'num': 1}
2026-05-31 23:54:42,692 : INFO : Mode.game : Player added successfully. Total players: 1
2026-05-31 23:54:42,694 : INFO : EventManager : Event: ======'player_index'====== Args={'value': 0, 'prev_value': 0, 'change': 0, 'player_num': 1}
2026-05-31 23:54:42,695 : INFO : EventManager : Event: ======'player_number'====== Args={'value': 1, 'prev_value': 1, 'change': 0, 'player_num': 1}
2026-05-31 23:54:42,695 : INFO : EventManager : Event: ======'player_score'====== Args={'value': 0, 'prev_value': 0, 'change': 0, 'player_num': 1}
2026-05-31 23:54:42,696 : INFO : EventManager : Event: ======'game_started'====== Args={}
2026-05-31 23:54:42,697 : INFO : EventManager : Event: ======'player_turn_will_start'====== Args={'player': <Player 1>, 'number': 1}
2026-05-31 23:54:42,698 : INFO : EventManager : Event: ======'player_turn_starting'====== Args={'player': <Player 1>, 'number': 1}
2026-05-31 23:54:42,698 : INFO : EventManager : Event: ======'player_ball'====== Args={'value': 1, 'prev_value': 0, 'change': 1, 'player_num': 1}
2026-05-31 23:54:42,699 : INFO : EventManager : Event: ======'player_turn_started'====== Args={'player': <Player 1>, 'number': 1}
2026-05-31 23:54:42,699 : INFO : EventManager : Event: ======'ball_will_start'====== Args={'player': 1, 'ball': 1, 'balls_remaining': 2, 'is_extra_ball': False}
2026-05-31 23:54:42,699 : INFO : EventManager : Event: ======'ball_starting'====== Args={'player': 1, 'ball': 1, 'balls_remaining': 2, 'is_extra_ball': False}
2026-05-31 23:54:42,699 : INFO : EventManager : Event: ======'mode_base_will_start'====== Args={'queue': <QueuedEvent>, 'player': 1, 'ball': 1, 'balls_remaining': 2, 'is_extra_ball': False}
2026-05-31 23:54:42,705 : INFO : EventManager : Event: ======'mode_base_starting'====== Args={'queue': <QueuedEvent>, 'player': 1, 'ball': 1, 'balls_remaining': 2, 'is_extra_ball': False}
2026-05-31 23:54:42,705 : INFO : Mode.base : Started. Priority: 100
2026-05-31 23:54:42,705 : INFO : EventManager : Event: ======'modes_active_modes_changed'====== Args={}
2026-05-31 23:54:42,705 : INFO : EventManager : Event: ======'mode_base_started'====== Args={'queue': <QueuedEvent>, 'player': 1, 'ball': 1, 'balls_remaining': 2, 'is_extra_ball': False}
2026-05-31 23:54:42,706 : INFO : EventManager : Event: ======'start_mode_bumpers'====== Args={'priority': 0}
2026-05-31 23:54:42,706 : INFO : EventManager : Event: ======'mode_bumpers_will_start'====== Args={'priority': 0}
2026-05-31 23:54:42,706 : INFO : EventManager : Event: ======'player_shot_bumper_left_enabled'====== Args={'value': True, 'prev_value': 0, 'change': 1, 'player_num': 1}
2026-05-31 23:54:42,706 : INFO : EventManager : Event: ======'player_shot_bumper_right_enabled'====== Args={'value': True, 'prev_value': 0, 'change': 1, 'player_num': 1}
2026-05-31 23:54:42,706 : INFO : EventManager : Event: ======'bumpers_complete'====== Args={'state': 'unlit'}
2026-05-31 23:54:42,706 : INFO : EventManager : Event: ======'bumpers_unlit_complete'====== Args={}
2026-05-31 23:54:42,707 : INFO : EventManager : Event: ======'mode_bumpers_starting'====== Args={'priority': 0}
2026-05-31 23:54:42,707 : INFO : Mode.bumpers : Started. Priority: 200
2026-05-31 23:54:42,707 : INFO : EventManager : Event: ======'modes_active_modes_changed'====== Args={}
2026-05-31 23:54:42,707 : INFO : EventManager : Event: ======'mode_bumpers_started'====== Args={'priority': 0}
2026-05-31 23:54:42,708 : INFO : EventManager : Event: ======'balls_in_play'====== Args={'balls': 1}
2026-05-31 23:54:42,708 : INFO : EventManager : Event: ======'ball_started'====== Args={'player': 1, 'ball': 1, 'balls_remaining': 2, 'is_extra_ball': False}
2026-05-31 23:54:42,709 : INFO : EventManager : Event: ======'single_player_ball_started'====== Args={}
2026-05-31 23:54:42,710 : INFO : EventManager : Event: ======'ball_start_target'====== Args={'target': 'playfield'}
2026-05-31 23:54:42,710 : INFO : ball_device.bd_trough : Setting up player-controlled eject. Balls: 1, Target: <playfield.playfield>, player_controlled_eject_event: None
2026-05-31 23:54:42,711 : INFO : ball_device.bd_trough : Adding 1 ball(s) to the eject_queue with target <playfield.playfield>.
2026-05-31 23:54:42,711 : INFO : EventManager : Event: ======'balldevice_balls_available'====== Args={}
2026-05-31 23:54:42,713 : INFO : ball_device.bd_trough : State: waiting_for_target_ready
2026-05-31 23:54:42,713 : INFO : EventManager : Event: ======'balldevice_bd_trough_ball_eject_attempt'====== Args={'balls': 1, 'target': <ball_device.bd_plunger>, 'source': <ball_device.bd_trough>, 'mechanical_eject': False, 'num_attempts': 0}
2026-05-31 23:54:42,713 : INFO : ball_device.bd_plunger : State: waiting_for_ball
2026-05-31 23:54:42,714 : INFO : ball_device.bd_trough : State: ejecting
2026-05-31 23:54:42,714 : INFO : ball_device.bd_trough : Ejecting ball to <ball_device.bd_plunger>
2026-05-31 23:54:42,714 : INFO : EventManager : Event: ======'balldevice_bd_trough_ejecting_ball'====== Args={'balls': 1, 'target': <ball_device.bd_plunger>, 'source': <ball_device.bd_trough>, 'mechanical_eject': False, 'num_attempts': 0}
2026-05-31 23:54:42,715 : INFO : ball_device.bd_trough : Wait for ball to leave device
2026-05-31 23:54:42,715 : INFO : coil.c_trough_eject : Pulsing Driver for 10ms (1.0 pulse_power)
2026-05-31 23:54:42,737 : INFO : EventManager : Event: ======'slide_base_slide_created'====== Args={'_from_bcp': True}
2026-05-31 23:54:42,737 : INFO : EventManager : Event: ======'slide_attract_inactive'====== Args={'is_removing': True, '_from_bcp': True}
2026-05-31 23:54:42,737 : INFO : EventManager : Event: ======'slide_base_slide_active'====== Args={'original_context': 'base', 'original_calling_context': 'mode_base_started', 'priority': 100.0, 'queue': '<QueuedEvent>', 'player': 1.0, 'ball': 1.0, 'balls_remaining': 2.0, 'is_extra_ball': False, 'cmd': 'slides_play', '_from_bcp': True}
2026-05-31 23:54:42,737 : INFO : EventManager : Event: ======'slide_attract_removed'====== Args={'_from_bcp': True}
2026-05-31 23:54:47,681 : INFO : SwitchController : <<<<<<< 's_bumper_left' active >>>>>>>
2026-05-31 23:54:47,682 : INFO : EventManager : Event: ======'playfield_active'====== Args={'source': 'bumper_left'}
2026-05-31 23:54:47,682 : INFO : EventManager : Event: ======'unexpected_ball_on_playfield'====== Args={}
2026-05-31 23:54:47,683 : INFO : EventManager : Event: ======'s_bumper_left_active'====== Args={}
2026-05-31 23:54:47,683 : INFO : EventManager : Event: ======'machine_var_audits_switches_s_bumper_left'====== Args={'value': 2, 'prev_value': 1, 'change': 1}
2026-05-31 23:54:47,685 : INFO : EventManager : Event: ======'player_shot_bumper_left'====== Args={'value': 1, 'prev_value': 0, 'change': 1, 'player_num': 1}
2026-05-31 23:54:47,687 : INFO : EventManager : Event: ======'machine_var_audits_shots_bumper_left'====== Args={'value': 2, 'prev_value': 1, 'change': 1}
2026-05-31 23:54:47,688 : INFO : EventManager : Event: ======'bumper_left_hit'====== Args={'profile': 'default', 'state': 'unlit', 'advancing': True}
2026-05-31 23:54:47,688 : INFO : EventManager : Event: ======'bumper_left_default_hit'====== Args={'profile': 'default', 'state': 'unlit', 'advancing': True}
2026-05-31 23:54:47,688 : INFO : EventManager : Event: ======'bumper_left_default_unlit_hit'====== Args={'profile': 'default', 'state': 'unlit', 'advancing': True}
2026-05-31 23:54:47,688 : INFO : EventManager : Event: ======'bumper_left_unlit_hit'====== Args={'profile': 'default', 'state': 'unlit', 'advancing': True}
2026-05-31 23:54:47,689 : INFO : EventManager : Event: ======'bumpers_hit'====== Args={'shot': 'bumper_left'}
2026-05-31 23:54:47,689 : INFO : EventManager : Event: ======'bumpers_unlit_hit'====== Args={'shot': 'bumper_left'}
2026-05-31 23:54:47,690 : INFO : EventManager : Event: ======'player_score'====== Args={'value': 1000, 'prev_value': 0, 'change': 1000, 'player_num': 1, 'source': 'bumpers'}
2026-05-31 23:54:47,782 : INFO : SwitchController : <<<<<<< 's_bumper_right' active >>>>>>>
2026-05-31 23:54:47,782 : INFO : EventManager : Event: ======'playfield_active'====== Args={'source': 'bumper_right'}
2026-05-31 23:54:47,783 : INFO : EventManager : Event: ======'unexpected_ball_on_playfield'====== Args={}
2026-05-31 23:54:47,783 : INFO : EventManager : Event: ======'s_bumper_right_active'====== Args={}
2026-05-31 23:54:47,783 : INFO : EventManager : Event: ======'machine_var_audits_switches_s_bumper_right'====== Args={'value': 3, 'prev_value': 2, 'change': 1}
2026-05-31 23:54:47,785 : INFO : EventManager : Event: ======'player_shot_bumper_right'====== Args={'value': 1, 'prev_value': 0, 'change': 1, 'player_num': 1}
2026-05-31 23:54:47,786 : INFO : EventManager : Event: ======'machine_var_audits_shots_bumper_right'====== Args={'value': 3, 'prev_value': 2, 'change': 1}
2026-05-31 23:54:47,786 : INFO : EventManager : Event: ======'bumper_right_hit'====== Args={'profile': 'default', 'state': 'unlit', 'advancing': True}
2026-05-31 23:54:47,786 : INFO : EventManager : Event: ======'bumper_right_default_hit'====== Args={'profile': 'default', 'state': 'unlit', 'advancing': True}
2026-05-31 23:54:47,787 : INFO : EventManager : Event: ======'bumper_right_default_unlit_hit'====== Args={'profile': 'default', 'state': 'unlit', 'advancing': True}
2026-05-31 23:54:47,787 : INFO : EventManager : Event: ======'bumper_right_unlit_hit'====== Args={'profile': 'default', 'state': 'unlit', 'advancing': True}
2026-05-31 23:54:47,787 : INFO : EventManager : Event: ======'bumpers_complete'====== Args={'state': 'lit'}
2026-05-31 23:54:47,788 : INFO : EventManager : Event: ======'bumpers_lit_complete'====== Args={}
2026-05-31 23:54:47,788 : INFO : EventManager : Event: ======'bumpers_hit'====== Args={'shot': 'bumper_right'}
2026-05-31 23:54:47,788 : INFO : EventManager : Event: ======'bumpers_unlit_hit'====== Args={'shot': 'bumper_right'}
2026-05-31 23:54:47,788 : INFO : EventManager : Event: ======'player_score'====== Args={'value': 2000, 'prev_value': 1000, 'change': 1000, 'player_num': 1, 'source': 'bumpers'}
2026-05-31 23:54:47,814 : INFO : SwitchController : <<<<<<< 's_bumper_left' inactive >>>>>>>
2026-05-31 23:54:47,899 : INFO : SwitchController : <<<<<<< 's_bumper_right' inactive >>>>>>>
2026-05-31 23:54:47,915 : INFO : SwitchController : <<<<<<< 's_bumper_left' active >>>>>>>
2026-05-31 23:54:47,916 : INFO : EventManager : Event: ======'playfield_active'====== Args={'source': 'bumper_left'}
2026-05-31 23:54:47,916 : INFO : EventManager : Event: ======'unexpected_ball_on_playfield'====== Args={}
2026-05-31 23:54:47,916 : INFO : EventManager : Event: ======'s_bumper_left_active'====== Args={}
2026-05-31 23:54:47,917 : INFO : EventManager : Event: ======'machine_var_audits_switches_s_bumper_left'====== Args={'value': 3, 'prev_value': 2, 'change': 1}
2026-05-31 23:54:47,918 : INFO : EventManager : Event: ======'machine_var_audits_shots_bumper_left'====== Args={'value': 3, 'prev_value': 2, 'change': 1}
2026-05-31 23:54:47,919 : INFO : EventManager : Event: ======'bumper_left_hit'====== Args={'profile': 'default', 'state': 'lit', 'advancing': False}
2026-05-31 23:54:47,919 : INFO : EventManager : Event: ======'bumper_left_default_hit'====== Args={'profile': 'default', 'state': 'lit', 'advancing': False}
2026-05-31 23:54:47,920 : INFO : EventManager : Event: ======'bumper_left_default_lit_hit'====== Args={'profile': 'default', 'state': 'lit', 'advancing': False}
2026-05-31 23:54:47,920 : INFO : EventManager : Event: ======'bumper_left_lit_hit'====== Args={'profile': 'default', 'state': 'lit', 'advancing': False}
2026-05-31 23:54:47,920 : INFO : EventManager : Event: ======'bumpers_hit'====== Args={'shot': 'bumper_left'}
2026-05-31 23:54:47,920 : INFO : EventManager : Event: ======'bumpers_lit_hit'====== Args={'shot': 'bumper_left'}
2026-05-31 23:54:47,921 : INFO : EventManager : Event: ======'player_score'====== Args={'value': 3000, 'prev_value': 2000, 'change': 1000, 'player_num': 1, 'source': 'bumpers'}
2026-05-31 23:54:48,032 : INFO : SwitchController : <<<<<<< 's_bumper_right' active >>>>>>>
2026-05-31 23:54:48,033 : INFO : EventManager : Event: ======'playfield_active'====== Args={'source': 'bumper_right'}
2026-05-31 23:54:48,033 : INFO : EventManager : Event: ======'unexpected_ball_on_playfield'====== Args={}
2026-05-31 23:54:48,033 : INFO : EventManager : Event: ======'s_bumper_right_active'====== Args={}
2026-05-31 23:54:48,034 : INFO : EventManager : Event: ======'machine_var_audits_switches_s_bumper_right'====== Args={'value': 4, 'prev_value': 3, 'change': 1}
2026-05-31 23:54:48,037 : INFO : EventManager : Event: ======'machine_var_audits_shots_bumper_right'====== Args={'value': 4, 'prev_value': 3, 'change': 1}
2026-05-31 23:54:48,038 : INFO : EventManager : Event: ======'bumper_right_hit'====== Args={'profile': 'default', 'state': 'lit', 'advancing': False}
2026-05-31 23:54:48,038 : INFO : EventManager : Event: ======'bumper_right_default_hit'====== Args={'profile': 'default', 'state': 'lit', 'advancing': False}
2026-05-31 23:54:48,038 : INFO : EventManager : Event: ======'bumper_right_default_lit_hit'====== Args={'profile': 'default', 'state': 'lit', 'advancing': False}
2026-05-31 23:54:48,038 : INFO : EventManager : Event: ======'bumper_right_lit_hit'====== Args={'profile': 'default', 'state': 'lit', 'advancing': False}
2026-05-31 23:54:48,039 : INFO : EventManager : Event: ======'bumpers_hit'====== Args={'shot': 'bumper_right'}
2026-05-31 23:54:48,039 : INFO : EventManager : Event: ======'bumpers_lit_hit'====== Args={'shot': 'bumper_right'}
2026-05-31 23:54:48,039 : INFO : EventManager : Event: ======'player_score'====== Args={'value': 4000, 'prev_value': 3000, 'change': 1000, 'player_num': 1, 'source': 'bumpers'}
2026-05-31 23:54:48,048 : INFO : SwitchController : <<<<<<< 's_bumper_left' inactive >>>>>>>
2026-05-31 23:54:48,081 : INFO : SwitchController : <<<<<<< 's_bumper_left' active >>>>>>>
2026-05-31 23:54:48,082 : INFO : EventManager : Event: ======'playfield_active'====== Args={'source': 'bumper_left'}
2026-05-31 23:54:48,082 : INFO : EventManager : Event: ======'unexpected_ball_on_playfield'====== Args={}
2026-05-31 23:54:48,082 : INFO : EventManager : Event: ======'s_bumper_left_active'====== Args={}
2026-05-31 23:54:48,083 : INFO : EventManager : Event: ======'machine_var_audits_switches_s_bumper_left'====== Args={'value': 4, 'prev_value': 3, 'change': 1}
2026-05-31 23:54:48,084 : INFO : EventManager : Event: ======'machine_var_audits_shots_bumper_left'====== Args={'value': 4, 'prev_value': 3, 'change': 1}
2026-05-31 23:54:48,085 : INFO : EventManager : Event: ======'bumper_left_hit'====== Args={'profile': 'default', 'state': 'lit', 'advancing': False}
2026-05-31 23:54:48,085 : INFO : EventManager : Event: ======'bumper_left_default_hit'====== Args={'profile': 'default', 'state': 'lit', 'advancing': False}
2026-05-31 23:54:48,085 : INFO : EventManager : Event: ======'bumper_left_default_lit_hit'====== Args={'profile': 'default', 'state': 'lit', 'advancing': False}
2026-05-31 23:54:48,085 : INFO : EventManager : Event: ======'bumper_left_lit_hit'====== Args={'profile': 'default', 'state': 'lit', 'advancing': False}
2026-05-31 23:54:48,086 : INFO : EventManager : Event: ======'bumpers_hit'====== Args={'shot': 'bumper_left'}
2026-05-31 23:54:48,086 : INFO : EventManager : Event: ======'bumpers_lit_hit'====== Args={'shot': 'bumper_left'}
2026-05-31 23:54:48,086 : INFO : EventManager : Event: ======'player_score'====== Args={'value': 5000, 'prev_value': 4000, 'change': 1000, 'player_num': 1, 'source': 'bumpers'}
2026-05-31 23:54:48,098 : INFO : SwitchController : <<<<<<< 's_bumper_right' inactive >>>>>>>
2026-05-31 23:54:48,133 : INFO : SwitchController : <<<<<<< 's_bumper_left' inactive >>>>>>>
2026-05-31 23:54:52,720 : INFO : EventManager : Event: ======'balldevice_bd_trough_ball_eject_failed'====== Args={'target': <ball_device.bd_plunger>, 'balls': 1, 'retry': True, 'num_attempts': 1}
2026-05-31 23:54:52,723 : INFO : ball_device.bd_trough : State: waiting_for_target_ready
2026-05-31 23:54:52,723 : INFO : EventManager : Event: ======'balldevice_bd_trough_ball_eject_attempt'====== Args={'balls': 1, 'target': <ball_device.bd_plunger>, 'source': <ball_device.bd_trough>, 'mechanical_eject': False, 'num_attempts': 1}
2026-05-31 23:54:52,724 : INFO : ball_device.bd_trough : State: ejecting
2026-05-31 23:54:52,724 : INFO : ball_device.bd_trough : Ejecting ball to <ball_device.bd_plunger>
2026-05-31 23:54:52,724 : INFO : EventManager : Event: ======'balldevice_bd_trough_ejecting_ball'====== Args={'balls': 1, 'target': <ball_device.bd_plunger>, 'source': <ball_device.bd_trough>, 'mechanical_eject': False, 'num_attempts': 1}
2026-05-31 23:54:52,725 : INFO : ball_device.bd_trough : Wait for ball to leave device
2026-05-31 23:54:52,725 : INFO : coil.c_trough_eject : Pulsing Driver for 10ms (1.0 pulse_power)
2026-05-31 23:54:56,118 : INFO : Machine : Shutting down...
2026-05-31 23:54:56,119 : INFO : EventManager : Event: ======'shutdown'====== Args={}
2026-05-31 23:54:56,121 : INFO : EventManager : Event: ======'mode_game_will_stop'====== Args={}
2026-05-31 23:54:56,121 : INFO : EventManager : Event: ======'mode_game_stopping'====== Args={}
2026-05-31 23:54:56,123 : INFO : EventManager : Event: ======'mode_bumpers_will_stop'====== Args={}
2026-05-31 23:54:56,123 : INFO : EventManager : Event: ======'mode_bumpers_stopping'====== Args={}
2026-05-31 23:54:56,123 : INFO : EventManager : Event: ======'mode_base_will_stop'====== Args={}
2026-05-31 23:54:56,123 : INFO : EventManager : Event: ======'mode_base_stopping'====== Args={}
2026-05-31 23:54:56,125 : INFO : EventManager : Event: ======'stop_mode_bumpers'====== Args={'priority': 0}
2026-05-31 23:54:56,125 : INFO : Mode.base : Stopped.
2026-05-31 23:54:56,126 : INFO : EventManager : Event: ======'modes_active_modes_changed'====== Args={}
2026-05-31 23:54:56,126 : INFO : EventManager : Event: ======'mode_base_stopped'====== Args={}
2026-05-31 23:54:56,126 : INFO : EventManager : Event: ======'clear'====== Args={'key': 'base'}
2026-05-31 23:54:56,127 : INFO : Mode.bumpers : Stopped.
2026-05-31 23:54:56,127 : INFO : EventManager : Event: ======'modes_active_modes_changed'====== Args={}
2026-05-31 23:54:56,127 : INFO : EventManager : Event: ======'mode_bumpers_stopped'====== Args={}
2026-05-31 23:54:56,127 : INFO : EventManager : Event: ======'clear'====== Args={'key': 'bumpers'}
2026-05-31 23:54:56,128 : INFO : Mode.game : Stopped.
2026-05-31 23:54:56,128 : INFO : EventManager : Event: ======'modes_active_modes_changed'====== Args={}
2026-05-31 23:54:56,128 : INFO : EventManager : Event: ======'mode_game_stopped'====== Args={}
2026-05-31 23:54:56,128 : INFO : EventManager : Event: ======'clear'====== Args={'key': 'game'}
2026-05-31 23:54:56,135 : INFO : root : MPF run loop ended.
