2026-05-20 20:40:58,916 : INFO : root : Loading config.
2026-05-20 20:40:58,919 : INFO : YamlMultifileConfigLoader : Machine config file #1: config.yaml
2026-05-20 20:40:58,920 : INFO : ConfigProcessor : Loading config from cache: C:\Users\mpf\AppData\Local\Temp\79c4d80ce629f23fc794c150aa180213.mpf_cache
2026-05-20 20:40:59,014 : INFO : ConfigProcessor : Loading config from cache: C:\Users\mpf\AppData\Local\Temp\7e0b951d6590b841dca7e21104841ff3.mpf_cache
2026-05-20 20:40:59,015 : INFO : ConfigProcessor : Loading config from cache: C:\Users\mpf\AppData\Local\Temp\7619cb164ca9753a8c8174f599337faf.mpf_cache
2026-05-20 20:40:59,016 : INFO : ConfigProcessor : Loading config from cache: C:\Users\mpf\AppData\Local\Temp\7e0b951d6590b841dca7e21104841ff3.mpf_cache
2026-05-20 20:40:59,016 : INFO : ConfigProcessor : Loading config from cache: C:\Users\mpf\AppData\Local\Temp\e17831009a0d4b99b759e461e9901fd1.mpf_cache
2026-05-20 20:40:59,017 : INFO : Machine : Mission Pinball Framework Core Engine v0.81.0.dev1
2026-05-20 20:40:59,017 : INFO : Machine : Command line arguments: {'no_load_cache': False, 'create_config_cache': True, 'bcp': True, 'configfile': ['config.yaml'], 'force_assets_load': False, 'platform_integration_test': False, 'jsonlogging': False, 'logfile': 'logs\\2026-05-20-20-40-58-mpf-DESKTOP-OC28BPB.log', 'pause': False, 'production': False, 'text_ui': False, 'loglevel': 15, 'consoleloglevel': 20, 'force_platform': 'virtual', 'syslog_address': None, 'full_logfile_path': 'C:\\users\\mpf\\documents\\wcgpin1\\logs\\2026-05-20-20-40-58-mpf-DESKTOP-OC28BPB.log'}
2026-05-20 20:40:59,017 : INFO : Machine : MPF path: C:\users\mpf\mpfven\Lib\site-packages\mpf
2026-05-20 20:40:59,017 : INFO : Machine : Machine path: C:\users\mpf\documents\wcgpin1
2026-05-20 20:40:59,017 : INFO : Machine : Platform: win32
2026-05-20 20:40:59,017 : INFO : Machine : Python executable location: C:\users\mpf\mpfven\Scripts\python.exe
2026-05-20 20:40:59,017 : INFO : Machine : Python version: 3.13.12 (64-bit)
2026-05-20 20:40:59,019 : INFO : Machine : Initializing MPF...
2026-05-20 20:40:59,127 : INFO : EventManager : Event: ======'machine_var_credits_string'====== Args={'value': 'FREE PLAY', 'prev_value': None, 'change': True}
2026-05-20 20:40:59,149 : INFO : EventManager : Event: ======'machine_var_master_volume'====== Args={'value': 0.5, 'prev_value': None, 'change': True}
2026-05-20 20:40:59,149 : INFO : EventManager : Event: ======'machine_var_mpf_version'====== Args={'value': 'Mission Pinball Framework v0.81.0.dev1', 'prev_value': None, 'change': True}
2026-05-20 20:40:59,149 : INFO : EventManager : Event: ======'machine_var_mpf_extended_version'====== Args={'value': 'Mission Pinball Framework v0.81.0.dev1, Config version:6, Show version: 6, BCP version:1.1', 'prev_value': None, 'change': True}
2026-05-20 20:40:59,150 : INFO : EventManager : Event: ======'machine_var_python_version'====== Args={'value': '3.13.12', 'prev_value': None, 'change': True}
2026-05-20 20:40:59,269 : INFO : EventManager : Event: ======'machine_var_platform'====== Args={'value': 'Windows-11-10.0.26200-SP0', 'prev_value': None, 'change': True}
2026-05-20 20:40:59,269 : INFO : EventManager : Event: ======'machine_var_platform_system'====== Args={'value': 'Windows', 'prev_value': None, 'change': True}
2026-05-20 20:40:59,269 : INFO : EventManager : Event: ======'machine_var_platform_release'====== Args={'value': '11', 'prev_value': None, 'change': True}
2026-05-20 20:40:59,269 : INFO : EventManager : Event: ======'machine_var_platform_version'====== Args={'value': '10.0.26200', 'prev_value': None, 'change': True}
2026-05-20 20:40:59,269 : INFO : EventManager : Event: ======'machine_var_platform_machine'====== Args={'value': 'AMD64', 'prev_value': None, 'change': True}
2026-05-20 20:40:59,269 : INFO : EventManager : Event: ======'machine_var_log_file_path'====== Args={'value': 'C:\\users\\mpf\\documents\\wcgpin1\\logs\\2026-05-20-20-40-58-mpf-DESKTOP-OC28BPB.log', 'prev_value': None, 'change': True}
2026-05-20 20:40:59,269 : INFO : EventManager : Event: ======'init_phase_1'====== Args={}
2026-05-20 20:40:59,291 : INFO : EventManager : Event: ======'init_phase_2'====== Args={}
2026-05-20 20:40:59,292 : INFO : EventManager : Event: ======'bcp_connection_attempt'====== Args={'name': 'local_display', 'host': 'localhost', 'port': 5050}
2026-05-20 20:40:59,294 : INFO : BCPClientSocket : Connecting BCP to 'local_display' at localhost:5050...
2026-05-20 20:40:59,304 : INFO : BCPClientSocket : Connected BCP to 'local_display' localhost:5050
2026-05-20 20:40:59,305 : INFO : EventManager : Event: ======'bcp_clients_connected'====== Args={}
2026-05-20 20:40:59,306 : INFO : ball_device.bd_plunger : BCH: Initial count: 0
2026-05-20 20:40:59,306 : INFO : ball_device.bd_plunger : State: idle
2026-05-20 20:40:59,306 : INFO : ball_device.bd_trough : BCH: Initial count: 0
2026-05-20 20:40:59,307 : INFO : ball_device.bd_trough : State: idle
2026-05-20 20:40:59,315 : INFO : EventManager : Event: ======'init_phase_3'====== Args={}
2026-05-20 20:40:59,317 : INFO : EventManager : Event: ======'init_phase_4'====== Args={}
2026-05-20 20:40:59,318 : INFO : BallController : Initial balls found: 0
2026-05-20 20:40:59,318 : INFO : EventManager : Event: ======'machine_var_audits_switches_s_trough_2'====== Args={'value': 0, 'prev_value': None, 'change': True}
2026-05-20 20:40:59,319 : INFO : EventManager : Event: ======'machine_var_audits_switches_s_flipper_right'====== Args={'value': 0, 'prev_value': None, 'change': True}
2026-05-20 20:40:59,319 : INFO : EventManager : Event: ======'machine_var_audits_switches_s_trough_3'====== Args={'value': 0, 'prev_value': None, 'change': True}
2026-05-20 20:40:59,319 : INFO : EventManager : Event: ======'machine_var_audits_switches_s_plunger_lane'====== Args={'value': 0, 'prev_value': None, 'change': True}
2026-05-20 20:40:59,319 : INFO : EventManager : Event: ======'machine_var_audits_switches_s_trough_1'====== Args={'value': 0, 'prev_value': None, 'change': True}
2026-05-20 20:40:59,319 : INFO : EventManager : Event: ======'machine_var_audits_switches_s_flipper_left'====== Args={'value': 0, 'prev_value': None, 'change': True}
2026-05-20 20:40:59,319 : INFO : EventManager : Event: ======'machine_var_audits_events_game_started'====== Args={'value': 0, 'prev_value': None, 'change': True}
2026-05-20 20:40:59,319 : INFO : EventManager : Event: ======'machine_var_audits_events_game_ended'====== Args={'value': 0, 'prev_value': None, 'change': True}
2026-05-20 20:40:59,319 : INFO : EventManager : Event: ======'machine_var_audits_player_score'====== Args={'value': {'top': [], 'average': 0, 'total': 0}, 'prev_value': None, 'change': True}
2026-05-20 20:40:59,319 : INFO : EventManager : Event: ======'init_phase_5'====== Args={}
2026-05-20 20:40:59,319 : INFO : EventManager : Event: ======'init_done'====== Args={}
2026-05-20 20:40:59,319 : INFO : EventManager : Event: ======'machine_reset_phase_1'====== Args={}
2026-05-20 20:40:59,330 : INFO : EventManager : Event: ======'machine_reset_phase_2'====== Args={}
2026-05-20 20:40:59,330 : INFO : EventManager : Event: ======'machine_reset_phase_3'====== Args={}
2026-05-20 20:40:59,330 : INFO : EventManager : Event: ======'reset_complete'====== Args={}
2026-05-20 20:40:59,330 : INFO : EventManager : Event: ======'mode_attract_will_start'====== Args={}
2026-05-20 20:40:59,331 : INFO : EventManager : Event: ======'mode_attract_starting'====== Args={}
2026-05-20 20:40:59,331 : INFO : Mode.attract : Started. Priority: 10
2026-05-20 20:40:59,331 : INFO : EventManager : Event: ======'modes_active_modes_changed'====== Args={}
2026-05-20 20:40:59,331 : INFO : EventManager : Event: ======'mode_attract_started'====== Args={}
2026-05-20 20:40:59,332 : INFO : EventManager : Event: ======'collecting_balls_complete'====== Args={}
2026-05-20 20:40:59,332 : INFO : EventManager : Event: ======'carousel_item_highlighted'====== Args={'carousel': 'attract', 'direction': None, 'item': 'title'}
2026-05-20 20:40:59,332 : INFO : Machine : Starting the main run loop with active modes: [<Mode.attract>]
2026-05-20 20:40:59,356 : INFO : EventManager : Event: ======'slide_attract_created'====== Args={'_from_bcp': True}
2026-05-20 20:40:59,356 : INFO : EventManager : Event: ======'slide__removed'====== Args={'_from_bcp': True}
2026-05-20 20:40:59,357 : INFO : EventManager : Event: ======'slide_attract_active'====== Args={'original_context': 'attract', 'original_calling_context': 'mode_attract_started', 'priority': 10.0, 'cmd': 'slides_play', '_from_bcp': True}
2026-05-20 20:41:03,825 : INFO : SwitchController : <<<<<<< 's_flipper_right' active >>>>>>>
2026-05-20 20:41:03,826 : INFO : EventManager : Event: ======'s_flipper_right_active'====== Args={}
2026-05-20 20:41:03,826 : INFO : EventManager : Event: ======'carousel_item_highlighted'====== Args={'carousel': 'attract', 'direction': 'forwards', 'item': 'credits'}
2026-05-20 20:41:03,890 : INFO : SwitchController : <<<<<<< 's_flipper_right' inactive >>>>>>>
2026-05-20 20:41:04,025 : INFO : SwitchController : <<<<<<< 's_flipper_right' active >>>>>>>
2026-05-20 20:41:04,025 : INFO : EventManager : Event: ======'s_flipper_right_active'====== Args={}
2026-05-20 20:41:04,026 : INFO : EventManager : Event: ======'carousel_item_highlighted'====== Args={'carousel': 'attract', 'direction': 'forwards', 'item': 'mpf_logo'}
2026-05-20 20:41:04,091 : INFO : SwitchController : <<<<<<< 's_flipper_right' inactive >>>>>>>
2026-05-20 20:41:04,559 : INFO : SwitchController : <<<<<<< 's_flipper_right' active >>>>>>>
2026-05-20 20:41:04,560 : INFO : EventManager : Event: ======'s_flipper_right_active'====== Args={}
2026-05-20 20:41:04,560 : INFO : EventManager : Event: ======'carousel_item_highlighted'====== Args={'carousel': 'attract', 'direction': 'forwards', 'item': 'title'}
2026-05-20 20:41:04,626 : INFO : SwitchController : <<<<<<< 's_flipper_right' inactive >>>>>>>
2026-05-20 20:41:04,961 : INFO : SwitchController : <<<<<<< 's_flipper_left' active >>>>>>>
2026-05-20 20:41:04,961 : INFO : EventManager : Event: ======'s_flipper_left_active'====== Args={}
2026-05-20 20:41:04,962 : INFO : EventManager : Event: ======'carousel_item_highlighted'====== Args={'carousel': 'attract', 'direction': 'backwards', 'item': 'mpf_logo'}
2026-05-20 20:41:05,028 : INFO : SwitchController : <<<<<<< 's_flipper_left' inactive >>>>>>>
2026-05-20 20:41:05,128 : INFO : SwitchController : <<<<<<< 's_flipper_left' active >>>>>>>
2026-05-20 20:41:05,129 : INFO : EventManager : Event: ======'s_flipper_left_active'====== Args={}
2026-05-20 20:41:05,129 : INFO : EventManager : Event: ======'carousel_item_highlighted'====== Args={'carousel': 'attract', 'direction': 'backwards', 'item': 'credits'}
2026-05-20 20:41:05,195 : INFO : SwitchController : <<<<<<< 's_flipper_left' inactive >>>>>>>
2026-05-20 20:41:05,312 : INFO : SwitchController : <<<<<<< 's_flipper_left' active >>>>>>>
2026-05-20 20:41:05,313 : INFO : EventManager : Event: ======'s_flipper_left_active'====== Args={}
2026-05-20 20:41:05,313 : INFO : EventManager : Event: ======'carousel_item_highlighted'====== Args={'carousel': 'attract', 'direction': 'backwards', 'item': 'title'}
2026-05-20 20:41:05,345 : INFO : SwitchController : <<<<<<< 's_flipper_left' inactive >>>>>>>
2026-05-20 20:41:05,563 : INFO : SwitchController : <<<<<<< 's_flipper_left' active >>>>>>>
2026-05-20 20:41:05,563 : INFO : EventManager : Event: ======'s_flipper_left_active'====== Args={}
2026-05-20 20:41:05,564 : INFO : EventManager : Event: ======'carousel_item_highlighted'====== Args={'carousel': 'attract', 'direction': 'backwards', 'item': 'mpf_logo'}
2026-05-20 20:41:05,646 : INFO : SwitchController : <<<<<<< 's_flipper_left' inactive >>>>>>>
2026-05-20 20:41:05,797 : INFO : SwitchController : <<<<<<< 's_flipper_left' active >>>>>>>
2026-05-20 20:41:05,798 : INFO : EventManager : Event: ======'s_flipper_left_active'====== Args={}
2026-05-20 20:41:05,798 : INFO : EventManager : Event: ======'carousel_item_highlighted'====== Args={'carousel': 'attract', 'direction': 'backwards', 'item': 'credits'}
2026-05-20 20:41:05,881 : INFO : SwitchController : <<<<<<< 's_flipper_left' inactive >>>>>>>
2026-05-20 20:41:06,583 : INFO : SwitchController : <<<<<<< 's_flipper_left' active >>>>>>>
2026-05-20 20:41:06,584 : INFO : EventManager : Event: ======'s_flipper_left_active'====== Args={}
2026-05-20 20:41:06,584 : INFO : EventManager : Event: ======'carousel_item_highlighted'====== Args={'carousel': 'attract', 'direction': 'backwards', 'item': 'title'}
2026-05-20 20:41:06,650 : INFO : SwitchController : <<<<<<< 's_flipper_left' inactive >>>>>>>
2026-05-20 20:41:06,884 : INFO : SwitchController : <<<<<<< 's_flipper_left' active >>>>>>>
2026-05-20 20:41:06,884 : INFO : EventManager : Event: ======'s_flipper_left_active'====== Args={}
2026-05-20 20:41:06,885 : INFO : EventManager : Event: ======'carousel_item_highlighted'====== Args={'carousel': 'attract', 'direction': 'backwards', 'item': 'mpf_logo'}
2026-05-20 20:41:06,935 : INFO : SwitchController : <<<<<<< 's_flipper_left' inactive >>>>>>>
2026-05-20 20:41:07,035 : INFO : SwitchController : <<<<<<< 's_flipper_left' active >>>>>>>
2026-05-20 20:41:07,035 : INFO : EventManager : Event: ======'s_flipper_left_active'====== Args={}
2026-05-20 20:41:07,036 : INFO : EventManager : Event: ======'carousel_item_highlighted'====== Args={'carousel': 'attract', 'direction': 'backwards', 'item': 'credits'}
2026-05-20 20:41:07,102 : INFO : SwitchController : <<<<<<< 's_flipper_left' inactive >>>>>>>
2026-05-20 20:41:07,453 : INFO : SwitchController : <<<<<<< 's_flipper_right' active >>>>>>>
2026-05-20 20:41:07,453 : INFO : EventManager : Event: ======'s_flipper_right_active'====== Args={}
2026-05-20 20:41:07,454 : INFO : EventManager : Event: ======'carousel_item_highlighted'====== Args={'carousel': 'attract', 'direction': 'forwards', 'item': 'mpf_logo'}
2026-05-20 20:41:07,504 : INFO : SwitchController : <<<<<<< 's_flipper_right' inactive >>>>>>>
2026-05-20 20:41:07,604 : INFO : SwitchController : <<<<<<< 's_flipper_right' active >>>>>>>
2026-05-20 20:41:07,604 : INFO : EventManager : Event: ======'s_flipper_right_active'====== Args={}
2026-05-20 20:41:07,605 : INFO : EventManager : Event: ======'carousel_item_highlighted'====== Args={'carousel': 'attract', 'direction': 'forwards', 'item': 'title'}
2026-05-20 20:41:07,653 : INFO : SwitchController : <<<<<<< 's_flipper_right' inactive >>>>>>>
2026-05-20 20:41:07,754 : INFO : SwitchController : <<<<<<< 's_flipper_right' active >>>>>>>
2026-05-20 20:41:07,755 : INFO : EventManager : Event: ======'s_flipper_right_active'====== Args={}
2026-05-20 20:41:07,756 : INFO : EventManager : Event: ======'carousel_item_highlighted'====== Args={'carousel': 'attract', 'direction': 'forwards', 'item': 'credits'}
2026-05-20 20:41:07,804 : INFO : SwitchController : <<<<<<< 's_flipper_right' inactive >>>>>>>
2026-05-20 20:41:07,905 : INFO : SwitchController : <<<<<<< 's_flipper_right' active >>>>>>>
2026-05-20 20:41:07,905 : INFO : EventManager : Event: ======'s_flipper_right_active'====== Args={}
2026-05-20 20:41:07,906 : INFO : EventManager : Event: ======'carousel_item_highlighted'====== Args={'carousel': 'attract', 'direction': 'forwards', 'item': 'mpf_logo'}
2026-05-20 20:41:07,955 : INFO : SwitchController : <<<<<<< 's_flipper_right' inactive >>>>>>>
2026-05-20 20:41:08,038 : INFO : SwitchController : <<<<<<< 's_flipper_right' active >>>>>>>
2026-05-20 20:41:08,039 : INFO : EventManager : Event: ======'s_flipper_right_active'====== Args={}
2026-05-20 20:41:08,040 : INFO : EventManager : Event: ======'carousel_item_highlighted'====== Args={'carousel': 'attract', 'direction': 'forwards', 'item': 'title'}
2026-05-20 20:41:08,088 : INFO : SwitchController : <<<<<<< 's_flipper_right' inactive >>>>>>>
2026-05-20 20:41:10,325 : INFO : Machine : Shutting down...
2026-05-20 20:41:10,326 : INFO : EventManager : Event: ======'shutdown'====== Args={}
2026-05-20 20:41:10,332 : INFO : root : MPF run loop ended.
