2026-05-31 23:38:41,921 : INFO : root : Loading config.
2026-05-31 23:38:41,925 : INFO : YamlMultifileConfigLoader : Machine config file #1: config.yaml
2026-05-31 23:38:41,926 : INFO : ConfigProcessor : Loading config from cache: C:\Users\mpf\AppData\Local\Temp\79c4d80ce629f23fc794c150aa180213.mpf_cache
2026-05-31 23:38:41,962 : WARNING : ConfigProcessor : Config file in cache changed: C:\users\mpf\documents\wcgpin1\config\config_ball_devices.yaml
2026-05-31 23:38:41,962 : INFO : ConfigProcessor : Loading config from file C:\users\mpf\mpfven\Lib\site-packages\mpf\mpfconfig.yaml.
2026-05-31 23:38:42,014 : INFO : ConfigProcessor : Loading config: C:\users\mpf\mpfven\Lib\site-packages\mpf\mpfconfig.yaml
2026-05-31 23:38:42,015 : INFO : ConfigProcessor : Loading config from file C:\users\mpf\documents\wcgpin1\config\config.yaml.
2026-05-31 23:38:42,017 : INFO : ConfigProcessor : Loading config: C:\users\mpf\documents\wcgpin1\config\config.yaml
2026-05-31 23:38:42,020 : INFO : ConfigProcessor : Loading config: C:\users\mpf\documents\wcgpin1\config\config_ball_devices.yaml
2026-05-31 23:38:42,021 : INFO : ConfigProcessor : Loading config: C:\users\mpf\documents\wcgpin1\config\config_coils.yaml
2026-05-31 23:38:42,041 : INFO : ConfigProcessor : Loading config: C:\users\mpf\documents\wcgpin1\config\config_switches.yaml
2026-05-31 23:38:42,044 : INFO : ConfigProcessor : Config file cache created: C:\Users\mpf\AppData\Local\Temp\79c4d80ce629f23fc794c150aa180213.mpf_cache
2026-05-31 23:38:42,148 : INFO : ConfigProcessor : Loading config from cache: C:\Users\mpf\AppData\Local\Temp\7e0b951d6590b841dca7e21104841ff3.mpf_cache
2026-05-31 23:38:42,149 : INFO : ConfigProcessor : Loading config from cache: C:\Users\mpf\AppData\Local\Temp\7619cb164ca9753a8c8174f599337faf.mpf_cache
2026-05-31 23:38:42,149 : INFO : ConfigProcessor : Loading config from cache: C:\Users\mpf\AppData\Local\Temp\7e0b951d6590b841dca7e21104841ff3.mpf_cache
2026-05-31 23:38:42,150 : INFO : ConfigProcessor : Loading config from cache: C:\Users\mpf\AppData\Local\Temp\e17831009a0d4b99b759e461e9901fd1.mpf_cache
2026-05-31 23:38:42,152 : INFO : ConfigProcessor : Loading config from cache: C:\Users\mpf\AppData\Local\Temp\b2527734cca651781ec2296cfbe7a175.mpf_cache
2026-05-31 23:38:42,154 : INFO : Machine : Mission Pinball Framework Core Engine v0.81.0.dev1
2026-05-31 23:38:42,154 : INFO : Machine : Command line arguments: {'no_load_cache': False, 'create_config_cache': True, 'bcp': True, 'configfile': ['config.yaml'], 'force_assets_load': False, 'platform_integration_test': False, 'jsonlogging': False, 'logfile': 'logs\\2026-05-31-23-38-41-mpf-DESKTOP-OC28BPB.log', 'pause': False, 'production': False, 'text_ui': False, 'loglevel': 15, 'consoleloglevel': 20, 'force_platform': 'virtual', 'syslog_address': None, 'full_logfile_path': 'C:\\users\\mpf\\documents\\wcgpin1\\logs\\2026-05-31-23-38-41-mpf-DESKTOP-OC28BPB.log'}
2026-05-31 23:38:42,154 : INFO : Machine : MPF path: C:\users\mpf\mpfven\Lib\site-packages\mpf
2026-05-31 23:38:42,154 : INFO : Machine : Machine path: C:\users\mpf\documents\wcgpin1
2026-05-31 23:38:42,154 : INFO : Machine : Platform: win32
2026-05-31 23:38:42,154 : INFO : Machine : Python executable location: C:\users\mpf\mpfven\Scripts\python.exe
2026-05-31 23:38:42,154 : INFO : Machine : Python version: 3.13.12 (64-bit)
2026-05-31 23:38:42,157 : INFO : Machine : Initializing MPF...
2026-05-31 23:38:42,262 : INFO : EventManager : Event: ======'machine_var_credits_string'====== Args={'value': 'FREE PLAY', 'prev_value': None, 'change': True}
2026-05-31 23:38:42,284 : INFO : EventManager : Event: ======'machine_var_master_volume'====== Args={'value': 0.5, 'prev_value': None, 'change': True}
2026-05-31 23:38:42,285 : INFO : EventManager : Event: ======'machine_var_mpf_version'====== Args={'value': 'Mission Pinball Framework v0.81.0.dev1', 'prev_value': None, 'change': True}
2026-05-31 23:38:42,285 : INFO : EventManager : Event: ======'machine_var_mpf_extended_version'====== Args={'value': 'Mission Pinball Framework v0.81.0.dev1, Config version:6, Show version: 6, BCP version:1.1', 'prev_value': None, 'change': True}
2026-05-31 23:38:42,285 : INFO : EventManager : Event: ======'machine_var_python_version'====== Args={'value': '3.13.12', 'prev_value': None, 'change': True}
2026-05-31 23:38:42,391 : INFO : EventManager : Event: ======'machine_var_platform'====== Args={'value': 'Windows-11-10.0.26200-SP0', 'prev_value': None, 'change': True}
2026-05-31 23:38:42,391 : INFO : EventManager : Event: ======'machine_var_platform_system'====== Args={'value': 'Windows', 'prev_value': None, 'change': True}
2026-05-31 23:38:42,392 : INFO : EventManager : Event: ======'machine_var_platform_release'====== Args={'value': '11', 'prev_value': None, 'change': True}
2026-05-31 23:38:42,392 : INFO : EventManager : Event: ======'machine_var_platform_version'====== Args={'value': '10.0.26200', 'prev_value': None, 'change': True}
2026-05-31 23:38:42,392 : INFO : EventManager : Event: ======'machine_var_platform_machine'====== Args={'value': 'AMD64', 'prev_value': None, 'change': True}
2026-05-31 23:38:42,392 : INFO : EventManager : Event: ======'machine_var_log_file_path'====== Args={'value': 'C:\\users\\mpf\\documents\\wcgpin1\\logs\\2026-05-31-23-38-41-mpf-DESKTOP-OC28BPB.log', 'prev_value': None, 'change': True}
2026-05-31 23:38:42,392 : INFO : EventManager : Event: ======'init_phase_1'====== Args={}
2026-05-31 23:38:42,412 : INFO : EventManager : Event: ======'init_phase_2'====== Args={}
2026-05-31 23:38:42,412 : INFO : SwitchController : Found active switch: (1006, <Platform.Virtual>) <switch.s_trough_1>
2026-05-31 23:38:42,412 : INFO : SwitchController : Found active switch: (1007, <Platform.Virtual>) <switch.s_trough_2>
2026-05-31 23:38:42,412 : INFO : SwitchController : Found active switch: (1008, <Platform.Virtual>) <switch.s_trough_3>
2026-05-31 23:38:42,413 : INFO : EventManager : Event: ======'bcp_connection_attempt'====== Args={'name': 'local_display', 'host': 'localhost', 'port': 5050}
2026-05-31 23:38:42,415 : INFO : BCPClientSocket : Connecting BCP to 'local_display' at localhost:5050...
2026-05-31 23:38:42,424 : INFO : BCPClientSocket : Connected BCP to 'local_display' localhost:5050
2026-05-31 23:38:42,425 : INFO : EventManager : Event: ======'bcp_clients_connected'====== Args={}
2026-05-31 23:38:42,425 : INFO : ball_device.bd_plunger : BCH: Initial count: 0
2026-05-31 23:38:42,425 : INFO : ball_device.bd_plunger : State: idle
2026-05-31 23:38:42,426 : INFO : ball_device.bd_trough : BCH: Initial count: 3
2026-05-31 23:38:42,426 : INFO : ball_device.bd_trough : State: idle
2026-05-31 23:38:42,436 : INFO : EventManager : Event: ======'init_phase_3'====== Args={}
2026-05-31 23:38:42,438 : INFO : EventManager : Event: ======'init_phase_4'====== Args={}
2026-05-31 23:38:42,438 : INFO : BallController : Initial balls found: 3
2026-05-31 23:38:42,439 : INFO : EventManager : Event: ======'machine_var_audits_switches_s_left_lane'====== Args={'value': 0, 'prev_value': None, 'change': True}
2026-05-31 23:38:42,439 : INFO : EventManager : Event: ======'machine_var_audits_switches_s_bumper_right'====== Args={'value': 0, 'prev_value': None, 'change': True}
2026-05-31 23:38:42,439 : INFO : EventManager : Event: ======'machine_var_audits_switches_s_start'====== Args={'value': 0, 'prev_value': None, 'change': True}
2026-05-31 23:38:42,439 : INFO : EventManager : Event: ======'machine_var_audits_switches_s_trough_2'====== Args={'value': 0, 'prev_value': None, 'change': True}
2026-05-31 23:38:42,439 : INFO : EventManager : Event: ======'machine_var_audits_switches_s_plunger_lane'====== Args={'value': 0, 'prev_value': None, 'change': True}
2026-05-31 23:38:42,439 : INFO : EventManager : Event: ======'machine_var_audits_switches_s_flipper_right'====== Args={'value': 0, 'prev_value': None, 'change': True}
2026-05-31 23:38:42,439 : INFO : EventManager : Event: ======'machine_var_audits_switches_s_trough_3'====== Args={'value': 0, 'prev_value': None, 'change': True}
2026-05-31 23:38:42,439 : INFO : EventManager : Event: ======'machine_var_audits_switches_s_trough_1'====== Args={'value': 0, 'prev_value': None, 'change': True}
2026-05-31 23:38:42,439 : INFO : EventManager : Event: ======'machine_var_audits_switches_s_bumper_left'====== Args={'value': 0, 'prev_value': None, 'change': True}
2026-05-31 23:38:42,439 : INFO : EventManager : Event: ======'machine_var_audits_switches_s_flipper_left'====== Args={'value': 0, 'prev_value': None, 'change': True}
2026-05-31 23:38:42,440 : INFO : EventManager : Event: ======'machine_var_audits_events_game_started'====== Args={'value': 0, 'prev_value': None, 'change': True}
2026-05-31 23:38:42,440 : INFO : EventManager : Event: ======'machine_var_audits_events_game_ended'====== Args={'value': 0, 'prev_value': None, 'change': True}
2026-05-31 23:38:42,440 : INFO : EventManager : Event: ======'machine_var_audits_player_score'====== Args={'value': {'top': [], 'average': 0, 'total': 0}, 'prev_value': None, 'change': True}
2026-05-31 23:38:42,440 : INFO : EventManager : Event: ======'init_phase_5'====== Args={}
2026-05-31 23:38:42,440 : INFO : EventManager : Event: ======'init_done'====== Args={}
2026-05-31 23:38:42,440 : INFO : EventManager : Event: ======'machine_reset_phase_1'====== Args={}
2026-05-31 23:38:42,445 : INFO : EventManager : Event: ======'machine_reset_phase_2'====== Args={}
2026-05-31 23:38:42,446 : INFO : EventManager : Event: ======'machine_reset_phase_3'====== Args={}
2026-05-31 23:38:42,446 : INFO : EventManager : Event: ======'reset_complete'====== Args={}
2026-05-31 23:38:42,446 : INFO : EventManager : Event: ======'mode_attract_will_start'====== Args={}
2026-05-31 23:38:42,446 : INFO : Timer.attract_carousel_timer : Starting Timer.
2026-05-31 23:38:42,446 : INFO : EventManager : Event: ======'timer_attract_carousel_timer_started'====== Args={'ticks': 0, 'ticks_remaining': 1}
2026-05-31 23:38:42,446 : INFO : EventManager : Event: ======'timer_attract_carousel_timer_tick'====== Args={'ticks': 0, 'ticks_remaining': 1}
2026-05-31 23:38:42,447 : INFO : EventManager : Event: ======'mode_attract_starting'====== Args={}
2026-05-31 23:38:42,447 : INFO : Mode.attract : Started. Priority: 10
2026-05-31 23:38:42,447 : INFO : EventManager : Event: ======'modes_active_modes_changed'====== Args={}
2026-05-31 23:38:42,447 : INFO : EventManager : Event: ======'mode_attract_started'====== Args={}
2026-05-31 23:38:42,447 : INFO : EventManager : Event: ======'collecting_balls_complete'====== Args={}
2026-05-31 23:38:42,448 : INFO : EventManager : Event: ======'carousel_item_highlighted'====== Args={'carousel': 'attract', 'direction': None, 'item': 'title'}
2026-05-31 23:38:42,448 : INFO : EventManager : Event: ======'timer_attract_carousel_timer_tick'====== Args={'ticks': 0, 'ticks_remaining': 1}
2026-05-31 23:38:42,448 : INFO : Machine : Starting the main run loop with active modes: [<Mode.attract>]
2026-05-31 23:38:42,480 : INFO : EventManager : Event: ======'slide_attract_created'====== Args={'_from_bcp': True}
2026-05-31 23:38:42,480 : INFO : EventManager : Event: ======'slide__removed'====== Args={'_from_bcp': True}
2026-05-31 23:38:42,481 : INFO : EventManager : Event: ======'slide_attract_active'====== Args={'original_context': 'attract', 'original_calling_context': 'mode_attract_started', 'priority': 10.0, 'cmd': 'slides_play', '_from_bcp': True}
2026-05-31 23:38:47,463 : INFO : Timer.attract_carousel_timer : Timer Complete
2026-05-31 23:38:47,463 : INFO : Timer.attract_carousel_timer : Stopping Timer
2026-05-31 23:38:47,464 : INFO : EventManager : Event: ======'timer_attract_carousel_timer_stopped'====== Args={'ticks': 1, 'ticks_remaining': 1}
2026-05-31 23:38:47,465 : INFO : EventManager : Event: ======'timer_attract_carousel_timer_complete'====== Args={'ticks': 1, 'ticks_remaining': 1}
2026-05-31 23:38:47,466 : INFO : EventManager : Event: ======'carousel_item_highlighted'====== Args={'carousel': 'attract', 'direction': 'forwards', 'item': 'credits'}
2026-05-31 23:38:47,467 : INFO : Timer.attract_carousel_timer : Starting Timer.
2026-05-31 23:38:47,467 : INFO : EventManager : Event: ======'timer_attract_carousel_timer_started'====== Args={'ticks': 0, 'ticks_remaining': 1}
2026-05-31 23:38:47,468 : INFO : EventManager : Event: ======'timer_attract_carousel_timer_tick'====== Args={'ticks': 0, 'ticks_remaining': 1}
2026-05-31 23:38:48,786 : INFO : SwitchController : <<<<<<< 's_start' active >>>>>>>
2026-05-31 23:38:48,869 : INFO : SwitchController : <<<<<<< 's_start' inactive >>>>>>>
2026-05-31 23:38:48,870 : INFO : EventManager : Event: ======'request_to_start_game'====== Args={}
2026-05-31 23:38:48,870 : INFO : EventManager : Event: ======'game_start'====== Args={'buttons': [], 'hold_time': 0.0833058999851346}
2026-05-31 23:38:48,870 : INFO : EventManager : Event: ======'mode_game_will_start'====== Args={'buttons': [], 'hold_time': 0.0833058999851346}
2026-05-31 23:38:48,872 : INFO : EventManager : Event: ======'mode_game_starting'====== Args={'buttons': [], 'hold_time': 0.0833058999851346}
2026-05-31 23:38:48,873 : INFO : EventManager : Event: ======'mode_attract_will_stop'====== Args={}
2026-05-31 23:38:48,873 : INFO : EventManager : Event: ======'mode_attract_stopping'====== Args={}
2026-05-31 23:38:48,874 : INFO : Mode.attract : Stopped.
2026-05-31 23:38:48,875 : INFO : EventManager : Event: ======'modes_active_modes_changed'====== Args={}
2026-05-31 23:38:48,875 : INFO : EventManager : Event: ======'mode_attract_stopped'====== Args={}
2026-05-31 23:38:48,875 : INFO : EventManager : Event: ======'clear'====== Args={'key': 'attract'}
2026-05-31 23:38:48,876 : INFO : Timer.attract_carousel_timer : Stopping Timer
2026-05-31 23:38:48,876 : INFO : EventManager : Event: ======'timer_attract_carousel_timer_stopped'====== Args={'ticks': 0, 'ticks_remaining': 1}
2026-05-31 23:38:48,876 : INFO : Mode.game : Started. Priority: 20
2026-05-31 23:38:48,877 : INFO : EventManager : Event: ======'modes_active_modes_changed'====== Args={}
2026-05-31 23:38:48,878 : INFO : EventManager : Event: ======'mode_game_started'====== Args={'buttons': [], 'hold_time': 0.0833058999851346}
2026-05-31 23:38:48,881 : INFO : EventManager : Event: ======'game_will_start'====== Args={}
2026-05-31 23:38:48,883 : INFO : EventManager : Event: ======'game_starting'====== Args={'game': <Mode.game>}
2026-05-31 23:38:48,884 : INFO : EventManager : Unordered handler for class <Auditor> on event game_ended with priority 1. Handlers: [RegisteredHandler(callback=<bound method Auditor.disable of <Auditor>>, priority=1, kwargs={}, key=UUID('dcc15642-66ed-4d28-b2de-bffdf2d006e5'), condition=None, blocking_facility=None), RegisteredHandler(callback=<bound method Auditor._save_audits of <Auditor>>, priority=1, kwargs={}, key=UUID('c4996656-2419-4b3a-89ac-415922121909'), condition=None, blocking_facility=None)]. The order of those handlers is not defined and they will be executed in random order. This might lead to race conditions and potential bugs.
2026-05-31 23:38:48,884 : INFO : EventManager : Event: ======'player_add_request'====== Args={}
2026-05-31 23:38:48,884 : INFO : EventManager : Event: ======'player_will_add'====== Args={'number': 1}
2026-05-31 23:38:48,885 : INFO : EventManager : Event: ======'player_adding'====== Args={'player': <Player 1>, 'number': 1}
2026-05-31 23:38:48,885 : INFO : EventManager : Event: ======'player_added'====== Args={'player': <Player 1>, 'num': 1}
2026-05-31 23:38:48,885 : INFO : Mode.game : Player added successfully. Total players: 1
2026-05-31 23:38:48,887 : INFO : EventManager : Event: ======'player_index'====== Args={'value': 0, 'prev_value': 0, 'change': 0, 'player_num': 1}
2026-05-31 23:38:48,887 : INFO : EventManager : Event: ======'player_number'====== Args={'value': 1, 'prev_value': 1, 'change': 0, 'player_num': 1}
2026-05-31 23:38:48,887 : INFO : EventManager : Event: ======'player_score'====== Args={'value': 0, 'prev_value': 0, 'change': 0, 'player_num': 1}
2026-05-31 23:38:48,887 : INFO : EventManager : Event: ======'game_started'====== Args={}
2026-05-31 23:38:48,888 : INFO : EventManager : Event: ======'player_turn_will_start'====== Args={'player': <Player 1>, 'number': 1}
2026-05-31 23:38:48,889 : INFO : EventManager : Event: ======'player_turn_starting'====== Args={'player': <Player 1>, 'number': 1}
2026-05-31 23:38:48,889 : INFO : EventManager : Event: ======'player_ball'====== Args={'value': 1, 'prev_value': 0, 'change': 1, 'player_num': 1}
2026-05-31 23:38:48,890 : INFO : EventManager : Event: ======'player_turn_started'====== Args={'player': <Player 1>, 'number': 1}
2026-05-31 23:38:48,891 : INFO : EventManager : Event: ======'ball_will_start'====== Args={'player': 1, 'ball': 1, 'balls_remaining': 2, 'is_extra_ball': False}
2026-05-31 23:38:48,891 : INFO : EventManager : Event: ======'ball_starting'====== Args={'player': 1, 'ball': 1, 'balls_remaining': 2, 'is_extra_ball': False}
2026-05-31 23:38:48,891 : INFO : EventManager : Event: ======'mode_base_will_start'====== Args={'queue': <QueuedEvent>, 'player': 1, 'ball': 1, 'balls_remaining': 2, 'is_extra_ball': False}
2026-05-31 23:38:48,891 : INFO : EventManager : Event: ======'mode_base_starting'====== Args={'queue': <QueuedEvent>, 'player': 1, 'ball': 1, 'balls_remaining': 2, 'is_extra_ball': False}
2026-05-31 23:38:48,892 : INFO : Mode.base : Started. Priority: 100
2026-05-31 23:38:48,892 : INFO : EventManager : Event: ======'modes_active_modes_changed'====== Args={}
2026-05-31 23:38:48,892 : INFO : EventManager : Event: ======'mode_base_started'====== Args={'queue': <QueuedEvent>, 'player': 1, 'ball': 1, 'balls_remaining': 2, 'is_extra_ball': False}
2026-05-31 23:38:48,892 : INFO : EventManager : Event: ======'start_mode_bumpers'====== Args={'priority': 0}
2026-05-31 23:38:48,892 : INFO : EventManager : Event: ======'mode_bumpers_will_start'====== Args={'priority': 0}
2026-05-31 23:38:48,893 : INFO : EventManager : Event: ======'player_shot_bumper_left_enabled'====== Args={'value': True, 'prev_value': 0, 'change': 1, 'player_num': 1}
2026-05-31 23:38:48,894 : INFO : EventManager : Event: ======'player_shot_bumper_right_enabled'====== Args={'value': True, 'prev_value': 0, 'change': 1, 'player_num': 1}
2026-05-31 23:38:48,894 : INFO : EventManager : Event: ======'bumpers_complete'====== Args={'state': 'unlit'}
2026-05-31 23:38:48,894 : INFO : EventManager : Event: ======'bumpers_unlit_complete'====== Args={}
2026-05-31 23:38:48,896 : INFO : EventManager : Event: ======'mode_bumpers_starting'====== Args={'priority': 0}
2026-05-31 23:38:48,896 : INFO : Mode.bumpers : Started. Priority: 200
2026-05-31 23:38:48,896 : INFO : EventManager : Event: ======'modes_active_modes_changed'====== Args={}
2026-05-31 23:38:48,896 : INFO : EventManager : Event: ======'mode_bumpers_started'====== Args={'priority': 0}
2026-05-31 23:38:48,897 : INFO : EventManager : Event: ======'balls_in_play'====== Args={'balls': 1}
2026-05-31 23:38:48,897 : INFO : EventManager : Event: ======'ball_started'====== Args={'player': 1, 'ball': 1, 'balls_remaining': 2, 'is_extra_ball': False}
2026-05-31 23:38:48,898 : INFO : EventManager : Event: ======'single_player_ball_started'====== Args={}
2026-05-31 23:38:48,898 : INFO : EventManager : Event: ======'ball_start_target'====== Args={'target': 'playfield'}
2026-05-31 23:38:48,898 : INFO : ball_device.bd_trough : Setting up player-controlled eject. Balls: 1, Target: <playfield.playfield>, player_controlled_eject_event: None
2026-05-31 23:38:48,899 : INFO : ball_device.bd_trough : Adding 1 ball(s) to the eject_queue with target <playfield.playfield>.
2026-05-31 23:38:48,900 : INFO : EventManager : Event: ======'balldevice_balls_available'====== Args={}
2026-05-31 23:38:48,910 : INFO : ball_device.bd_trough : State: waiting_for_target_ready
2026-05-31 23:38:48,910 : INFO : EventManager : Event: ======'balldevice_bd_trough_ball_eject_attempt'====== Args={'balls': 1, 'target': <ball_device.bd_plunger>, 'source': <ball_device.bd_trough>, 'mechanical_eject': False, 'num_attempts': 0}
2026-05-31 23:38:48,910 : INFO : ball_device.bd_plunger : State: waiting_for_ball
2026-05-31 23:38:48,911 : INFO : EventManager : Event: ======'slide_base_slide_created'====== Args={'_from_bcp': True}
2026-05-31 23:38:48,911 : INFO : EventManager : Event: ======'slide_attract_inactive'====== Args={'is_removing': True, '_from_bcp': True}
2026-05-31 23:38:48,911 : INFO : EventManager : Event: ======'slide_base_slide_active'====== Args={'original_context': 'base', 'original_calling_context': 'mode_base_started', 'priority': 100.0, 'queue': '<QueuedEvent>', 'player': 1.0, 'ball': 1.0, 'balls_remaining': 2.0, 'is_extra_ball': False, 'cmd': 'slides_play', '_from_bcp': True}
2026-05-31 23:38:48,911 : INFO : EventManager : Event: ======'slide_attract_removed'====== Args={'_from_bcp': True}
2026-05-31 23:38:48,911 : INFO : ball_device.bd_trough : State: ejecting
2026-05-31 23:38:48,911 : INFO : ball_device.bd_trough : Ejecting ball to <ball_device.bd_plunger>
2026-05-31 23:38:48,911 : INFO : EventManager : Event: ======'balldevice_bd_trough_ejecting_ball'====== Args={'balls': 1, 'target': <ball_device.bd_plunger>, 'source': <ball_device.bd_trough>, 'mechanical_eject': False, 'num_attempts': 0}
2026-05-31 23:38:48,912 : INFO : ball_device.bd_trough : Wait for ball to leave device
2026-05-31 23:38:48,912 : INFO : coil.c_trough_eject : Pulsing Driver for 10ms (1.0 pulse_power)
2026-05-31 23:38:54,372 : INFO : SwitchController : <<<<<<< 's_left_lane' active >>>>>>>
2026-05-31 23:38:54,373 : INFO : EventManager : Event: ======'machine_var_audits_switches_s_left_lane'====== Args={'value': 1, 'prev_value': 0, 'change': 1}
2026-05-31 23:38:54,456 : INFO : SwitchController : <<<<<<< 's_left_lane' inactive >>>>>>>
2026-05-31 23:38:56,429 : INFO : SwitchController : <<<<<<< 's_bumper_left' active >>>>>>>
2026-05-31 23:38:56,429 : INFO : EventManager : Event: ======'playfield_active'====== Args={'source': 'bumper_left'}
2026-05-31 23:38:56,429 : INFO : EventManager : Event: ======'unexpected_ball_on_playfield'====== Args={}
2026-05-31 23:38:56,429 : INFO : EventManager : Event: ======'s_bumper_left_active'====== Args={}
2026-05-31 23:38:56,430 : INFO : EventManager : Event: ======'machine_var_audits_switches_s_bumper_left'====== Args={'value': 1, 'prev_value': 0, 'change': 1}
2026-05-31 23:38:56,431 : INFO : EventManager : Event: ======'player_shot_bumper_left'====== Args={'value': 1, 'prev_value': 0, 'change': 1, 'player_num': 1}
2026-05-31 23:38:56,432 : INFO : EventManager : Event: ======'machine_var_audits_shots_bumper_left'====== Args={'value': 1, 'prev_value': None, 'change': True}
2026-05-31 23:38:56,433 : INFO : EventManager : Event: ======'bumper_left_hit'====== Args={'profile': 'default', 'state': 'unlit', 'advancing': True}
2026-05-31 23:38:56,433 : INFO : EventManager : Event: ======'bumper_left_default_hit'====== Args={'profile': 'default', 'state': 'unlit', 'advancing': True}
2026-05-31 23:38:56,433 : INFO : EventManager : Event: ======'bumper_left_default_unlit_hit'====== Args={'profile': 'default', 'state': 'unlit', 'advancing': True}
2026-05-31 23:38:56,433 : INFO : EventManager : Event: ======'bumper_left_unlit_hit'====== Args={'profile': 'default', 'state': 'unlit', 'advancing': True}
2026-05-31 23:38:56,434 : INFO : EventManager : Event: ======'bumpers_hit'====== Args={'shot': 'bumper_left'}
2026-05-31 23:38:56,434 : INFO : EventManager : Event: ======'bumpers_unlit_hit'====== Args={'shot': 'bumper_left'}
2026-05-31 23:38:56,434 : INFO : EventManager : Event: ======'player_score'====== Args={'value': 1000, 'prev_value': 0, 'change': 1000, 'player_num': 1, 'source': 'bumpers'}
2026-05-31 23:38:56,512 : INFO : SwitchController : <<<<<<< 's_bumper_left' inactive >>>>>>>
2026-05-31 23:38:56,764 : INFO : SwitchController : <<<<<<< 's_bumper_right' active >>>>>>>
2026-05-31 23:38:56,765 : INFO : EventManager : Event: ======'playfield_active'====== Args={'source': 'bumper_right'}
2026-05-31 23:38:56,765 : INFO : EventManager : Event: ======'unexpected_ball_on_playfield'====== Args={}
2026-05-31 23:38:56,765 : INFO : EventManager : Event: ======'s_bumper_right_active'====== Args={}
2026-05-31 23:38:56,766 : INFO : EventManager : Event: ======'machine_var_audits_switches_s_bumper_right'====== Args={'value': 1, 'prev_value': 0, 'change': 1}
2026-05-31 23:38:56,768 : INFO : EventManager : Event: ======'player_shot_bumper_right'====== Args={'value': 1, 'prev_value': 0, 'change': 1, 'player_num': 1}
2026-05-31 23:38:56,769 : INFO : EventManager : Event: ======'machine_var_audits_shots_bumper_right'====== Args={'value': 1, 'prev_value': None, 'change': True}
2026-05-31 23:38:56,770 : INFO : EventManager : Event: ======'bumper_right_hit'====== Args={'profile': 'default', 'state': 'unlit', 'advancing': True}
2026-05-31 23:38:56,770 : INFO : EventManager : Event: ======'bumper_right_default_hit'====== Args={'profile': 'default', 'state': 'unlit', 'advancing': True}
2026-05-31 23:38:56,770 : INFO : EventManager : Event: ======'bumper_right_default_unlit_hit'====== Args={'profile': 'default', 'state': 'unlit', 'advancing': True}
2026-05-31 23:38:56,771 : INFO : EventManager : Event: ======'bumper_right_unlit_hit'====== Args={'profile': 'default', 'state': 'unlit', 'advancing': True}
2026-05-31 23:38:56,771 : INFO : EventManager : Event: ======'bumpers_complete'====== Args={'state': 'lit'}
2026-05-31 23:38:56,771 : INFO : EventManager : Event: ======'bumpers_lit_complete'====== Args={}
2026-05-31 23:38:56,772 : INFO : EventManager : Event: ======'bumpers_hit'====== Args={'shot': 'bumper_right'}
2026-05-31 23:38:56,772 : INFO : EventManager : Event: ======'bumpers_unlit_hit'====== Args={'shot': 'bumper_right'}
2026-05-31 23:38:56,772 : INFO : EventManager : Event: ======'player_score'====== Args={'value': 2000, 'prev_value': 1000, 'change': 1000, 'player_num': 1, 'source': 'bumpers'}
2026-05-31 23:38:56,847 : INFO : SwitchController : <<<<<<< 's_bumper_right' inactive >>>>>>>
2026-05-31 23:38:58,921 : INFO : EventManager : Event: ======'balldevice_bd_trough_ball_eject_failed'====== Args={'target': <ball_device.bd_plunger>, 'balls': 1, 'retry': True, 'num_attempts': 1}
2026-05-31 23:38:58,924 : INFO : ball_device.bd_trough : State: waiting_for_target_ready
2026-05-31 23:38:58,925 : INFO : EventManager : Event: ======'balldevice_bd_trough_ball_eject_attempt'====== Args={'balls': 1, 'target': <ball_device.bd_plunger>, 'source': <ball_device.bd_trough>, 'mechanical_eject': False, 'num_attempts': 1}
2026-05-31 23:38:58,926 : INFO : ball_device.bd_trough : State: ejecting
2026-05-31 23:38:58,926 : INFO : ball_device.bd_trough : Ejecting ball to <ball_device.bd_plunger>
2026-05-31 23:38:58,926 : INFO : EventManager : Event: ======'balldevice_bd_trough_ejecting_ball'====== Args={'balls': 1, 'target': <ball_device.bd_plunger>, 'source': <ball_device.bd_trough>, 'mechanical_eject': False, 'num_attempts': 1}
2026-05-31 23:38:58,928 : INFO : ball_device.bd_trough : Wait for ball to leave device
2026-05-31 23:38:58,928 : INFO : coil.c_trough_eject : Pulsing Driver for 10ms (1.0 pulse_power)
2026-05-31 23:39:08,939 : INFO : EventManager : Event: ======'balldevice_bd_trough_ball_eject_failed'====== Args={'target': <ball_device.bd_plunger>, 'balls': 1, 'retry': True, 'num_attempts': 2}
2026-05-31 23:39:08,942 : INFO : ball_device.bd_trough : State: waiting_for_target_ready
2026-05-31 23:39:08,942 : INFO : EventManager : Event: ======'balldevice_bd_trough_ball_eject_attempt'====== Args={'balls': 1, 'target': <ball_device.bd_plunger>, 'source': <ball_device.bd_trough>, 'mechanical_eject': False, 'num_attempts': 2}
2026-05-31 23:39:08,944 : INFO : ball_device.bd_trough : State: ejecting
2026-05-31 23:39:08,944 : INFO : ball_device.bd_trough : Ejecting ball to <ball_device.bd_plunger>
2026-05-31 23:39:08,945 : INFO : EventManager : Event: ======'balldevice_bd_trough_ejecting_ball'====== Args={'balls': 1, 'target': <ball_device.bd_plunger>, 'source': <ball_device.bd_trough>, 'mechanical_eject': False, 'num_attempts': 2}
2026-05-31 23:39:08,945 : INFO : ball_device.bd_trough : Wait for ball to leave device
2026-05-31 23:39:08,946 : INFO : coil.c_trough_eject : Pulsing Driver for 10ms (1.0 pulse_power)
2026-05-31 23:39:18,952 : INFO : EventManager : Event: ======'balldevice_bd_trough_ball_eject_failed'====== Args={'target': <ball_device.bd_plunger>, 'balls': 1, 'retry': True, 'num_attempts': 3}
2026-05-31 23:39:18,956 : INFO : ball_device.bd_trough : State: waiting_for_target_ready
2026-05-31 23:39:18,957 : INFO : EventManager : Event: ======'balldevice_bd_trough_ball_eject_attempt'====== Args={'balls': 1, 'target': <ball_device.bd_plunger>, 'source': <ball_device.bd_trough>, 'mechanical_eject': False, 'num_attempts': 3}
2026-05-31 23:39:18,958 : INFO : ball_device.bd_trough : State: ejecting
2026-05-31 23:39:18,959 : INFO : ball_device.bd_trough : Ejecting ball to <ball_device.bd_plunger>
2026-05-31 23:39:18,959 : INFO : EventManager : Event: ======'balldevice_bd_trough_ejecting_ball'====== Args={'balls': 1, 'target': <ball_device.bd_plunger>, 'source': <ball_device.bd_trough>, 'mechanical_eject': False, 'num_attempts': 3}
2026-05-31 23:39:18,961 : INFO : ball_device.bd_trough : Wait for ball to leave device
2026-05-31 23:39:18,962 : INFO : coil.c_trough_eject : Pulsing Driver for 10ms (1.0 pulse_power)
2026-05-31 23:39:28,963 : INFO : EventManager : Event: ======'balldevice_bd_trough_ball_eject_failed'====== Args={'target': <ball_device.bd_plunger>, 'balls': 1, 'retry': True, 'num_attempts': 4}
2026-05-31 23:39:28,966 : INFO : ball_device.bd_trough : State: waiting_for_target_ready
2026-05-31 23:39:28,967 : INFO : EventManager : Event: ======'balldevice_bd_trough_ball_eject_attempt'====== Args={'balls': 1, 'target': <ball_device.bd_plunger>, 'source': <ball_device.bd_trough>, 'mechanical_eject': False, 'num_attempts': 4}
2026-05-31 23:39:28,968 : INFO : ball_device.bd_trough : State: ejecting
2026-05-31 23:39:28,968 : INFO : ball_device.bd_trough : Ejecting ball to <ball_device.bd_plunger>
2026-05-31 23:39:28,968 : INFO : EventManager : Event: ======'balldevice_bd_trough_ejecting_ball'====== Args={'balls': 1, 'target': <ball_device.bd_plunger>, 'source': <ball_device.bd_trough>, 'mechanical_eject': False, 'num_attempts': 4}
2026-05-31 23:39:28,970 : INFO : ball_device.bd_trough : Wait for ball to leave device
2026-05-31 23:39:28,970 : INFO : coil.c_trough_eject : Pulsing Driver for 10ms (1.0 pulse_power)
2026-05-31 23:39:38,986 : INFO : EventManager : Event: ======'balldevice_bd_trough_ball_eject_failed'====== Args={'target': <ball_device.bd_plunger>, 'balls': 1, 'retry': True, 'num_attempts': 5}
2026-05-31 23:39:38,988 : INFO : ball_device.bd_trough : State: waiting_for_target_ready
2026-05-31 23:39:38,989 : INFO : EventManager : Event: ======'balldevice_bd_trough_ball_eject_attempt'====== Args={'balls': 1, 'target': <ball_device.bd_plunger>, 'source': <ball_device.bd_trough>, 'mechanical_eject': False, 'num_attempts': 5}
2026-05-31 23:39:38,992 : INFO : ball_device.bd_trough : State: ejecting
2026-05-31 23:39:38,992 : INFO : ball_device.bd_trough : Ejecting ball to <ball_device.bd_plunger>
2026-05-31 23:39:38,992 : INFO : EventManager : Event: ======'balldevice_bd_trough_ejecting_ball'====== Args={'balls': 1, 'target': <ball_device.bd_plunger>, 'source': <ball_device.bd_trough>, 'mechanical_eject': False, 'num_attempts': 5}
2026-05-31 23:39:38,993 : INFO : ball_device.bd_trough : Wait for ball to leave device
2026-05-31 23:39:38,994 : INFO : coil.c_trough_eject : Pulsing Driver for 10ms (1.0 pulse_power)
2026-05-31 23:39:46,776 : INFO : Machine : Shutting down...
2026-05-31 23:39:46,777 : INFO : EventManager : Event: ======'shutdown'====== Args={}
2026-05-31 23:39:46,778 : INFO : EventManager : Event: ======'mode_game_will_stop'====== Args={}
2026-05-31 23:39:46,779 : INFO : EventManager : Event: ======'mode_game_stopping'====== Args={}
2026-05-31 23:39:46,781 : INFO : EventManager : Event: ======'mode_base_will_stop'====== Args={}
2026-05-31 23:39:46,781 : INFO : EventManager : Event: ======'mode_base_stopping'====== Args={}
2026-05-31 23:39:46,781 : INFO : EventManager : Event: ======'mode_bumpers_will_stop'====== Args={}
2026-05-31 23:39:46,781 : INFO : EventManager : Event: ======'mode_bumpers_stopping'====== Args={}
2026-05-31 23:39:46,782 : INFO : EventManager : Event: ======'stop_mode_bumpers'====== Args={'priority': 0}
2026-05-31 23:39:46,782 : INFO : Mode.bumpers : Stopped.
2026-05-31 23:39:46,782 : INFO : EventManager : Event: ======'modes_active_modes_changed'====== Args={}
2026-05-31 23:39:46,782 : INFO : EventManager : Event: ======'mode_bumpers_stopped'====== Args={}
2026-05-31 23:39:46,782 : INFO : EventManager : Event: ======'clear'====== Args={'key': 'bumpers'}
2026-05-31 23:39:46,782 : INFO : Mode.base : Stopped.
2026-05-31 23:39:46,783 : INFO : EventManager : Event: ======'modes_active_modes_changed'====== Args={}
2026-05-31 23:39:46,783 : INFO : EventManager : Event: ======'mode_base_stopped'====== Args={}
2026-05-31 23:39:46,783 : INFO : EventManager : Event: ======'clear'====== Args={'key': 'base'}
2026-05-31 23:39:46,783 : INFO : Mode.game : Stopped.
2026-05-31 23:39:46,783 : INFO : EventManager : Event: ======'modes_active_modes_changed'====== Args={}
2026-05-31 23:39:46,783 : INFO : EventManager : Event: ======'mode_game_stopped'====== Args={}
2026-05-31 23:39:46,783 : INFO : EventManager : Event: ======'clear'====== Args={'key': 'game'}
2026-05-31 23:39:46,789 : INFO : root : MPF run loop ended.
