2026-05-31 23:58:03,690 : INFO : root : Loading config.
2026-05-31 23:58:03,694 : INFO : YamlMultifileConfigLoader : Machine config file #1: config.yaml
2026-05-31 23:58:03,694 : INFO : ConfigProcessor : Loading config from cache: C:\Users\mpf\AppData\Local\Temp\79c4d80ce629f23fc794c150aa180213.mpf_cache
2026-05-31 23:58:03,783 : INFO : ConfigProcessor : Loading config from cache: C:\Users\mpf\AppData\Local\Temp\7e0b951d6590b841dca7e21104841ff3.mpf_cache
2026-05-31 23:58:03,784 : INFO : ConfigProcessor : Loading config from cache: C:\Users\mpf\AppData\Local\Temp\7619cb164ca9753a8c8174f599337faf.mpf_cache
2026-05-31 23:58:03,784 : INFO : ConfigProcessor : Loading config from cache: C:\Users\mpf\AppData\Local\Temp\7e0b951d6590b841dca7e21104841ff3.mpf_cache
2026-05-31 23:58:03,785 : INFO : ConfigProcessor : Loading config from cache: C:\Users\mpf\AppData\Local\Temp\e17831009a0d4b99b759e461e9901fd1.mpf_cache
2026-05-31 23:58:03,785 : INFO : ConfigProcessor : Loading config from cache: C:\Users\mpf\AppData\Local\Temp\b2527734cca651781ec2296cfbe7a175.mpf_cache
2026-05-31 23:58:03,786 : INFO : Machine : Mission Pinball Framework Core Engine v0.81.0.dev1
2026-05-31 23:58:03,786 : INFO : Machine : Command line arguments: {'no_load_cache': False, 'create_config_cache': True, 'bcp': True, 'configfile': ['config.yaml'], 'force_assets_load': False, 'platform_integration_test': False, 'jsonlogging': False, 'logfile': 'logs\\2026-05-31-23-58-03-mpf-DESKTOP-OC28BPB.log', 'pause': False, 'production': False, 'text_ui': False, 'loglevel': 15, 'consoleloglevel': 20, 'force_platform': 'virtual', 'syslog_address': None, 'full_logfile_path': 'C:\\users\\mpf\\documents\\wcgpin1\\logs\\2026-05-31-23-58-03-mpf-DESKTOP-OC28BPB.log'}
2026-05-31 23:58:03,786 : INFO : Machine : MPF path: C:\users\mpf\mpfven\Lib\site-packages\mpf
2026-05-31 23:58:03,786 : INFO : Machine : Machine path: C:\users\mpf\documents\wcgpin1
2026-05-31 23:58:03,786 : INFO : Machine : Platform: win32
2026-05-31 23:58:03,786 : INFO : Machine : Python executable location: C:\users\mpf\mpfven\Scripts\python.exe
2026-05-31 23:58:03,786 : INFO : Machine : Python version: 3.13.12 (64-bit)
2026-05-31 23:58:03,788 : INFO : Machine : Initializing MPF...
2026-05-31 23:58:03,900 : INFO : EventManager : Event: ======'machine_var_credits_string'====== Args={'value': 'FREE PLAY', 'prev_value': None, 'change': True}
2026-05-31 23:58:03,925 : INFO : EventManager : Event: ======'machine_var_master_volume'====== Args={'value': 0.5, 'prev_value': None, 'change': True}
2026-05-31 23:58:03,925 : INFO : EventManager : Event: ======'machine_var_mpf_version'====== Args={'value': 'Mission Pinball Framework v0.81.0.dev1', 'prev_value': None, 'change': True}
2026-05-31 23:58:03,925 : INFO : EventManager : Event: ======'machine_var_mpf_extended_version'====== Args={'value': 'Mission Pinball Framework v0.81.0.dev1, Config version:6, Show version: 6, BCP version:1.1', 'prev_value': None, 'change': True}
2026-05-31 23:58:03,926 : INFO : EventManager : Event: ======'machine_var_python_version'====== Args={'value': '3.13.12', 'prev_value': None, 'change': True}
2026-05-31 23:58:04,063 : INFO : EventManager : Event: ======'machine_var_platform'====== Args={'value': 'Windows-11-10.0.26200-SP0', 'prev_value': None, 'change': True}
2026-05-31 23:58:04,063 : INFO : EventManager : Event: ======'machine_var_platform_system'====== Args={'value': 'Windows', 'prev_value': None, 'change': True}
2026-05-31 23:58:04,063 : INFO : EventManager : Event: ======'machine_var_platform_release'====== Args={'value': '11', 'prev_value': None, 'change': True}
2026-05-31 23:58:04,063 : INFO : EventManager : Event: ======'machine_var_platform_version'====== Args={'value': '10.0.26200', 'prev_value': None, 'change': True}
2026-05-31 23:58:04,063 : INFO : EventManager : Event: ======'machine_var_platform_machine'====== Args={'value': 'AMD64', 'prev_value': None, 'change': True}
2026-05-31 23:58:04,063 : INFO : EventManager : Event: ======'machine_var_log_file_path'====== Args={'value': 'C:\\users\\mpf\\documents\\wcgpin1\\logs\\2026-05-31-23-58-03-mpf-DESKTOP-OC28BPB.log', 'prev_value': None, 'change': True}
2026-05-31 23:58:04,063 : INFO : EventManager : Event: ======'init_phase_1'====== Args={}
2026-05-31 23:58:04,081 : INFO : EventManager : Event: ======'init_phase_2'====== Args={}
2026-05-31 23:58:04,081 : INFO : SwitchController : Found active switch: (1006, <Platform.Virtual>) <switch.s_trough_1>
2026-05-31 23:58:04,081 : INFO : SwitchController : Found active switch: (1007, <Platform.Virtual>) <switch.s_trough_2>
2026-05-31 23:58:04,081 : INFO : SwitchController : Found active switch: (1008, <Platform.Virtual>) <switch.s_trough_3>
2026-05-31 23:58:04,082 : INFO : EventManager : Event: ======'bcp_connection_attempt'====== Args={'name': 'local_display', 'host': 'localhost', 'port': 5050}
2026-05-31 23:58:04,085 : INFO : BCPClientSocket : Connecting BCP to 'local_display' at localhost:5050...
2026-05-31 23:58:04,095 : INFO : BCPClientSocket : Connected BCP to 'local_display' localhost:5050
2026-05-31 23:58:04,096 : INFO : EventManager : Event: ======'bcp_clients_connected'====== Args={}
2026-05-31 23:58:04,096 : INFO : ball_device.bd_plunger : BCH: Initial count: 0
2026-05-31 23:58:04,096 : INFO : ball_device.bd_plunger : State: idle
2026-05-31 23:58:04,096 : INFO : ball_device.bd_trough : BCH: Initial count: 3
2026-05-31 23:58:04,096 : INFO : ball_device.bd_trough : State: idle
2026-05-31 23:58:04,121 : INFO : EventManager : Event: ======'init_phase_3'====== Args={}
2026-05-31 23:58:04,123 : INFO : EventManager : Event: ======'init_phase_4'====== Args={}
2026-05-31 23:58:04,123 : INFO : BallController : Initial balls found: 3
2026-05-31 23:58:04,124 : INFO : EventManager : Event: ======'machine_var_audits_events_game_ended'====== Args={'value': 0, 'prev_value': None, 'change': True}
2026-05-31 23:58:04,125 : INFO : EventManager : Event: ======'machine_var_audits_events_game_started'====== Args={'value': 5, 'prev_value': None, 'change': True}
2026-05-31 23:58:04,125 : INFO : EventManager : Event: ======'machine_var_audits_missing_switches_s_bumper_left'====== Args={'value': 1, 'prev_value': None, 'change': True}
2026-05-31 23:58:04,125 : INFO : EventManager : Event: ======'machine_var_audits_missing_switches_s_bumper_right'====== Args={'value': 1, 'prev_value': None, 'change': True}
2026-05-31 23:58:04,125 : INFO : EventManager : Event: ======'machine_var_audits_missing_switches_s_flipper_left'====== Args={'value': 5, 'prev_value': None, 'change': True}
2026-05-31 23:58:04,125 : INFO : EventManager : Event: ======'machine_var_audits_missing_switches_s_flipper_right'====== Args={'value': 5, 'prev_value': None, 'change': True}
2026-05-31 23:58:04,125 : INFO : EventManager : Event: ======'machine_var_audits_missing_switches_s_left_lane'====== Args={'value': 4, 'prev_value': None, 'change': True}
2026-05-31 23:58:04,125 : INFO : EventManager : Event: ======'machine_var_audits_missing_switches_s_plunger_lane'====== Args={'value': 5, 'prev_value': None, 'change': True}
2026-05-31 23:58:04,125 : INFO : EventManager : Event: ======'machine_var_audits_missing_switches_s_start'====== Args={'value': 3, 'prev_value': None, 'change': True}
2026-05-31 23:58:04,125 : INFO : EventManager : Event: ======'machine_var_audits_missing_switches_s_trough_1'====== Args={'value': 5, 'prev_value': None, 'change': True}
2026-05-31 23:58:04,125 : INFO : EventManager : Event: ======'machine_var_audits_missing_switches_s_trough_2'====== Args={'value': 5, 'prev_value': None, 'change': True}
2026-05-31 23:58:04,125 : INFO : EventManager : Event: ======'machine_var_audits_missing_switches_s_trough_3'====== Args={'value': 5, 'prev_value': None, 'change': True}
2026-05-31 23:58:04,125 : INFO : EventManager : Event: ======'machine_var_audits_player_score'====== Args={'value': {'average': 0, 'top': [], 'total': 0}, 'prev_value': None, 'change': True}
2026-05-31 23:58:04,125 : INFO : EventManager : Event: ======'machine_var_audits_shots_bumper_left'====== Args={'value': 6, 'prev_value': None, 'change': True}
2026-05-31 23:58:04,125 : INFO : EventManager : Event: ======'machine_var_audits_shots_bumper_right'====== Args={'value': 6, 'prev_value': None, 'change': True}
2026-05-31 23:58:04,125 : INFO : EventManager : Event: ======'machine_var_audits_switches_s_bumper_left'====== Args={'value': 6, 'prev_value': None, 'change': True}
2026-05-31 23:58:04,125 : INFO : EventManager : Event: ======'machine_var_audits_switches_s_bumper_right'====== Args={'value': 6, 'prev_value': None, 'change': True}
2026-05-31 23:58:04,125 : INFO : EventManager : Event: ======'machine_var_audits_switches_s_flipper_left'====== Args={'value': 0, 'prev_value': None, 'change': True}
2026-05-31 23:58:04,126 : INFO : EventManager : Event: ======'machine_var_audits_switches_s_flipper_right'====== Args={'value': 0, 'prev_value': None, 'change': True}
2026-05-31 23:58:04,126 : INFO : EventManager : Event: ======'machine_var_audits_switches_s_left_lane'====== Args={'value': 1, 'prev_value': None, 'change': True}
2026-05-31 23:58:04,126 : INFO : EventManager : Event: ======'machine_var_audits_switches_s_plunger_lane'====== Args={'value': 0, 'prev_value': None, 'change': True}
2026-05-31 23:58:04,126 : INFO : EventManager : Event: ======'machine_var_audits_switches_s_start'====== Args={'value': 2, 'prev_value': None, 'change': True}
2026-05-31 23:58:04,126 : INFO : EventManager : Event: ======'machine_var_audits_switches_s_trough_1'====== Args={'value': 0, 'prev_value': None, 'change': True}
2026-05-31 23:58:04,126 : INFO : EventManager : Event: ======'machine_var_audits_switches_s_trough_2'====== Args={'value': 0, 'prev_value': None, 'change': True}
2026-05-31 23:58:04,126 : INFO : EventManager : Event: ======'machine_var_audits_switches_s_trough_3'====== Args={'value': 0, 'prev_value': None, 'change': True}
2026-05-31 23:58:04,126 : INFO : EventManager : Event: ======'init_phase_5'====== Args={}
2026-05-31 23:58:04,126 : INFO : EventManager : Event: ======'init_done'====== Args={}
2026-05-31 23:58:04,126 : INFO : EventManager : Event: ======'machine_reset_phase_1'====== Args={}
2026-05-31 23:58:04,135 : INFO : EventManager : Event: ======'machine_reset_phase_2'====== Args={}
2026-05-31 23:58:04,135 : INFO : EventManager : Event: ======'machine_reset_phase_3'====== Args={}
2026-05-31 23:58:04,136 : INFO : EventManager : Event: ======'reset_complete'====== Args={}
2026-05-31 23:58:04,136 : INFO : EventManager : Event: ======'mode_attract_will_start'====== Args={}
2026-05-31 23:58:04,137 : INFO : Timer.attract_carousel_timer : Starting Timer.
2026-05-31 23:58:04,137 : INFO : EventManager : Event: ======'timer_attract_carousel_timer_started'====== Args={'ticks': 0, 'ticks_remaining': 1}
2026-05-31 23:58:04,137 : INFO : EventManager : Event: ======'timer_attract_carousel_timer_tick'====== Args={'ticks': 0, 'ticks_remaining': 1}
2026-05-31 23:58:04,138 : INFO : EventManager : Event: ======'mode_attract_starting'====== Args={}
2026-05-31 23:58:04,138 : INFO : Mode.attract : Started. Priority: 10
2026-05-31 23:58:04,138 : INFO : EventManager : Event: ======'modes_active_modes_changed'====== Args={}
2026-05-31 23:58:04,138 : INFO : EventManager : Event: ======'mode_attract_started'====== Args={}
2026-05-31 23:58:04,139 : INFO : EventManager : Event: ======'collecting_balls_complete'====== Args={}
2026-05-31 23:58:04,139 : INFO : EventManager : Event: ======'carousel_item_highlighted'====== Args={'carousel': 'attract', 'direction': None, 'item': 'title'}
2026-05-31 23:58:04,139 : INFO : EventManager : Event: ======'timer_attract_carousel_timer_tick'====== Args={'ticks': 0, 'ticks_remaining': 1}
2026-05-31 23:58:04,141 : INFO : Machine : Starting the main run loop with active modes: [<Mode.attract>]
2026-05-31 23:58:04,169 : INFO : EventManager : Event: ======'slide_attract_created'====== Args={'_from_bcp': True}
2026-05-31 23:58:04,170 : INFO : EventManager : Event: ======'slide__removed'====== Args={'_from_bcp': True}
2026-05-31 23:58:04,170 : INFO : EventManager : Event: ======'slide_attract_active'====== Args={'original_context': 'attract', 'original_calling_context': 'mode_attract_started', 'priority': 10.0, 'cmd': 'slides_play', '_from_bcp': True}
2026-05-31 23:58:09,152 : INFO : Timer.attract_carousel_timer : Timer Complete
2026-05-31 23:58:09,153 : INFO : Timer.attract_carousel_timer : Stopping Timer
2026-05-31 23:58:09,153 : INFO : EventManager : Event: ======'timer_attract_carousel_timer_stopped'====== Args={'ticks': 1, 'ticks_remaining': 1}
2026-05-31 23:58:09,154 : INFO : EventManager : Event: ======'timer_attract_carousel_timer_complete'====== Args={'ticks': 1, 'ticks_remaining': 1}
2026-05-31 23:58:09,155 : INFO : EventManager : Event: ======'carousel_item_highlighted'====== Args={'carousel': 'attract', 'direction': 'forwards', 'item': 'credits'}
2026-05-31 23:58:09,157 : INFO : Timer.attract_carousel_timer : Starting Timer.
2026-05-31 23:58:09,157 : INFO : EventManager : Event: ======'timer_attract_carousel_timer_started'====== Args={'ticks': 0, 'ticks_remaining': 1}
2026-05-31 23:58:09,157 : INFO : EventManager : Event: ======'timer_attract_carousel_timer_tick'====== Args={'ticks': 0, 'ticks_remaining': 1}
2026-05-31 23:58:14,172 : INFO : Timer.attract_carousel_timer : Timer Complete
2026-05-31 23:58:14,172 : INFO : Timer.attract_carousel_timer : Stopping Timer
2026-05-31 23:58:14,172 : INFO : EventManager : Event: ======'timer_attract_carousel_timer_stopped'====== Args={'ticks': 1, 'ticks_remaining': 1}
2026-05-31 23:58:14,173 : INFO : EventManager : Event: ======'timer_attract_carousel_timer_complete'====== Args={'ticks': 1, 'ticks_remaining': 1}
2026-05-31 23:58:14,173 : INFO : EventManager : Event: ======'carousel_item_highlighted'====== Args={'carousel': 'attract', 'direction': 'forwards', 'item': 'mpf_logo'}
2026-05-31 23:58:14,175 : INFO : Timer.attract_carousel_timer : Starting Timer.
2026-05-31 23:58:14,176 : INFO : EventManager : Event: ======'timer_attract_carousel_timer_started'====== Args={'ticks': 0, 'ticks_remaining': 1}
2026-05-31 23:58:14,176 : INFO : EventManager : Event: ======'timer_attract_carousel_timer_tick'====== Args={'ticks': 0, 'ticks_remaining': 1}
2026-05-31 23:58:16,263 : INFO : SwitchController : <<<<<<< 's_start' active >>>>>>>
2026-05-31 23:58:16,330 : INFO : SwitchController : <<<<<<< 's_start' inactive >>>>>>>
2026-05-31 23:58:16,330 : INFO : EventManager : Event: ======'request_to_start_game'====== Args={}
2026-05-31 23:58:16,331 : INFO : EventManager : Event: ======'game_start'====== Args={'buttons': [], 'hold_time': 0.06675660004839301}
2026-05-31 23:58:16,331 : INFO : EventManager : Event: ======'mode_game_will_start'====== Args={'buttons': [], 'hold_time': 0.06675660004839301}
2026-05-31 23:58:16,334 : INFO : EventManager : Event: ======'mode_game_starting'====== Args={'buttons': [], 'hold_time': 0.06675660004839301}
2026-05-31 23:58:16,335 : INFO : EventManager : Event: ======'mode_attract_will_stop'====== Args={}
2026-05-31 23:58:16,335 : INFO : EventManager : Event: ======'mode_attract_stopping'====== Args={}
2026-05-31 23:58:16,335 : INFO : Mode.attract : Stopped.
2026-05-31 23:58:16,336 : INFO : EventManager : Event: ======'modes_active_modes_changed'====== Args={}
2026-05-31 23:58:16,337 : INFO : EventManager : Event: ======'mode_attract_stopped'====== Args={}
2026-05-31 23:58:16,337 : INFO : EventManager : Event: ======'clear'====== Args={'key': 'attract'}
2026-05-31 23:58:16,337 : INFO : Timer.attract_carousel_timer : Stopping Timer
2026-05-31 23:58:16,338 : INFO : EventManager : Event: ======'timer_attract_carousel_timer_stopped'====== Args={'ticks': 0, 'ticks_remaining': 1}
2026-05-31 23:58:16,338 : INFO : Mode.game : Started. Priority: 20
2026-05-31 23:58:16,338 : INFO : EventManager : Event: ======'modes_active_modes_changed'====== Args={}
2026-05-31 23:58:16,338 : INFO : EventManager : Event: ======'mode_game_started'====== Args={'buttons': [], 'hold_time': 0.06675660004839301}
2026-05-31 23:58:16,340 : INFO : EventManager : Event: ======'game_will_start'====== Args={}
2026-05-31 23:58:16,341 : INFO : EventManager : Event: ======'game_starting'====== Args={'game': <Mode.game>}
2026-05-31 23:58:16,343 : INFO : EventManager : Unordered handler for class <Auditor> on event game_ended with priority 1. Handlers: [RegisteredHandler(callback=<bound method Auditor.disable of <Auditor>>, priority=1, kwargs={}, key=UUID('d549bf1d-728f-41a6-a0b3-e1613dddf8d2'), condition=None, blocking_facility=None), RegisteredHandler(callback=<bound method Auditor._save_audits of <Auditor>>, priority=1, kwargs={}, key=UUID('53de7501-3b9b-4fea-acbd-9a3b1a7de370'), condition=None, blocking_facility=None)]. The order of those handlers is not defined and they will be executed in random order. This might lead to race conditions and potential bugs.
2026-05-31 23:58:16,343 : INFO : EventManager : Event: ======'player_add_request'====== Args={}
2026-05-31 23:58:16,344 : INFO : EventManager : Event: ======'player_will_add'====== Args={'number': 1}
2026-05-31 23:58:16,344 : INFO : EventManager : Event: ======'player_adding'====== Args={'player': <Player 1>, 'number': 1}
2026-05-31 23:58:16,345 : INFO : EventManager : Event: ======'player_added'====== Args={'player': <Player 1>, 'num': 1}
2026-05-31 23:58:16,345 : INFO : Mode.game : Player added successfully. Total players: 1
2026-05-31 23:58:16,347 : INFO : EventManager : Event: ======'player_index'====== Args={'value': 0, 'prev_value': 0, 'change': 0, 'player_num': 1}
2026-05-31 23:58:16,347 : INFO : EventManager : Event: ======'player_number'====== Args={'value': 1, 'prev_value': 1, 'change': 0, 'player_num': 1}
2026-05-31 23:58:16,348 : INFO : EventManager : Event: ======'player_score'====== Args={'value': 0, 'prev_value': 0, 'change': 0, 'player_num': 1}
2026-05-31 23:58:16,349 : INFO : EventManager : Event: ======'game_started'====== Args={}
2026-05-31 23:58:16,351 : INFO : EventManager : Event: ======'player_turn_will_start'====== Args={'player': <Player 1>, 'number': 1}
2026-05-31 23:58:16,351 : INFO : EventManager : Event: ======'player_turn_starting'====== Args={'player': <Player 1>, 'number': 1}
2026-05-31 23:58:16,352 : INFO : EventManager : Event: ======'player_ball'====== Args={'value': 1, 'prev_value': 0, 'change': 1, 'player_num': 1}
2026-05-31 23:58:16,354 : INFO : EventManager : Event: ======'player_turn_started'====== Args={'player': <Player 1>, 'number': 1}
2026-05-31 23:58:16,357 : INFO : EventManager : Event: ======'ball_will_start'====== Args={'player': 1, 'ball': 1, 'balls_remaining': 2, 'is_extra_ball': False}
2026-05-31 23:58:16,358 : INFO : EventManager : Event: ======'ball_starting'====== Args={'player': 1, 'ball': 1, 'balls_remaining': 2, 'is_extra_ball': False}
2026-05-31 23:58:16,358 : INFO : EventManager : Event: ======'mode_base_will_start'====== Args={'queue': <QueuedEvent>, 'player': 1, 'ball': 1, 'balls_remaining': 2, 'is_extra_ball': False}
2026-05-31 23:58:16,370 : INFO : EventManager : Event: ======'mode_base_starting'====== Args={'queue': <QueuedEvent>, 'player': 1, 'ball': 1, 'balls_remaining': 2, 'is_extra_ball': False}
2026-05-31 23:58:16,371 : INFO : Mode.base : Started. Priority: 100
2026-05-31 23:58:16,371 : INFO : EventManager : Event: ======'modes_active_modes_changed'====== Args={}
2026-05-31 23:58:16,371 : INFO : EventManager : Event: ======'mode_base_started'====== Args={'queue': <QueuedEvent>, 'player': 1, 'ball': 1, 'balls_remaining': 2, 'is_extra_ball': False}
2026-05-31 23:58:16,371 : INFO : EventManager : Event: ======'start_mode_bumpers'====== Args={'priority': 0}
2026-05-31 23:58:16,372 : INFO : EventManager : Event: ======'mode_bumpers_will_start'====== Args={'priority': 0}
2026-05-31 23:58:16,372 : INFO : EventManager : Event: ======'player_shot_bumper_left_enabled'====== Args={'value': True, 'prev_value': 0, 'change': 1, 'player_num': 1}
2026-05-31 23:58:16,372 : INFO : EventManager : Event: ======'player_shot_bumper_right_enabled'====== Args={'value': True, 'prev_value': 0, 'change': 1, 'player_num': 1}
2026-05-31 23:58:16,372 : INFO : EventManager : Event: ======'bumpers_complete'====== Args={'state': 'unlit'}
2026-05-31 23:58:16,373 : INFO : EventManager : Event: ======'bumpers_unlit_complete'====== Args={}
2026-05-31 23:58:16,374 : INFO : EventManager : Event: ======'mode_bumpers_starting'====== Args={'priority': 0}
2026-05-31 23:58:16,374 : INFO : Mode.bumpers : Started. Priority: 200
2026-05-31 23:58:16,374 : INFO : EventManager : Event: ======'modes_active_modes_changed'====== Args={}
2026-05-31 23:58:16,374 : INFO : EventManager : Event: ======'mode_bumpers_started'====== Args={'priority': 0}
2026-05-31 23:58:16,374 : INFO : EventManager : Event: ======'balls_in_play'====== Args={'balls': 1}
2026-05-31 23:58:16,374 : INFO : EventManager : Event: ======'ball_started'====== Args={'player': 1, 'ball': 1, 'balls_remaining': 2, 'is_extra_ball': False}
2026-05-31 23:58:16,375 : INFO : EventManager : Event: ======'single_player_ball_started'====== Args={}
2026-05-31 23:58:16,375 : INFO : EventManager : Event: ======'ball_start_target'====== Args={'target': 'playfield'}
2026-05-31 23:58:16,376 : INFO : ball_device.bd_trough : Setting up player-controlled eject. Balls: 1, Target: <playfield.playfield>, player_controlled_eject_event: None
2026-05-31 23:58:16,376 : INFO : ball_device.bd_trough : Adding 1 ball(s) to the eject_queue with target <playfield.playfield>.
2026-05-31 23:58:16,376 : INFO : EventManager : Event: ======'balldevice_balls_available'====== Args={}
2026-05-31 23:58:16,378 : INFO : ball_device.bd_trough : State: waiting_for_target_ready
2026-05-31 23:58:16,378 : INFO : EventManager : Event: ======'balldevice_bd_trough_ball_eject_attempt'====== Args={'balls': 1, 'target': <ball_device.bd_plunger>, 'source': <ball_device.bd_trough>, 'mechanical_eject': False, 'num_attempts': 0}
2026-05-31 23:58:16,382 : INFO : ball_device.bd_plunger : State: waiting_for_ball
2026-05-31 23:58:16,384 : INFO : ball_device.bd_trough : State: ejecting
2026-05-31 23:58:16,384 : INFO : ball_device.bd_trough : Ejecting ball to <ball_device.bd_plunger>
2026-05-31 23:58:16,385 : INFO : EventManager : Event: ======'balldevice_bd_trough_ejecting_ball'====== Args={'balls': 1, 'target': <ball_device.bd_plunger>, 'source': <ball_device.bd_trough>, 'mechanical_eject': False, 'num_attempts': 0}
2026-05-31 23:58:16,385 : INFO : ball_device.bd_trough : Wait for ball to leave device
2026-05-31 23:58:16,386 : INFO : coil.c_trough_eject : Pulsing Driver for 10ms (1.0 pulse_power)
2026-05-31 23:58:16,395 : INFO : EventManager : Event: ======'slide_base_slide_created'====== Args={'_from_bcp': True}
2026-05-31 23:58:16,396 : INFO : EventManager : Event: ======'slide_attract_inactive'====== Args={'is_removing': True, '_from_bcp': True}
2026-05-31 23:58:16,396 : INFO : EventManager : Event: ======'slide_base_slide_active'====== Args={'original_context': 'base', 'original_calling_context': 'mode_base_started', 'priority': 100.0, 'queue': '<QueuedEvent>', 'player': 1.0, 'ball': 1.0, 'balls_remaining': 2.0, 'is_extra_ball': False, 'cmd': 'slides_play', '_from_bcp': True}
2026-05-31 23:58:16,396 : INFO : EventManager : Event: ======'slide_attract_removed'====== Args={'_from_bcp': True}
2026-05-31 23:58:26,397 : INFO : EventManager : Event: ======'balldevice_bd_trough_ball_eject_failed'====== Args={'target': <ball_device.bd_plunger>, 'balls': 1, 'retry': True, 'num_attempts': 1}
2026-05-31 23:58:26,400 : INFO : ball_device.bd_trough : State: waiting_for_target_ready
2026-05-31 23:58:26,402 : INFO : EventManager : Event: ======'balldevice_bd_trough_ball_eject_attempt'====== Args={'balls': 1, 'target': <ball_device.bd_plunger>, 'source': <ball_device.bd_trough>, 'mechanical_eject': False, 'num_attempts': 1}
2026-05-31 23:58:26,402 : INFO : ball_device.bd_trough : State: ejecting
2026-05-31 23:58:26,403 : INFO : ball_device.bd_trough : Ejecting ball to <ball_device.bd_plunger>
2026-05-31 23:58:26,403 : INFO : EventManager : Event: ======'balldevice_bd_trough_ejecting_ball'====== Args={'balls': 1, 'target': <ball_device.bd_plunger>, 'source': <ball_device.bd_trough>, 'mechanical_eject': False, 'num_attempts': 1}
2026-05-31 23:58:26,403 : INFO : ball_device.bd_trough : Wait for ball to leave device
2026-05-31 23:58:26,403 : INFO : coil.c_trough_eject : Pulsing Driver for 10ms (1.0 pulse_power)
2026-05-31 23:58:36,155 : INFO : Machine : Shutting down...
2026-05-31 23:58:36,156 : INFO : EventManager : Event: ======'shutdown'====== Args={}
2026-05-31 23:58:36,157 : INFO : EventManager : Event: ======'mode_game_will_stop'====== Args={}
2026-05-31 23:58:36,157 : INFO : EventManager : Event: ======'mode_game_stopping'====== Args={}
2026-05-31 23:58:36,158 : INFO : EventManager : Event: ======'mode_bumpers_will_stop'====== Args={}
2026-05-31 23:58:36,158 : INFO : EventManager : Event: ======'mode_bumpers_stopping'====== Args={}
2026-05-31 23:58:36,158 : INFO : EventManager : Event: ======'mode_base_will_stop'====== Args={}
2026-05-31 23:58:36,158 : INFO : EventManager : Event: ======'mode_base_stopping'====== Args={}
2026-05-31 23:58:36,159 : INFO : EventManager : Event: ======'stop_mode_bumpers'====== Args={'priority': 0}
2026-05-31 23:58:36,159 : INFO : Mode.base : Stopped.
2026-05-31 23:58:36,159 : INFO : EventManager : Event: ======'modes_active_modes_changed'====== Args={}
2026-05-31 23:58:36,159 : INFO : EventManager : Event: ======'mode_base_stopped'====== Args={}
2026-05-31 23:58:36,159 : INFO : EventManager : Event: ======'clear'====== Args={'key': 'base'}
2026-05-31 23:58:36,159 : INFO : Mode.bumpers : Stopped.
2026-05-31 23:58:36,159 : INFO : EventManager : Event: ======'modes_active_modes_changed'====== Args={}
2026-05-31 23:58:36,159 : INFO : EventManager : Event: ======'mode_bumpers_stopped'====== Args={}
2026-05-31 23:58:36,159 : INFO : EventManager : Event: ======'clear'====== Args={'key': 'bumpers'}
2026-05-31 23:58:36,160 : INFO : Mode.game : Stopped.
2026-05-31 23:58:36,160 : INFO : EventManager : Event: ======'modes_active_modes_changed'====== Args={}
2026-05-31 23:58:36,160 : INFO : EventManager : Event: ======'mode_game_stopped'====== Args={}
2026-05-31 23:58:36,160 : INFO : EventManager : Event: ======'clear'====== Args={'key': 'game'}
2026-05-31 23:58:36,163 : INFO : root : MPF run loop ended.
