2026-05-20 19:36:49,187 : INFO : root : Loading config.
2026-05-20 19:36:49,215 : INFO : YamlMultifileConfigLoader : Machine config file #1: config.yaml
2026-05-20 19:36:49,215 : INFO : ConfigProcessor : Loading config from cache: C:\Users\mpf\AppData\Local\Temp\79c4d80ce629f23fc794c150aa180213.mpf_cache
2026-05-20 19:36:49,344 : INFO : ConfigProcessor : Loading config from cache: C:\Users\mpf\AppData\Local\Temp\7e0b951d6590b841dca7e21104841ff3.mpf_cache
2026-05-20 19:36:49,379 : INFO : ConfigProcessor : Loading config from cache: C:\Users\mpf\AppData\Local\Temp\7619cb164ca9753a8c8174f599337faf.mpf_cache
2026-05-20 19:36:49,422 : INFO : ConfigProcessor : Loading config from cache: C:\Users\mpf\AppData\Local\Temp\7e0b951d6590b841dca7e21104841ff3.mpf_cache
2026-05-20 19:36:49,423 : INFO : ConfigProcessor : Loading config from cache: C:\Users\mpf\AppData\Local\Temp\e17831009a0d4b99b759e461e9901fd1.mpf_cache
2026-05-20 19:36:49,470 : INFO : Machine : Mission Pinball Framework Core Engine v0.81.0.dev1
2026-05-20 19:36:49,470 : INFO : Machine : Command line arguments: {'no_load_cache': False, 'create_config_cache': True, 'bcp': True, 'configfile': ['config.yaml'], 'force_assets_load': False, 'platform_integration_test': False, 'jsonlogging': False, 'logfile': 'logs\\2026-05-20-19-36-49-mpf-DESKTOP-OC28BPB.log', 'pause': False, 'production': False, 'text_ui': False, 'loglevel': 15, 'consoleloglevel': 20, 'force_platform': 'virtual', 'syslog_address': None, 'full_logfile_path': 'C:\\users\\mpf\\documents\\wcgpin1\\logs\\2026-05-20-19-36-49-mpf-DESKTOP-OC28BPB.log'}
2026-05-20 19:36:49,470 : INFO : Machine : MPF path: C:\users\mpf\mpfven\Lib\site-packages\mpf
2026-05-20 19:36:49,470 : INFO : Machine : Machine path: C:\users\mpf\documents\wcgpin1
2026-05-20 19:36:49,470 : INFO : Machine : Platform: win32
2026-05-20 19:36:49,470 : INFO : Machine : Python executable location: C:\users\mpf\mpfven\Scripts\python.exe
2026-05-20 19:36:49,471 : INFO : Machine : Python version: 3.13.12 (64-bit)
2026-05-20 19:36:49,474 : INFO : Machine : Initializing MPF...
2026-05-20 19:36:49,881 : INFO : EventManager : Event: ======'machine_var_credits_string'====== Args={'value': 'FREE PLAY', 'prev_value': None, 'change': True}
2026-05-20 19:36:49,908 : INFO : EventManager : Event: ======'machine_var_master_volume'====== Args={'value': 0.5, 'prev_value': None, 'change': True}
2026-05-20 19:36:49,908 : INFO : EventManager : Event: ======'machine_var_mpf_version'====== Args={'value': 'Mission Pinball Framework v0.81.0.dev1', 'prev_value': None, 'change': True}
2026-05-20 19:36:49,908 : INFO : EventManager : Event: ======'machine_var_mpf_extended_version'====== Args={'value': 'Mission Pinball Framework v0.81.0.dev1, Config version:6, Show version: 6, BCP version:1.1', 'prev_value': None, 'change': True}
2026-05-20 19:36:49,909 : INFO : EventManager : Event: ======'machine_var_python_version'====== Args={'value': '3.13.12', 'prev_value': None, 'change': True}
2026-05-20 19:36:50,165 : INFO : EventManager : Event: ======'machine_var_platform'====== Args={'value': 'Windows-11-10.0.26200-SP0', 'prev_value': None, 'change': True}
2026-05-20 19:36:50,165 : INFO : EventManager : Event: ======'machine_var_platform_system'====== Args={'value': 'Windows', 'prev_value': None, 'change': True}
2026-05-20 19:36:50,165 : INFO : EventManager : Event: ======'machine_var_platform_release'====== Args={'value': '11', 'prev_value': None, 'change': True}
2026-05-20 19:36:50,165 : INFO : EventManager : Event: ======'machine_var_platform_version'====== Args={'value': '10.0.26200', 'prev_value': None, 'change': True}
2026-05-20 19:36:50,165 : INFO : EventManager : Event: ======'machine_var_platform_machine'====== Args={'value': 'AMD64', 'prev_value': None, 'change': True}
2026-05-20 19:36:50,165 : INFO : EventManager : Event: ======'machine_var_log_file_path'====== Args={'value': 'C:\\users\\mpf\\documents\\wcgpin1\\logs\\2026-05-20-19-36-49-mpf-DESKTOP-OC28BPB.log', 'prev_value': None, 'change': True}
2026-05-20 19:36:50,165 : INFO : EventManager : Event: ======'init_phase_1'====== Args={}
2026-05-20 19:36:50,179 : INFO : EventManager : Event: ======'init_phase_2'====== Args={}
2026-05-20 19:36:50,180 : INFO : EventManager : Event: ======'bcp_connection_attempt'====== Args={'name': 'local_display', 'host': 'localhost', 'port': 5050}
2026-05-20 19:36:50,181 : INFO : BCPClientSocket : Connecting BCP to 'local_display' at localhost:5050...
2026-05-20 19:37:06,836 : INFO : Machine : Starting the main run loop with active modes: []
2026-05-20 19:37:06,836 : WARNING : Machine : Attract mode is not active, game will not be playable. Please check your attract mode configuration.
2026-05-20 19:37:06,837 : INFO : Machine : Shutting down...
2026-05-20 19:37:06,837 : INFO : EventManager : Event: ======'shutdown'====== Args={}
2026-05-20 19:37:07,849 : INFO : root : MPF run loop ended.
