2026-05-20 20:59:20,554 : INFO : root : Loading config.
2026-05-20 20:59:20,558 : INFO : YamlMultifileConfigLoader : Machine config file #1: config.yaml
2026-05-20 20:59:20,558 : INFO : ConfigProcessor : Loading config from cache: C:\Users\mpf\AppData\Local\Temp\79c4d80ce629f23fc794c150aa180213.mpf_cache
2026-05-20 20:59:20,653 : WARNING : ConfigProcessor : Config file in cache changed: C:\users\mpf\documents\wcgpin1\modes\attract\config\attract.yaml
2026-05-20 20:59:20,653 : INFO : ConfigProcessor : Loading config from file C:\users\mpf\mpfven\Lib\site-packages\mpf\modes\attract\config\attract.yaml.
2026-05-20 20:59:20,656 : INFO : ConfigProcessor : Loading config: C:\users\mpf\mpfven\Lib\site-packages\mpf\modes\attract\config\attract.yaml
2026-05-20 20:59:20,656 : INFO : ConfigProcessor : Loading config from file C:\users\mpf\documents\wcgpin1\modes\attract\config\attract.yaml.
2026-05-20 20:59:20,662 : INFO : ConfigProcessor : Loading config: C:\users\mpf\documents\wcgpin1\modes\attract\config\attract.yaml
2026-05-20 20:59:20,663 : INFO : ConfigProcessor : Config file cache created: C:\Users\mpf\AppData\Local\Temp\7e0b951d6590b841dca7e21104841ff3.mpf_cache
2026-05-20 20:59:20,664 : INFO : ConfigProcessor : Loading config from cache: C:\Users\mpf\AppData\Local\Temp\7619cb164ca9753a8c8174f599337faf.mpf_cache
2026-05-20 20:59:20,665 : INFO : ConfigProcessor : Loading config from cache: C:\Users\mpf\AppData\Local\Temp\7e0b951d6590b841dca7e21104841ff3.mpf_cache
2026-05-20 20:59:20,667 : INFO : ConfigProcessor : Loading config from cache: C:\Users\mpf\AppData\Local\Temp\e17831009a0d4b99b759e461e9901fd1.mpf_cache
2026-05-20 20:59:20,668 : INFO : Machine : Mission Pinball Framework Core Engine v0.81.0.dev1
2026-05-20 20:59:20,668 : INFO : Machine : Command line arguments: {'no_load_cache': False, 'create_config_cache': True, 'bcp': True, 'configfile': ['config.yaml'], 'force_assets_load': False, 'platform_integration_test': False, 'jsonlogging': False, 'logfile': 'logs\\2026-05-20-20-59-20-mpf-DESKTOP-OC28BPB.log', 'pause': False, 'production': False, 'text_ui': False, 'loglevel': 15, 'consoleloglevel': 20, 'force_platform': 'virtual', 'syslog_address': None, 'full_logfile_path': 'C:\\users\\mpf\\documents\\wcgpin1\\logs\\2026-05-20-20-59-20-mpf-DESKTOP-OC28BPB.log'}
2026-05-20 20:59:20,668 : INFO : Machine : MPF path: C:\users\mpf\mpfven\Lib\site-packages\mpf
2026-05-20 20:59:20,668 : INFO : Machine : Machine path: C:\users\mpf\documents\wcgpin1
2026-05-20 20:59:20,668 : INFO : Machine : Platform: win32
2026-05-20 20:59:20,668 : INFO : Machine : Python executable location: C:\users\mpf\mpfven\Scripts\python.exe
2026-05-20 20:59:20,668 : INFO : Machine : Python version: 3.13.12 (64-bit)
2026-05-20 20:59:20,670 : INFO : Machine : Initializing MPF...
2026-05-20 20:59:20,779 : INFO : EventManager : Event: ======'machine_var_credits_string'====== Args={'value': 'FREE PLAY', 'prev_value': None, 'change': True}
2026-05-20 20:59:20,803 : INFO : EventManager : Event: ======'machine_var_master_volume'====== Args={'value': 0.5, 'prev_value': None, 'change': True}
2026-05-20 20:59:20,803 : INFO : EventManager : Event: ======'machine_var_mpf_version'====== Args={'value': 'Mission Pinball Framework v0.81.0.dev1', 'prev_value': None, 'change': True}
2026-05-20 20:59:20,803 : INFO : EventManager : Event: ======'machine_var_mpf_extended_version'====== Args={'value': 'Mission Pinball Framework v0.81.0.dev1, Config version:6, Show version: 6, BCP version:1.1', 'prev_value': None, 'change': True}
2026-05-20 20:59:20,803 : INFO : EventManager : Event: ======'machine_var_python_version'====== Args={'value': '3.13.12', 'prev_value': None, 'change': True}
2026-05-20 20:59:21,037 : INFO : EventManager : Event: ======'machine_var_platform'====== Args={'value': 'Windows-11-10.0.26200-SP0', 'prev_value': None, 'change': True}
2026-05-20 20:59:21,037 : INFO : EventManager : Event: ======'machine_var_platform_system'====== Args={'value': 'Windows', 'prev_value': None, 'change': True}
2026-05-20 20:59:21,037 : INFO : EventManager : Event: ======'machine_var_platform_release'====== Args={'value': '11', 'prev_value': None, 'change': True}
2026-05-20 20:59:21,037 : INFO : EventManager : Event: ======'machine_var_platform_version'====== Args={'value': '10.0.26200', 'prev_value': None, 'change': True}
2026-05-20 20:59:21,037 : INFO : EventManager : Event: ======'machine_var_platform_machine'====== Args={'value': 'AMD64', 'prev_value': None, 'change': True}
2026-05-20 20:59:21,037 : INFO : EventManager : Event: ======'machine_var_log_file_path'====== Args={'value': 'C:\\users\\mpf\\documents\\wcgpin1\\logs\\2026-05-20-20-59-20-mpf-DESKTOP-OC28BPB.log', 'prev_value': None, 'change': True}
2026-05-20 20:59:21,037 : INFO : EventManager : Event: ======'init_phase_1'====== Args={}
2026-05-20 20:59:21,056 : INFO : EventManager : Event: ======'init_phase_2'====== Args={}
2026-05-20 20:59:21,057 : INFO : EventManager : Event: ======'bcp_connection_attempt'====== Args={'name': 'local_display', 'host': 'localhost', 'port': 5050}
2026-05-20 20:59:21,058 : INFO : BCPClientSocket : Connecting BCP to 'local_display' at localhost:5050...
2026-05-20 20:59:21,069 : INFO : BCPClientSocket : Connected BCP to 'local_display' localhost:5050
2026-05-20 20:59:21,070 : INFO : EventManager : Event: ======'bcp_clients_connected'====== Args={}
2026-05-20 20:59:21,070 : INFO : ball_device.bd_plunger : BCH: Initial count: 0
2026-05-20 20:59:21,070 : INFO : ball_device.bd_plunger : State: idle
2026-05-20 20:59:21,071 : INFO : ball_device.bd_trough : BCH: Initial count: 0
2026-05-20 20:59:21,071 : INFO : ball_device.bd_trough : State: idle
2026-05-20 20:59:21,080 : INFO : EventManager : Event: ======'init_phase_3'====== Args={}
2026-05-20 20:59:21,081 : INFO : EventManager : Event: ======'init_phase_4'====== Args={}
2026-05-20 20:59:21,081 : INFO : BallController : Initial balls found: 0
2026-05-20 20:59:21,082 : INFO : EventManager : Event: ======'machine_var_audits_switches_s_trough_3'====== Args={'value': 0, 'prev_value': None, 'change': True}
2026-05-20 20:59:21,083 : INFO : EventManager : Event: ======'machine_var_audits_switches_s_trough_1'====== Args={'value': 0, 'prev_value': None, 'change': True}
2026-05-20 20:59:21,083 : INFO : EventManager : Event: ======'machine_var_audits_switches_s_flipper_left'====== Args={'value': 0, 'prev_value': None, 'change': True}
2026-05-20 20:59:21,083 : INFO : EventManager : Event: ======'machine_var_audits_switches_s_trough_2'====== Args={'value': 0, 'prev_value': None, 'change': True}
2026-05-20 20:59:21,083 : INFO : EventManager : Event: ======'machine_var_audits_switches_s_flipper_right'====== Args={'value': 0, 'prev_value': None, 'change': True}
2026-05-20 20:59:21,083 : INFO : EventManager : Event: ======'machine_var_audits_switches_s_plunger_lane'====== Args={'value': 0, 'prev_value': None, 'change': True}
2026-05-20 20:59:21,083 : INFO : EventManager : Event: ======'machine_var_audits_events_game_started'====== Args={'value': 0, 'prev_value': None, 'change': True}
2026-05-20 20:59:21,083 : INFO : EventManager : Event: ======'machine_var_audits_events_game_ended'====== Args={'value': 0, 'prev_value': None, 'change': True}
2026-05-20 20:59:21,083 : INFO : EventManager : Event: ======'machine_var_audits_player_score'====== Args={'value': {'top': [], 'average': 0, 'total': 0}, 'prev_value': None, 'change': True}
2026-05-20 20:59:21,083 : INFO : EventManager : Event: ======'init_phase_5'====== Args={}
2026-05-20 20:59:21,083 : INFO : EventManager : Event: ======'init_done'====== Args={}
2026-05-20 20:59:21,083 : INFO : EventManager : Event: ======'machine_reset_phase_1'====== Args={}
2026-05-20 20:59:21,093 : INFO : EventManager : Event: ======'machine_reset_phase_2'====== Args={}
2026-05-20 20:59:21,094 : INFO : EventManager : Event: ======'machine_reset_phase_3'====== Args={}
2026-05-20 20:59:21,094 : INFO : EventManager : Event: ======'reset_complete'====== Args={}
2026-05-20 20:59:21,094 : INFO : EventManager : Event: ======'mode_attract_will_start'====== Args={}
2026-05-20 20:59:21,094 : INFO : Timer.attract_carousel_timer : Starting Timer.
2026-05-20 20:59:21,094 : INFO : EventManager : Event: ======'timer_attract_carousel_timer_started'====== Args={'ticks': 0, 'ticks_remaining': 1}
2026-05-20 20:59:21,094 : INFO : EventManager : Event: ======'timer_attract_carousel_timer_tick'====== Args={'ticks': 0, 'ticks_remaining': 1}
2026-05-20 20:59:21,095 : INFO : EventManager : Event: ======'mode_attract_starting'====== Args={}
2026-05-20 20:59:21,096 : INFO : Mode.attract : Started. Priority: 10
2026-05-20 20:59:21,096 : INFO : EventManager : Event: ======'modes_active_modes_changed'====== Args={}
2026-05-20 20:59:21,096 : INFO : EventManager : Event: ======'mode_attract_started'====== Args={}
2026-05-20 20:59:21,096 : INFO : EventManager : Event: ======'collecting_balls_complete'====== Args={}
2026-05-20 20:59:21,096 : INFO : EventManager : Event: ======'carousel_item_highlighted'====== Args={'carousel': 'attract', 'direction': None, 'item': 'title'}
2026-05-20 20:59:21,097 : INFO : Machine : Starting the main run loop with active modes: [<Mode.attract>]
2026-05-20 20:59:21,116 : INFO : EventManager : Event: ======'slide_attract_created'====== Args={'_from_bcp': True}
2026-05-20 20:59:21,116 : INFO : EventManager : Event: ======'slide__removed'====== Args={'_from_bcp': True}
2026-05-20 20:59:21,117 : INFO : EventManager : Event: ======'slide_attract_active'====== Args={'original_context': 'attract', 'original_calling_context': 'mode_attract_started', 'priority': 10.0, 'cmd': 'slides_play', '_from_bcp': True}
2026-05-20 20:59:26,108 : INFO : Timer.attract_carousel_timer : Timer Complete
2026-05-20 20:59:26,108 : INFO : Timer.attract_carousel_timer : Stopping Timer
2026-05-20 20:59:26,108 : INFO : EventManager : Event: ======'timer_attract_carousel_timer_stopped'====== Args={'ticks': 1, 'ticks_remaining': 1}
2026-05-20 20:59:26,109 : INFO : EventManager : Event: ======'timer_attract_carousel_timer_complete'====== Args={'ticks': 1, 'ticks_remaining': 1}
2026-05-20 20:59:26,109 : INFO : EventManager : Event: ======'carousel_item_highlighted'====== Args={'carousel': 'attract', 'direction': 'forwards', 'item': 'credits'}
2026-05-20 20:59:51,196 : INFO : SwitchController : <<<<<<< 's_flipper_right' active >>>>>>>
2026-05-20 20:59:51,196 : INFO : EventManager : Event: ======'s_flipper_right_active'====== Args={}
2026-05-20 20:59:51,197 : INFO : EventManager : Event: ======'carousel_item_highlighted'====== Args={'carousel': 'attract', 'direction': 'forwards', 'item': 'mpf_logo'}
2026-05-20 20:59:51,244 : INFO : SwitchController : <<<<<<< 's_flipper_right' inactive >>>>>>>
2026-05-20 21:00:02,048 : INFO : SwitchController : <<<<<<< 's_flipper_right' active >>>>>>>
2026-05-20 21:00:02,049 : INFO : EventManager : Event: ======'s_flipper_right_active'====== Args={}
2026-05-20 21:00:02,049 : INFO : EventManager : Event: ======'carousel_item_highlighted'====== Args={'carousel': 'attract', 'direction': 'forwards', 'item': 'title'}
2026-05-20 21:00:02,115 : INFO : SwitchController : <<<<<<< 's_flipper_right' inactive >>>>>>>
2026-05-20 21:00:02,617 : INFO : SwitchController : <<<<<<< 's_flipper_right' active >>>>>>>
2026-05-20 21:00:02,618 : INFO : EventManager : Event: ======'s_flipper_right_active'====== Args={}
2026-05-20 21:00:02,618 : INFO : EventManager : Event: ======'carousel_item_highlighted'====== Args={'carousel': 'attract', 'direction': 'forwards', 'item': 'credits'}
2026-05-20 21:00:02,701 : INFO : SwitchController : <<<<<<< 's_flipper_right' inactive >>>>>>>
2026-05-20 21:00:02,784 : INFO : SwitchController : <<<<<<< 's_flipper_right' active >>>>>>>
2026-05-20 21:00:02,785 : INFO : EventManager : Event: ======'s_flipper_right_active'====== Args={}
2026-05-20 21:00:02,785 : INFO : EventManager : Event: ======'carousel_item_highlighted'====== Args={'carousel': 'attract', 'direction': 'forwards', 'item': 'mpf_logo'}
2026-05-20 21:00:02,885 : INFO : SwitchController : <<<<<<< 's_flipper_right' inactive >>>>>>>
2026-05-20 21:00:03,236 : INFO : SwitchController : <<<<<<< 's_flipper_left' active >>>>>>>
2026-05-20 21:00:03,236 : INFO : EventManager : Event: ======'s_flipper_left_active'====== Args={}
2026-05-20 21:00:03,237 : INFO : EventManager : Event: ======'carousel_item_highlighted'====== Args={'carousel': 'attract', 'direction': 'backwards', 'item': 'credits'}
2026-05-20 21:00:04,507 : INFO : SwitchController : <<<<<<< 's_flipper_left' inactive >>>>>>>
2026-05-20 21:00:22,922 : INFO : SwitchController : <<<<<<< 's_flipper_right' active >>>>>>>
2026-05-20 21:00:22,923 : INFO : EventManager : Event: ======'s_flipper_right_active'====== Args={}
2026-05-20 21:00:22,924 : INFO : EventManager : Event: ======'carousel_item_highlighted'====== Args={'carousel': 'attract', 'direction': 'forwards', 'item': 'mpf_logo'}
2026-05-20 21:00:23,005 : INFO : SwitchController : <<<<<<< 's_flipper_right' inactive >>>>>>>
2026-05-20 21:00:23,072 : INFO : SwitchController : <<<<<<< 's_flipper_left' active >>>>>>>
2026-05-20 21:00:23,073 : INFO : EventManager : Event: ======'s_flipper_left_active'====== Args={}
2026-05-20 21:00:23,074 : INFO : EventManager : Event: ======'carousel_item_highlighted'====== Args={'carousel': 'attract', 'direction': 'backwards', 'item': 'credits'}
2026-05-20 21:00:23,172 : INFO : SwitchController : <<<<<<< 's_flipper_left' inactive >>>>>>>
2026-05-20 21:00:23,206 : INFO : SwitchController : <<<<<<< 's_flipper_right' active >>>>>>>
2026-05-20 21:00:23,206 : INFO : EventManager : Event: ======'s_flipper_right_active'====== Args={}
2026-05-20 21:00:23,207 : INFO : EventManager : Event: ======'carousel_item_highlighted'====== Args={'carousel': 'attract', 'direction': 'forwards', 'item': 'mpf_logo'}
2026-05-20 21:00:23,256 : INFO : SwitchController : <<<<<<< 's_flipper_right' inactive >>>>>>>
2026-05-20 21:00:23,289 : INFO : SwitchController : <<<<<<< 's_flipper_left' active >>>>>>>
2026-05-20 21:00:23,290 : INFO : EventManager : Event: ======'s_flipper_left_active'====== Args={}
2026-05-20 21:00:23,290 : INFO : EventManager : Event: ======'carousel_item_highlighted'====== Args={'carousel': 'attract', 'direction': 'backwards', 'item': 'credits'}
2026-05-20 21:00:23,390 : INFO : SwitchController : <<<<<<< 's_flipper_left' inactive >>>>>>>
2026-05-20 21:00:23,407 : INFO : SwitchController : <<<<<<< 's_flipper_right' active >>>>>>>
2026-05-20 21:00:23,407 : INFO : EventManager : Event: ======'s_flipper_right_active'====== Args={}
2026-05-20 21:00:23,407 : INFO : EventManager : Event: ======'carousel_item_highlighted'====== Args={'carousel': 'attract', 'direction': 'forwards', 'item': 'mpf_logo'}
2026-05-20 21:00:23,474 : INFO : SwitchController : <<<<<<< 's_flipper_right' inactive >>>>>>>
2026-05-20 21:00:23,507 : INFO : SwitchController : <<<<<<< 's_flipper_left' active >>>>>>>
2026-05-20 21:00:23,507 : INFO : EventManager : Event: ======'s_flipper_left_active'====== Args={}
2026-05-20 21:00:23,508 : INFO : EventManager : Event: ======'carousel_item_highlighted'====== Args={'carousel': 'attract', 'direction': 'backwards', 'item': 'credits'}
2026-05-20 21:00:23,557 : INFO : SwitchController : <<<<<<< 's_flipper_left' inactive >>>>>>>
2026-05-20 21:00:23,591 : INFO : SwitchController : <<<<<<< 's_flipper_right' active >>>>>>>
2026-05-20 21:00:23,591 : INFO : EventManager : Event: ======'s_flipper_right_active'====== Args={}
2026-05-20 21:00:23,592 : INFO : EventManager : Event: ======'carousel_item_highlighted'====== Args={'carousel': 'attract', 'direction': 'forwards', 'item': 'mpf_logo'}
2026-05-20 21:00:23,640 : INFO : SwitchController : <<<<<<< 's_flipper_right' inactive >>>>>>>
2026-05-20 21:00:23,691 : INFO : SwitchController : <<<<<<< 's_flipper_left' active >>>>>>>
2026-05-20 21:00:23,691 : INFO : EventManager : Event: ======'s_flipper_left_active'====== Args={}
2026-05-20 21:00:23,692 : INFO : EventManager : Event: ======'carousel_item_highlighted'====== Args={'carousel': 'attract', 'direction': 'backwards', 'item': 'credits'}
2026-05-20 21:00:23,741 : INFO : SwitchController : <<<<<<< 's_flipper_right' active >>>>>>>
2026-05-20 21:00:23,742 : INFO : EventManager : Event: ======'s_flipper_right_active'====== Args={}
2026-05-20 21:00:23,742 : INFO : EventManager : Event: ======'flipper_cancel'====== Args={'triggering_group': 2, 'triggering_switch': 's_flipper_right'}
2026-05-20 21:00:23,743 : INFO : EventManager : Event: ======'carousel_item_highlighted'====== Args={'carousel': 'attract', 'direction': 'forwards', 'item': 'mpf_logo'}
2026-05-20 21:00:23,758 : INFO : SwitchController : <<<<<<< 's_flipper_left' inactive >>>>>>>
2026-05-20 21:00:23,758 : INFO : EventManager : Event: ======'both_flippers_one'====== Args={'triggering_group': 1, 'triggering_switch': 's_flipper_left'}
2026-05-20 21:00:23,808 : INFO : SwitchController : <<<<<<< 's_flipper_right' inactive >>>>>>>
2026-05-20 21:00:23,808 : INFO : EventManager : Event: ======'both_flippers_inactive'====== Args={'triggering_group': 2, 'triggering_switch': 's_flipper_right'}
2026-05-20 21:00:23,841 : INFO : SwitchController : <<<<<<< 's_flipper_left' active >>>>>>>
2026-05-20 21:00:23,842 : INFO : EventManager : Event: ======'s_flipper_left_active'====== Args={}
2026-05-20 21:00:23,842 : INFO : EventManager : Event: ======'carousel_item_highlighted'====== Args={'carousel': 'attract', 'direction': 'backwards', 'item': 'credits'}
2026-05-20 21:00:23,908 : INFO : SwitchController : <<<<<<< 's_flipper_right' active >>>>>>>
2026-05-20 21:00:23,909 : INFO : EventManager : Event: ======'s_flipper_right_active'====== Args={}
2026-05-20 21:00:23,909 : INFO : EventManager : Event: ======'flipper_cancel'====== Args={'triggering_group': 2, 'triggering_switch': 's_flipper_right'}
2026-05-20 21:00:23,909 : INFO : EventManager : Event: ======'carousel_item_highlighted'====== Args={'carousel': 'attract', 'direction': 'forwards', 'item': 'mpf_logo'}
2026-05-20 21:00:23,925 : INFO : SwitchController : <<<<<<< 's_flipper_left' inactive >>>>>>>
2026-05-20 21:00:23,925 : INFO : EventManager : Event: ======'both_flippers_one'====== Args={'triggering_group': 1, 'triggering_switch': 's_flipper_left'}
2026-05-20 21:00:23,958 : INFO : SwitchController : <<<<<<< 's_flipper_right' inactive >>>>>>>
2026-05-20 21:00:23,959 : INFO : EventManager : Event: ======'both_flippers_inactive'====== Args={'triggering_group': 2, 'triggering_switch': 's_flipper_right'}
2026-05-20 21:00:23,992 : INFO : SwitchController : <<<<<<< 's_flipper_left' active >>>>>>>
2026-05-20 21:00:23,992 : INFO : EventManager : Event: ======'s_flipper_left_active'====== Args={}
2026-05-20 21:00:23,993 : INFO : EventManager : Event: ======'carousel_item_highlighted'====== Args={'carousel': 'attract', 'direction': 'backwards', 'item': 'credits'}
2026-05-20 21:00:24,059 : INFO : SwitchController : <<<<<<< 's_flipper_right' active >>>>>>>
2026-05-20 21:00:24,059 : INFO : EventManager : Event: ======'s_flipper_right_active'====== Args={}
2026-05-20 21:00:24,060 : INFO : EventManager : Event: ======'flipper_cancel'====== Args={'triggering_group': 2, 'triggering_switch': 's_flipper_right'}
2026-05-20 21:00:24,060 : INFO : EventManager : Event: ======'carousel_item_highlighted'====== Args={'carousel': 'attract', 'direction': 'forwards', 'item': 'mpf_logo'}
2026-05-20 21:00:24,076 : INFO : SwitchController : <<<<<<< 's_flipper_left' inactive >>>>>>>
2026-05-20 21:00:24,076 : INFO : EventManager : Event: ======'both_flippers_one'====== Args={'triggering_group': 1, 'triggering_switch': 's_flipper_left'}
2026-05-20 21:00:24,142 : INFO : SwitchController : <<<<<<< 's_flipper_left' active >>>>>>>
2026-05-20 21:00:24,143 : INFO : EventManager : Event: ======'s_flipper_left_active'====== Args={}
2026-05-20 21:00:24,144 : INFO : EventManager : Event: ======'flipper_cancel'====== Args={'triggering_group': 1, 'triggering_switch': 's_flipper_left'}
2026-05-20 21:00:24,144 : INFO : EventManager : Event: ======'carousel_item_highlighted'====== Args={'carousel': 'attract', 'direction': 'backwards', 'item': 'credits'}
2026-05-20 21:00:24,176 : INFO : SwitchController : <<<<<<< 's_flipper_right' inactive >>>>>>>
2026-05-20 21:00:24,176 : INFO : EventManager : Event: ======'both_flippers_one'====== Args={'triggering_group': 2, 'triggering_switch': 's_flipper_right'}
2026-05-20 21:00:24,192 : INFO : SwitchController : <<<<<<< 's_flipper_left' inactive >>>>>>>
2026-05-20 21:00:24,193 : INFO : EventManager : Event: ======'both_flippers_inactive'====== Args={'triggering_group': 1, 'triggering_switch': 's_flipper_left'}
2026-05-20 21:00:39,379 : INFO : SwitchController : <<<<<<< 's_flipper_left' active >>>>>>>
2026-05-20 21:00:39,380 : INFO : EventManager : Event: ======'s_flipper_left_active'====== Args={}
2026-05-20 21:00:39,381 : INFO : EventManager : Event: ======'carousel_item_highlighted'====== Args={'carousel': 'attract', 'direction': 'backwards', 'item': 'title'}
2026-05-20 21:00:42,395 : INFO : EventManager : Event: ======'flipper_cradle'====== Args={}
2026-05-20 21:00:42,395 : INFO : Timer.attract_carousel_timer : Stopping Timer
2026-05-20 21:00:42,396 : INFO : EventManager : Event: ======'timer_attract_carousel_timer_stopped'====== Args={'ticks': 1, 'ticks_remaining': 1}
2026-05-20 21:00:43,428 : INFO : SwitchController : <<<<<<< 's_flipper_left' inactive >>>>>>>
2026-05-20 21:00:43,428 : INFO : EventManager : Event: ======'flipper_cradle_release'====== Args={}
2026-05-20 21:00:43,429 : INFO : Timer.attract_carousel_timer : Starting Timer.
2026-05-20 21:00:43,429 : INFO : EventManager : Event: ======'timer_attract_carousel_timer_started'====== Args={'ticks': 0, 'ticks_remaining': 1}
2026-05-20 21:00:43,430 : INFO : EventManager : Event: ======'timer_attract_carousel_timer_tick'====== Args={'ticks': 0, 'ticks_remaining': 1}
2026-05-20 21:00:48,431 : INFO : Timer.attract_carousel_timer : Timer Complete
2026-05-20 21:00:48,431 : INFO : Timer.attract_carousel_timer : Stopping Timer
2026-05-20 21:00:48,432 : INFO : EventManager : Event: ======'timer_attract_carousel_timer_stopped'====== Args={'ticks': 1, 'ticks_remaining': 1}
2026-05-20 21:00:48,432 : INFO : EventManager : Event: ======'timer_attract_carousel_timer_complete'====== Args={'ticks': 1, 'ticks_remaining': 1}
2026-05-20 21:00:48,432 : INFO : EventManager : Event: ======'carousel_item_highlighted'====== Args={'carousel': 'attract', 'direction': 'forwards', 'item': 'credits'}
2026-05-20 21:01:45,892 : INFO : Machine : Shutting down...
2026-05-20 21:01:45,892 : INFO : EventManager : Event: ======'shutdown'====== Args={}
2026-05-20 21:01:45,899 : INFO : root : MPF run loop ended.
