2026-05-13 22:28:47,156 : INFO : root : Loading config.
2026-05-13 22:28:47,371 : INFO : ConfigProcessor : Config spec file cache created: C:\Users\mpf\AppData\Local\Temp\config_spec.mpf_cache
2026-05-13 22:28:47,372 : INFO : YamlMultifileConfigLoader : Machine config file #1: config.yaml
2026-05-13 22:28:47,372 : INFO : ConfigProcessor : Loading config from file C:\users\mpf\mpfven\Lib\site-packages\mpf\mpfconfig.yaml.
2026-05-13 22:28:47,425 : INFO : ConfigProcessor : Loading config: C:\users\mpf\mpfven\Lib\site-packages\mpf\mpfconfig.yaml
2026-05-13 22:28:47,426 : INFO : ConfigProcessor : Loading config from file C:\users\mpf\documents\wcgpin1\config\config.yaml.
2026-05-13 22:28:47,428 : INFO : ConfigProcessor : Loading config: C:\users\mpf\documents\wcgpin1\config\config.yaml
2026-05-13 22:28:47,429 : INFO : ConfigProcessor : Config file cache created: C:\Users\mpf\AppData\Local\Temp\79c4d80ce629f23fc794c150aa180213.mpf_cache
2026-05-13 22:28:47,515 : INFO : ConfigProcessor : Loading config from file C:\users\mpf\mpfven\Lib\site-packages\mpf\modes\attract\config\attract.yaml.
2026-05-13 22:28:47,517 : INFO : ConfigProcessor : Loading config: C:\users\mpf\mpfven\Lib\site-packages\mpf\modes\attract\config\attract.yaml
2026-05-13 22:28:47,517 : INFO : ConfigProcessor : Loading config from file C:\users\mpf\documents\wcgpin1\modes\attract\config\attract.yaml.
2026-05-13 22:28:47,536 : INFO : ConfigProcessor : Loading config: C:\users\mpf\documents\wcgpin1\modes\attract\config\attract.yaml
2026-05-13 22:28:47,536 : INFO : ConfigProcessor : Config file cache created: C:\Users\mpf\AppData\Local\Temp\7e0b951d6590b841dca7e21104841ff3.mpf_cache
2026-05-13 22:28:47,537 : INFO : ConfigProcessor : Loading config from cache: C:\Users\mpf\AppData\Local\Temp\7619cb164ca9753a8c8174f599337faf.mpf_cache
2026-05-13 22:28:47,538 : INFO : ConfigProcessor : Loading config from cache: C:\Users\mpf\AppData\Local\Temp\7e0b951d6590b841dca7e21104841ff3.mpf_cache
2026-05-13 22:28:47,540 : INFO : ConfigProcessor : Loading config from file C:\users\mpf\documents\wcgpin1\modes\base\config\base.yaml.
2026-05-13 22:28:47,545 : INFO : ConfigProcessor : Loading config: C:\users\mpf\documents\wcgpin1\modes\base\config\base.yaml
2026-05-13 22:28:47,545 : INFO : ConfigProcessor : Config file cache created: C:\Users\mpf\AppData\Local\Temp\e17831009a0d4b99b759e461e9901fd1.mpf_cache
2026-05-13 22:28:47,546 : INFO : Machine : Mission Pinball Framework Core Engine v0.81.0.dev1
2026-05-13 22:28:47,546 : INFO : Machine : Command line arguments: {'no_load_cache': False, 'create_config_cache': True, 'bcp': False, 'configfile': ['config.yaml'], 'force_assets_load': False, 'platform_integration_test': False, 'jsonlogging': False, 'logfile': 'logs\\2026-05-13-22-28-47-mpf-DESKTOP-OC28BPB.log', 'pause': False, 'production': False, 'text_ui': False, 'loglevel': 15, 'consoleloglevel': 20, 'force_platform': 'virtual', 'syslog_address': None, 'full_logfile_path': 'C:\\users\\mpf\\documents\\wcgpin1\\logs\\2026-05-13-22-28-47-mpf-DESKTOP-OC28BPB.log'}
2026-05-13 22:28:47,546 : INFO : Machine : MPF path: C:\users\mpf\mpfven\Lib\site-packages\mpf
2026-05-13 22:28:47,546 : INFO : Machine : Machine path: C:\users\mpf\documents\wcgpin1
2026-05-13 22:28:47,546 : INFO : Machine : Platform: win32
2026-05-13 22:28:47,546 : INFO : Machine : Python executable location: C:\users\mpf\mpfven\Scripts\python.exe
2026-05-13 22:28:47,546 : INFO : Machine : Python version: 3.13.12 (64-bit)
2026-05-13 22:28:47,548 : INFO : Machine : Initializing MPF...
2026-05-13 22:28:47,647 : INFO : EventManager : Event: ======'machine_var_credits_string'====== Args={'value': 'FREE PLAY', 'prev_value': None, 'change': True}
2026-05-13 22:28:47,667 : INFO : EventManager : Event: ======'machine_var_master_volume'====== Args={'value': 0.5, 'prev_value': None, 'change': True}
2026-05-13 22:28:47,667 : INFO : EventManager : Event: ======'machine_var_mpf_version'====== Args={'value': 'Mission Pinball Framework v0.81.0.dev1', 'prev_value': None, 'change': True}
2026-05-13 22:28:47,667 : INFO : EventManager : Event: ======'machine_var_mpf_extended_version'====== Args={'value': 'Mission Pinball Framework v0.81.0.dev1, Config version:6, Show version: 6, BCP version:1.1', 'prev_value': None, 'change': True}
2026-05-13 22:28:47,667 : INFO : EventManager : Event: ======'machine_var_python_version'====== Args={'value': '3.13.12', 'prev_value': None, 'change': True}
2026-05-13 22:28:47,877 : INFO : EventManager : Event: ======'machine_var_platform'====== Args={'value': 'Windows-11-10.0.26200-SP0', 'prev_value': None, 'change': True}
2026-05-13 22:28:47,878 : INFO : EventManager : Event: ======'machine_var_platform_system'====== Args={'value': 'Windows', 'prev_value': None, 'change': True}
2026-05-13 22:28:47,878 : INFO : EventManager : Event: ======'machine_var_platform_release'====== Args={'value': '11', 'prev_value': None, 'change': True}
2026-05-13 22:28:47,878 : INFO : EventManager : Event: ======'machine_var_platform_version'====== Args={'value': '10.0.26200', 'prev_value': None, 'change': True}
2026-05-13 22:28:47,878 : INFO : EventManager : Event: ======'machine_var_platform_machine'====== Args={'value': 'AMD64', 'prev_value': None, 'change': True}
2026-05-13 22:28:47,878 : INFO : EventManager : Event: ======'machine_var_log_file_path'====== Args={'value': 'C:\\users\\mpf\\documents\\wcgpin1\\logs\\2026-05-13-22-28-47-mpf-DESKTOP-OC28BPB.log', 'prev_value': None, 'change': True}
2026-05-13 22:28:47,878 : INFO : EventManager : Event: ======'init_phase_1'====== Args={}
2026-05-13 22:28:47,889 : INFO : EventManager : Event: ======'init_phase_2'====== Args={}
2026-05-13 22:28:47,896 : INFO : EventManager : Event: ======'init_phase_3'====== Args={}
2026-05-13 22:28:47,898 : INFO : EventManager : Event: ======'init_phase_4'====== Args={}
2026-05-13 22:28:47,898 : INFO : EventManager : Event: ======'machine_var_audits_events_game_started'====== Args={'value': 0, 'prev_value': None, 'change': True}
2026-05-13 22:28:47,898 : INFO : EventManager : Event: ======'machine_var_audits_events_game_ended'====== Args={'value': 0, 'prev_value': None, 'change': True}
2026-05-13 22:28:47,898 : INFO : EventManager : Event: ======'machine_var_audits_player_score'====== Args={'value': {'top': [], 'average': 0, 'total': 0}, 'prev_value': None, 'change': True}
2026-05-13 22:28:47,899 : INFO : EventManager : Event: ======'init_phase_5'====== Args={}
2026-05-13 22:28:47,899 : INFO : EventManager : Event: ======'init_done'====== Args={}
2026-05-13 22:28:47,899 : INFO : EventManager : Event: ======'machine_reset_phase_1'====== Args={}
2026-05-13 22:28:47,899 : INFO : EventManager : Event: ======'machine_reset_phase_2'====== Args={}
2026-05-13 22:28:47,899 : INFO : EventManager : Event: ======'machine_reset_phase_3'====== Args={}
2026-05-13 22:28:47,899 : INFO : EventManager : Event: ======'reset_complete'====== Args={}
2026-05-13 22:28:47,899 : INFO : EventManager : Event: ======'mode_attract_will_start'====== Args={}
2026-05-13 22:28:47,900 : INFO : EventManager : Event: ======'mode_attract_starting'====== Args={}
2026-05-13 22:28:47,900 : INFO : Mode.attract : Started. Priority: 10
2026-05-13 22:28:47,900 : INFO : EventManager : Event: ======'modes_active_modes_changed'====== Args={}
2026-05-13 22:28:47,900 : INFO : EventManager : Event: ======'mode_attract_started'====== Args={}
2026-05-13 22:28:47,900 : INFO : EventManager : Event: ======'collecting_balls_complete'====== Args={}
2026-05-13 22:28:47,900 : INFO : Machine : Starting the main run loop with active modes: [<Mode.attract>]
2026-05-13 22:28:59,001 : INFO : Machine : Shutting down...
2026-05-13 22:28:59,002 : INFO : EventManager : Event: ======'shutdown'====== Args={}
2026-05-13 22:28:59,003 : INFO : root : MPF run loop ended.
