2026-05-31 22:56:38,079 : INFO : root : Loading config.
2026-05-31 22:56:38,083 : INFO : YamlMultifileConfigLoader : Machine config file #1: config.yaml
2026-05-31 22:56:38,083 : INFO : ConfigProcessor : Loading config from cache: C:\Users\mpf\AppData\Local\Temp\79c4d80ce629f23fc794c150aa180213.mpf_cache
2026-05-31 22:56:38,173 : INFO : ConfigProcessor : Loading config from cache: C:\Users\mpf\AppData\Local\Temp\7e0b951d6590b841dca7e21104841ff3.mpf_cache
2026-05-31 22:56:38,174 : INFO : ConfigProcessor : Loading config from cache: C:\Users\mpf\AppData\Local\Temp\7619cb164ca9753a8c8174f599337faf.mpf_cache
2026-05-31 22:56:38,175 : INFO : ConfigProcessor : Loading config from cache: C:\Users\mpf\AppData\Local\Temp\7e0b951d6590b841dca7e21104841ff3.mpf_cache
2026-05-31 22:56:38,175 : INFO : ConfigProcessor : Loading config from cache: C:\Users\mpf\AppData\Local\Temp\e17831009a0d4b99b759e461e9901fd1.mpf_cache
2026-05-31 22:56:38,176 : INFO : ConfigProcessor : Loading config from cache: C:\Users\mpf\AppData\Local\Temp\b2527734cca651781ec2296cfbe7a175.mpf_cache
2026-05-31 22:56:38,177 : INFO : Machine : Mission Pinball Framework Core Engine v0.81.0.dev1
2026-05-31 22:56:38,177 : INFO : Machine : Command line arguments: {'no_load_cache': False, 'create_config_cache': True, 'bcp': True, 'configfile': ['config.yaml'], 'force_assets_load': False, 'platform_integration_test': False, 'jsonlogging': False, 'logfile': 'logs\\2026-05-31-22-56-38-mpf-DESKTOP-OC28BPB.log', 'pause': False, 'production': False, 'text_ui': False, 'loglevel': 15, 'consoleloglevel': 20, 'force_platform': 'virtual', 'syslog_address': None, 'full_logfile_path': 'C:\\users\\mpf\\documents\\wcgpin1\\logs\\2026-05-31-22-56-38-mpf-DESKTOP-OC28BPB.log'}
2026-05-31 22:56:38,177 : INFO : Machine : MPF path: C:\users\mpf\mpfven\Lib\site-packages\mpf
2026-05-31 22:56:38,177 : INFO : Machine : Machine path: C:\users\mpf\documents\wcgpin1
2026-05-31 22:56:38,177 : INFO : Machine : Platform: win32
2026-05-31 22:56:38,177 : INFO : Machine : Python executable location: C:\users\mpf\mpfven\Scripts\python.exe
2026-05-31 22:56:38,177 : INFO : Machine : Python version: 3.13.12 (64-bit)
2026-05-31 22:56:38,179 : INFO : Machine : Initializing MPF...
2026-05-31 22:56:38,292 : INFO : EventManager : Event: ======'machine_var_credits_string'====== Args={'value': 'FREE PLAY', 'prev_value': None, 'change': True}
2026-05-31 22:56:38,317 : INFO : EventManager : Event: ======'machine_var_master_volume'====== Args={'value': 0.5, 'prev_value': None, 'change': True}
2026-05-31 22:56:38,317 : INFO : EventManager : Event: ======'machine_var_mpf_version'====== Args={'value': 'Mission Pinball Framework v0.81.0.dev1', 'prev_value': None, 'change': True}
2026-05-31 22:56:38,317 : INFO : EventManager : Event: ======'machine_var_mpf_extended_version'====== Args={'value': 'Mission Pinball Framework v0.81.0.dev1, Config version:6, Show version: 6, BCP version:1.1', 'prev_value': None, 'change': True}
2026-05-31 22:56:38,318 : INFO : EventManager : Event: ======'machine_var_python_version'====== Args={'value': '3.13.12', 'prev_value': None, 'change': True}
2026-05-31 22:56:38,598 : INFO : EventManager : Event: ======'machine_var_platform'====== Args={'value': 'Windows-11-10.0.26200-SP0', 'prev_value': None, 'change': True}
2026-05-31 22:56:38,598 : INFO : EventManager : Event: ======'machine_var_platform_system'====== Args={'value': 'Windows', 'prev_value': None, 'change': True}
2026-05-31 22:56:38,598 : INFO : EventManager : Event: ======'machine_var_platform_release'====== Args={'value': '11', 'prev_value': None, 'change': True}
2026-05-31 22:56:38,598 : INFO : EventManager : Event: ======'machine_var_platform_version'====== Args={'value': '10.0.26200', 'prev_value': None, 'change': True}
2026-05-31 22:56:38,598 : INFO : EventManager : Event: ======'machine_var_platform_machine'====== Args={'value': 'AMD64', 'prev_value': None, 'change': True}
2026-05-31 22:56:38,598 : INFO : EventManager : Event: ======'machine_var_log_file_path'====== Args={'value': 'C:\\users\\mpf\\documents\\wcgpin1\\logs\\2026-05-31-22-56-38-mpf-DESKTOP-OC28BPB.log', 'prev_value': None, 'change': True}
2026-05-31 22:56:38,598 : INFO : EventManager : Event: ======'init_phase_1'====== Args={}
2026-05-31 22:56:38,618 : INFO : EventManager : Event: ======'init_phase_2'====== Args={}
2026-05-31 22:56:38,619 : INFO : EventManager : Event: ======'bcp_connection_attempt'====== Args={'name': 'local_display', 'host': 'localhost', 'port': 5050}
2026-05-31 22:56:38,620 : INFO : BCPClientSocket : Connecting BCP to 'local_display' at localhost:5050...
2026-05-31 22:56:38,631 : INFO : BCPClientSocket : Connected BCP to 'local_display' localhost:5050
2026-05-31 22:56:38,632 : INFO : EventManager : Event: ======'bcp_clients_connected'====== Args={}
2026-05-31 22:56:38,632 : INFO : ball_device.bd_plunger : BCH: Initial count: 0
2026-05-31 22:56:38,632 : INFO : ball_device.bd_plunger : State: idle
2026-05-31 22:56:38,633 : INFO : ball_device.bd_trough : BCH: Initial count: 0
2026-05-31 22:56:38,633 : INFO : ball_device.bd_trough : State: idle
2026-05-31 22:56:38,642 : INFO : EventManager : Event: ======'init_phase_3'====== Args={}
2026-05-31 22:56:38,643 : INFO : EventManager : Event: ======'init_phase_4'====== Args={}
2026-05-31 22:56:38,644 : INFO : BallController : Initial balls found: 0
2026-05-31 22:56:38,646 : INFO : EventManager : Event: ======'machine_var_audits_switches_s_flipper_right'====== Args={'value': 0, 'prev_value': None, 'change': True}
2026-05-31 22:56:38,646 : INFO : EventManager : Event: ======'machine_var_audits_switches_s_bumper_left'====== Args={'value': 0, 'prev_value': None, 'change': True}
2026-05-31 22:56:38,646 : INFO : EventManager : Event: ======'machine_var_audits_switches_s_plunger_lane'====== Args={'value': 0, 'prev_value': None, 'change': True}
2026-05-31 22:56:38,646 : INFO : EventManager : Event: ======'machine_var_audits_switches_s_trough_3'====== Args={'value': 0, 'prev_value': None, 'change': True}
2026-05-31 22:56:38,647 : INFO : EventManager : Event: ======'machine_var_audits_switches_s_trough_1'====== Args={'value': 0, 'prev_value': None, 'change': True}
2026-05-31 22:56:38,647 : INFO : EventManager : Event: ======'machine_var_audits_switches_s_trough_2'====== Args={'value': 0, 'prev_value': None, 'change': True}
2026-05-31 22:56:38,647 : INFO : EventManager : Event: ======'machine_var_audits_switches_s_left_lane'====== Args={'value': 0, 'prev_value': None, 'change': True}
2026-05-31 22:56:38,647 : INFO : EventManager : Event: ======'machine_var_audits_switches_s_flipper_left'====== Args={'value': 0, 'prev_value': None, 'change': True}
2026-05-31 22:56:38,647 : INFO : EventManager : Event: ======'machine_var_audits_switches_s_bumper_right'====== Args={'value': 0, 'prev_value': None, 'change': True}
2026-05-31 22:56:38,647 : INFO : EventManager : Event: ======'machine_var_audits_events_game_started'====== Args={'value': 0, 'prev_value': None, 'change': True}
2026-05-31 22:56:38,647 : INFO : EventManager : Event: ======'machine_var_audits_events_game_ended'====== Args={'value': 0, 'prev_value': None, 'change': True}
2026-05-31 22:56:38,647 : INFO : EventManager : Event: ======'machine_var_audits_player_score'====== Args={'value': {'top': [], 'average': 0, 'total': 0}, 'prev_value': None, 'change': True}
2026-05-31 22:56:38,647 : INFO : EventManager : Event: ======'init_phase_5'====== Args={}
2026-05-31 22:56:38,647 : INFO : EventManager : Event: ======'init_done'====== Args={}
2026-05-31 22:56:38,647 : INFO : EventManager : Event: ======'machine_reset_phase_1'====== Args={}
2026-05-31 22:56:38,654 : INFO : EventManager : Event: ======'machine_reset_phase_2'====== Args={}
2026-05-31 22:56:38,654 : INFO : EventManager : Event: ======'machine_reset_phase_3'====== Args={}
2026-05-31 22:56:38,654 : INFO : EventManager : Event: ======'reset_complete'====== Args={}
2026-05-31 22:56:38,654 : INFO : EventManager : Event: ======'mode_attract_will_start'====== Args={}
2026-05-31 22:56:38,654 : INFO : Timer.attract_carousel_timer : Starting Timer.
2026-05-31 22:56:38,654 : INFO : EventManager : Event: ======'timer_attract_carousel_timer_started'====== Args={'ticks': 0, 'ticks_remaining': 1}
2026-05-31 22:56:38,654 : INFO : EventManager : Event: ======'timer_attract_carousel_timer_tick'====== Args={'ticks': 0, 'ticks_remaining': 1}
2026-05-31 22:56:38,655 : INFO : EventManager : Event: ======'mode_attract_starting'====== Args={}
2026-05-31 22:56:38,655 : INFO : Mode.attract : Started. Priority: 10
2026-05-31 22:56:38,655 : INFO : EventManager : Event: ======'modes_active_modes_changed'====== Args={}
2026-05-31 22:56:38,655 : INFO : EventManager : Event: ======'mode_attract_started'====== Args={}
2026-05-31 22:56:38,655 : INFO : EventManager : Event: ======'collecting_balls_complete'====== Args={}
2026-05-31 22:56:38,656 : INFO : EventManager : Event: ======'carousel_item_highlighted'====== Args={'carousel': 'attract', 'direction': None, 'item': 'title'}
2026-05-31 22:56:38,656 : INFO : Machine : Starting the main run loop with active modes: [<Mode.attract>]
2026-05-31 22:56:38,680 : INFO : EventManager : Event: ======'slide_attract_created'====== Args={'_from_bcp': True}
2026-05-31 22:56:38,681 : INFO : EventManager : Event: ======'slide__removed'====== Args={'_from_bcp': True}
2026-05-31 22:56:38,681 : INFO : EventManager : Event: ======'slide_attract_active'====== Args={'original_context': 'attract', 'original_calling_context': 'mode_attract_started', 'priority': 10.0, 'cmd': 'slides_play', '_from_bcp': True}
2026-05-31 22:56:43,665 : INFO : Timer.attract_carousel_timer : Timer Complete
2026-05-31 22:56:43,666 : INFO : Timer.attract_carousel_timer : Stopping Timer
2026-05-31 22:56:43,666 : INFO : EventManager : Event: ======'timer_attract_carousel_timer_stopped'====== Args={'ticks': 1, 'ticks_remaining': 1}
2026-05-31 22:56:43,666 : INFO : EventManager : Event: ======'timer_attract_carousel_timer_complete'====== Args={'ticks': 1, 'ticks_remaining': 1}
2026-05-31 22:56:43,667 : INFO : EventManager : Event: ======'carousel_item_highlighted'====== Args={'carousel': 'attract', 'direction': 'forwards', 'item': 'credits'}
2026-05-31 22:56:47,445 : INFO : SwitchController : <<<<<<< 's_flipper_right' active >>>>>>>
2026-05-31 22:56:47,446 : INFO : EventManager : Event: ======'s_flipper_right_active'====== Args={}
2026-05-31 22:56:47,446 : INFO : EventManager : Event: ======'carousel_item_highlighted'====== Args={'carousel': 'attract', 'direction': 'forwards', 'item': 'mpf_logo'}
2026-05-31 22:56:47,529 : INFO : SwitchController : <<<<<<< 's_flipper_right' inactive >>>>>>>
2026-05-31 22:56:47,863 : INFO : SwitchController : <<<<<<< 's_flipper_right' active >>>>>>>
2026-05-31 22:56:47,863 : INFO : EventManager : Event: ======'s_flipper_right_active'====== Args={}
2026-05-31 22:56:47,864 : INFO : EventManager : Event: ======'carousel_item_highlighted'====== Args={'carousel': 'attract', 'direction': 'forwards', 'item': 'title'}
2026-05-31 22:56:47,930 : INFO : SwitchController : <<<<<<< 's_flipper_right' inactive >>>>>>>
2026-05-31 22:56:54,821 : INFO : SwitchController : <<<<<<< 's_flipper_right' active >>>>>>>
2026-05-31 22:56:54,821 : INFO : EventManager : Event: ======'s_flipper_right_active'====== Args={}
2026-05-31 22:56:54,822 : INFO : EventManager : Event: ======'carousel_item_highlighted'====== Args={'carousel': 'attract', 'direction': 'forwards', 'item': 'credits'}
2026-05-31 22:56:54,888 : INFO : SwitchController : <<<<<<< 's_flipper_right' inactive >>>>>>>
2026-05-31 22:56:55,223 : INFO : SwitchController : <<<<<<< 's_flipper_right' active >>>>>>>
2026-05-31 22:56:55,223 : INFO : EventManager : Event: ======'s_flipper_right_active'====== Args={}
2026-05-31 22:56:55,224 : INFO : EventManager : Event: ======'carousel_item_highlighted'====== Args={'carousel': 'attract', 'direction': 'forwards', 'item': 'mpf_logo'}
2026-05-31 22:56:55,306 : INFO : SwitchController : <<<<<<< 's_flipper_right' inactive >>>>>>>
2026-05-31 22:56:55,423 : INFO : SwitchController : <<<<<<< 's_flipper_right' active >>>>>>>
2026-05-31 22:56:55,423 : INFO : EventManager : Event: ======'s_flipper_right_active'====== Args={}
2026-05-31 22:56:55,424 : INFO : EventManager : Event: ======'carousel_item_highlighted'====== Args={'carousel': 'attract', 'direction': 'forwards', 'item': 'title'}
2026-05-31 22:56:55,472 : INFO : SwitchController : <<<<<<< 's_flipper_right' inactive >>>>>>>
2026-05-31 22:56:55,824 : INFO : SwitchController : <<<<<<< 's_flipper_right' active >>>>>>>
2026-05-31 22:56:55,825 : INFO : EventManager : Event: ======'s_flipper_right_active'====== Args={}
2026-05-31 22:56:55,825 : INFO : EventManager : Event: ======'carousel_item_highlighted'====== Args={'carousel': 'attract', 'direction': 'forwards', 'item': 'credits'}
2026-05-31 22:56:55,908 : INFO : SwitchController : <<<<<<< 's_flipper_right' inactive >>>>>>>
2026-05-31 22:56:56,209 : INFO : SwitchController : <<<<<<< 's_flipper_left' active >>>>>>>
2026-05-31 22:56:56,210 : INFO : EventManager : Event: ======'s_flipper_left_active'====== Args={}
2026-05-31 22:56:56,210 : INFO : EventManager : Event: ======'carousel_item_highlighted'====== Args={'carousel': 'attract', 'direction': 'backwards', 'item': 'title'}
2026-05-31 22:56:59,213 : INFO : EventManager : Event: ======'flipper_cradle'====== Args={}
2026-05-31 22:56:59,214 : INFO : Timer.attract_carousel_timer : Stopping Timer
2026-05-31 22:56:59,214 : INFO : EventManager : Event: ======'timer_attract_carousel_timer_stopped'====== Args={'ticks': 1, 'ticks_remaining': 1}
2026-05-31 22:56:59,470 : INFO : SwitchController : <<<<<<< 's_flipper_left' inactive >>>>>>>
2026-05-31 22:56:59,471 : INFO : EventManager : Event: ======'flipper_cradle_release'====== Args={}
2026-05-31 22:56:59,471 : INFO : Timer.attract_carousel_timer : Starting Timer.
2026-05-31 22:56:59,472 : INFO : EventManager : Event: ======'timer_attract_carousel_timer_started'====== Args={'ticks': 0, 'ticks_remaining': 1}
2026-05-31 22:56:59,472 : INFO : EventManager : Event: ======'timer_attract_carousel_timer_tick'====== Args={'ticks': 0, 'ticks_remaining': 1}
2026-05-31 22:57:04,481 : INFO : Timer.attract_carousel_timer : Timer Complete
2026-05-31 22:57:04,482 : INFO : Timer.attract_carousel_timer : Stopping Timer
2026-05-31 22:57:04,482 : INFO : EventManager : Event: ======'timer_attract_carousel_timer_stopped'====== Args={'ticks': 1, 'ticks_remaining': 1}
2026-05-31 22:57:04,482 : INFO : EventManager : Event: ======'timer_attract_carousel_timer_complete'====== Args={'ticks': 1, 'ticks_remaining': 1}
2026-05-31 22:57:04,483 : INFO : EventManager : Event: ======'carousel_item_highlighted'====== Args={'carousel': 'attract', 'direction': 'forwards', 'item': 'credits'}
2026-05-31 22:57:28,004 : INFO : SwitchController : <<<<<<< 's_flipper_right' active >>>>>>>
2026-05-31 22:57:28,004 : INFO : EventManager : Event: ======'s_flipper_right_active'====== Args={}
2026-05-31 22:57:28,005 : INFO : EventManager : Event: ======'carousel_item_highlighted'====== Args={'carousel': 'attract', 'direction': 'forwards', 'item': 'mpf_logo'}
2026-05-31 22:57:28,054 : INFO : SwitchController : <<<<<<< 's_flipper_right' inactive >>>>>>>
2026-05-31 22:57:45,874 : INFO : Machine : Shutting down...
2026-05-31 22:57:45,875 : INFO : EventManager : Event: ======'shutdown'====== Args={}
2026-05-31 22:57:45,879 : INFO : root : MPF run loop ended.
