2026-05-20 20:25:45,610 : INFO : root : Loading config.
2026-05-20 20:25:45,613 : INFO : YamlMultifileConfigLoader : Machine config file #1: config.yaml
2026-05-20 20:25:45,614 : INFO : ConfigProcessor : Loading config from cache: C:\Users\mpf\AppData\Local\Temp\79c4d80ce629f23fc794c150aa180213.mpf_cache
2026-05-20 20:25:45,615 : WARNING : ConfigProcessor : Config file in cache changed: C:\users\mpf\documents\wcgpin1\config\config_switches.yaml
2026-05-20 20:25:45,615 : INFO : ConfigProcessor : Loading config from file C:\users\mpf\mpfven\Lib\site-packages\mpf\mpfconfig.yaml.
2026-05-20 20:25:45,667 : INFO : ConfigProcessor : Loading config: C:\users\mpf\mpfven\Lib\site-packages\mpf\mpfconfig.yaml
2026-05-20 20:25:45,668 : INFO : ConfigProcessor : Loading config from file C:\users\mpf\documents\wcgpin1\config\config.yaml.
2026-05-20 20:25:45,670 : INFO : ConfigProcessor : Loading config: C:\users\mpf\documents\wcgpin1\config\config.yaml
2026-05-20 20:25:45,672 : INFO : ConfigProcessor : Loading config: C:\users\mpf\documents\wcgpin1\config\config_ball_devices.yaml
2026-05-20 20:25:45,673 : INFO : ConfigProcessor : Loading config: C:\users\mpf\documents\wcgpin1\config\config_coils.yaml
2026-05-20 20:25:45,699 : INFO : ConfigProcessor : Loading config: C:\users\mpf\documents\wcgpin1\config\config_switches.yaml
2026-05-20 20:25:45,703 : INFO : ConfigProcessor : Config file cache created: C:\Users\mpf\AppData\Local\Temp\79c4d80ce629f23fc794c150aa180213.mpf_cache
2026-05-20 20:25:45,818 : INFO : ConfigProcessor : Loading config from cache: C:\Users\mpf\AppData\Local\Temp\7e0b951d6590b841dca7e21104841ff3.mpf_cache
2026-05-20 20:25:45,819 : INFO : ConfigProcessor : Loading config from cache: C:\Users\mpf\AppData\Local\Temp\7619cb164ca9753a8c8174f599337faf.mpf_cache
2026-05-20 20:25:45,819 : INFO : ConfigProcessor : Loading config from cache: C:\Users\mpf\AppData\Local\Temp\7e0b951d6590b841dca7e21104841ff3.mpf_cache
2026-05-20 20:25:45,820 : INFO : ConfigProcessor : Loading config from cache: C:\Users\mpf\AppData\Local\Temp\e17831009a0d4b99b759e461e9901fd1.mpf_cache
2026-05-20 20:25:45,821 : INFO : Machine : Mission Pinball Framework Core Engine v0.81.0.dev1
2026-05-20 20:25:45,821 : INFO : Machine : Command line arguments: {'no_load_cache': False, 'create_config_cache': True, 'bcp': True, 'configfile': ['config.yaml'], 'force_assets_load': False, 'platform_integration_test': False, 'jsonlogging': False, 'logfile': 'logs\\2026-05-20-20-25-45-mpf-DESKTOP-OC28BPB.log', 'pause': False, 'production': False, 'text_ui': False, 'loglevel': 15, 'consoleloglevel': 20, 'force_platform': 'virtual', 'syslog_address': None, 'full_logfile_path': 'C:\\users\\mpf\\documents\\wcgpin1\\logs\\2026-05-20-20-25-45-mpf-DESKTOP-OC28BPB.log'}
2026-05-20 20:25:45,821 : INFO : Machine : MPF path: C:\users\mpf\mpfven\Lib\site-packages\mpf
2026-05-20 20:25:45,821 : INFO : Machine : Machine path: C:\users\mpf\documents\wcgpin1
2026-05-20 20:25:45,821 : INFO : Machine : Platform: win32
2026-05-20 20:25:45,821 : INFO : Machine : Python executable location: C:\users\mpf\mpfven\Scripts\python.exe
2026-05-20 20:25:45,821 : INFO : Machine : Python version: 3.13.12 (64-bit)
2026-05-20 20:25:45,823 : INFO : Machine : Initializing MPF...
2026-05-20 20:25:45,930 : INFO : EventManager : Event: ======'machine_var_credits_string'====== Args={'value': 'FREE PLAY', 'prev_value': None, 'change': True}
2026-05-20 20:25:45,954 : INFO : EventManager : Event: ======'machine_var_master_volume'====== Args={'value': 0.5, 'prev_value': None, 'change': True}
2026-05-20 20:25:45,954 : INFO : EventManager : Event: ======'machine_var_mpf_version'====== Args={'value': 'Mission Pinball Framework v0.81.0.dev1', 'prev_value': None, 'change': True}
2026-05-20 20:25:45,954 : INFO : EventManager : Event: ======'machine_var_mpf_extended_version'====== Args={'value': 'Mission Pinball Framework v0.81.0.dev1, Config version:6, Show version: 6, BCP version:1.1', 'prev_value': None, 'change': True}
2026-05-20 20:25:45,955 : INFO : EventManager : Event: ======'machine_var_python_version'====== Args={'value': '3.13.12', 'prev_value': None, 'change': True}
2026-05-20 20:25:46,178 : INFO : EventManager : Event: ======'machine_var_platform'====== Args={'value': 'Windows-11-10.0.26200-SP0', 'prev_value': None, 'change': True}
2026-05-20 20:25:46,178 : INFO : EventManager : Event: ======'machine_var_platform_system'====== Args={'value': 'Windows', 'prev_value': None, 'change': True}
2026-05-20 20:25:46,178 : INFO : EventManager : Event: ======'machine_var_platform_release'====== Args={'value': '11', 'prev_value': None, 'change': True}
2026-05-20 20:25:46,178 : INFO : EventManager : Event: ======'machine_var_platform_version'====== Args={'value': '10.0.26200', 'prev_value': None, 'change': True}
2026-05-20 20:25:46,178 : INFO : EventManager : Event: ======'machine_var_platform_machine'====== Args={'value': 'AMD64', 'prev_value': None, 'change': True}
2026-05-20 20:25:46,178 : INFO : EventManager : Event: ======'machine_var_log_file_path'====== Args={'value': 'C:\\users\\mpf\\documents\\wcgpin1\\logs\\2026-05-20-20-25-45-mpf-DESKTOP-OC28BPB.log', 'prev_value': None, 'change': True}
2026-05-20 20:25:46,178 : INFO : EventManager : Event: ======'init_phase_1'====== Args={}
2026-05-20 20:25:46,198 : INFO : EventManager : Event: ======'init_phase_2'====== Args={}
2026-05-20 20:25:46,198 : INFO : EventManager : Event: ======'bcp_connection_attempt'====== Args={'name': 'local_display', 'host': 'localhost', 'port': 5050}
2026-05-20 20:25:46,200 : INFO : BCPClientSocket : Connecting BCP to 'local_display' at localhost:5050...
2026-05-20 20:25:46,210 : INFO : BCPClientSocket : Connected BCP to 'local_display' localhost:5050
2026-05-20 20:25:46,211 : INFO : EventManager : Event: ======'bcp_clients_connected'====== Args={}
2026-05-20 20:25:46,211 : INFO : ball_device.bd_plunger : BCH: Initial count: 0
2026-05-20 20:25:46,211 : INFO : ball_device.bd_plunger : State: idle
2026-05-20 20:25:46,212 : INFO : ball_device.bd_trough : BCH: Initial count: 0
2026-05-20 20:25:46,212 : INFO : ball_device.bd_trough : State: idle
2026-05-20 20:25:46,220 : INFO : EventManager : Event: ======'init_phase_3'====== Args={}
2026-05-20 20:25:46,222 : INFO : EventManager : Event: ======'init_phase_4'====== Args={}
2026-05-20 20:25:46,222 : INFO : BallController : Initial balls found: 0
2026-05-20 20:25:46,223 : INFO : EventManager : Event: ======'machine_var_audits_switches_s_flipper_left_active'====== Args={'value': 0, 'prev_value': None, 'change': True}
2026-05-20 20:25:46,223 : INFO : EventManager : Event: ======'machine_var_audits_switches_s_flipper_right'====== Args={'value': 0, 'prev_value': None, 'change': True}
2026-05-20 20:25:46,223 : INFO : EventManager : Event: ======'machine_var_audits_switches_s_trough_2'====== Args={'value': 0, 'prev_value': None, 'change': True}
2026-05-20 20:25:46,223 : INFO : EventManager : Event: ======'machine_var_audits_switches_s_trough_3'====== Args={'value': 0, 'prev_value': None, 'change': True}
2026-05-20 20:25:46,223 : INFO : EventManager : Event: ======'machine_var_audits_switches_s_plunger_lane'====== Args={'value': 0, 'prev_value': None, 'change': True}
2026-05-20 20:25:46,223 : INFO : EventManager : Event: ======'machine_var_audits_switches_s_trough_1'====== Args={'value': 0, 'prev_value': None, 'change': True}
2026-05-20 20:25:46,223 : INFO : EventManager : Event: ======'machine_var_audits_events_game_started'====== Args={'value': 0, 'prev_value': None, 'change': True}
2026-05-20 20:25:46,224 : INFO : EventManager : Event: ======'machine_var_audits_events_game_ended'====== Args={'value': 0, 'prev_value': None, 'change': True}
2026-05-20 20:25:46,224 : INFO : EventManager : Event: ======'machine_var_audits_player_score'====== Args={'value': {'top': [], 'average': 0, 'total': 0}, 'prev_value': None, 'change': True}
2026-05-20 20:25:46,224 : INFO : EventManager : Event: ======'init_phase_5'====== Args={}
2026-05-20 20:25:46,224 : INFO : EventManager : Event: ======'init_done'====== Args={}
2026-05-20 20:25:46,224 : INFO : EventManager : Event: ======'machine_reset_phase_1'====== Args={}
2026-05-20 20:25:46,228 : INFO : EventManager : Event: ======'machine_reset_phase_2'====== Args={}
2026-05-20 20:25:46,228 : INFO : EventManager : Event: ======'machine_reset_phase_3'====== Args={}
2026-05-20 20:25:46,229 : INFO : EventManager : Event: ======'reset_complete'====== Args={}
2026-05-20 20:25:46,229 : INFO : EventManager : Event: ======'mode_attract_will_start'====== Args={}
2026-05-20 20:25:46,229 : INFO : EventManager : Event: ======'mode_attract_starting'====== Args={}
2026-05-20 20:25:46,229 : INFO : Mode.attract : Started. Priority: 10
2026-05-20 20:25:46,229 : INFO : EventManager : Event: ======'modes_active_modes_changed'====== Args={}
2026-05-20 20:25:46,229 : INFO : EventManager : Event: ======'mode_attract_started'====== Args={}
2026-05-20 20:25:46,230 : INFO : EventManager : Event: ======'collecting_balls_complete'====== Args={}
2026-05-20 20:25:46,230 : ERROR : asyncio : Exception in callback EventManager.process_event_queue()
handle: <Handle EventManager.process_event_queue()>
Traceback (most recent call last):
  File "C:\Users\mpf\AppData\Local\Programs\Python\Python313\Lib\asyncio\events.py", line 89, in _run
    self._context.run(self._callback, *self._args)
    ~~~~~~~~~~~~~~~~~^^^^^^^^^^^^^^^^^^^^^^^^^^^^^
  File "C:\users\mpf\mpfven\Lib\site-packages\mpf\core\events.py", line 862, in process_event_queue
    callback(**kwargs)
    ~~~~~~~~^^^^^^^^^^
  File "C:\users\mpf\mpfven\Lib\site-packages\mpf\core\mode.py", line 266, in _mode_started_callback
    self.mode_start(**self.start_event_kwargs)
    ~~~~~~~~~~~~~~~^^^^^^^^^^^^^^^^^^^^^^^^^^^
  File "C:\users\mpf\mpfven\Lib\site-packages\mpf\modes\attract\code\attract.py", line 62, in mode_start
    super().mode_start(**kwargs)
    ~~~~~~~~~~~~~~~~~~^^^^^^^^^^
  File "C:\users\mpf\mpfven\Lib\site-packages\mpf\modes\carousel\code\carousel.py", line 74, in mode_start
    self._register_handlers(self._previous_item_events, self._previous_item)
    ~~~~~~~~~~~~~~~~~~~~~~~^^^^^^^^^^^^^^^^^^^^^^^^^^^^^^^^^^^^^^^^^^^^^^^^^
  File "C:\users\mpf\mpfven\Lib\site-packages\mpf\modes\carousel\code\carousel.py", line 93, in _register_handlers
    self.add_mode_event_handler(event, handler)
    ~~~~~~~~~~~~~~~~~~~~~~~~~~~^^^^^^^^^^^^^^^^
  File "C:\users\mpf\mpfven\Lib\site-packages\mpf\core\mode.py", line 537, in add_mode_event_handler
    key = self.machine.events.add_handler(event, handler, self.priority + priority, mode=self, **kwargs)
  File "C:\users\mpf\mpfven\Lib\site-packages\mpf\core\events.py", line 219, in add_handler
    self.raise_config_error('Switch name "{name}" name used as event handler for {handler}. '
    ~~~~~~~~~~~~~~~~~~~~~~~^^^^^^^^^^^^^^^^^^^^^^^^^^^^^^^^^^^^^^^^^^^^^^^^^^^^^^^^^^^^^^^^^^
                            'Did you mean "{name}_active"?'.format(name=event, handler=handler), 1)
                            ^^^^^^^^^^^^^^^^^^^^^^^^^^^^^^^^^^^^^^^^^^^^^^^^^^^^^^^^^^^^^^^^^^^^^^^
  File "C:\users\mpf\mpfven\Lib\site-packages\mpf\core\logging.py", line 175, in raise_config_error
    raise ConfigFileError(msg, error_no, self.log.name if self.log else "", context, self._url_base) \
        from source_exception
mpf.exceptions.config_file_error.ConfigFileError: Config File Error in EventManager: Switch name "s_flipper_left_active" name used as event handler for <bound method Carousel._previous_item of <Mode.attract>>. Did you mean "s_flipper_left_active_active"? Error Code: CFE-EventManager-1 (https://missionpinball.org/latest/logs)
2026-05-20 20:25:46,285 : INFO : Machine : Starting the main run loop with active modes: [<Mode.attract>]
2026-05-20 20:25:46,285 : INFO : Machine : Shutting down...
2026-05-20 20:25:46,285 : INFO : EventManager : Event: ======'shutdown'====== Args={}
2026-05-20 20:25:46,288 : ERROR : Machine : Runtime Exception
Traceback (most recent call last):
  File "C:\users\mpf\mpfven\Lib\site-packages\mpf\core\machine.py", line 810, in _run_loop
    raise self._exception['exception']
  File "C:\Users\mpf\AppData\Local\Programs\Python\Python313\Lib\asyncio\events.py", line 89, in _run
    self._context.run(self._callback, *self._args)
    ~~~~~~~~~~~~~~~~~^^^^^^^^^^^^^^^^^^^^^^^^^^^^^
  File "C:\users\mpf\mpfven\Lib\site-packages\mpf\core\events.py", line 862, in process_event_queue
    callback(**kwargs)
    ~~~~~~~~^^^^^^^^^^
  File "C:\users\mpf\mpfven\Lib\site-packages\mpf\core\mode.py", line 266, in _mode_started_callback
    self.mode_start(**self.start_event_kwargs)
    ~~~~~~~~~~~~~~~^^^^^^^^^^^^^^^^^^^^^^^^^^^
  File "C:\users\mpf\mpfven\Lib\site-packages\mpf\modes\attract\code\attract.py", line 62, in mode_start
    super().mode_start(**kwargs)
    ~~~~~~~~~~~~~~~~~~^^^^^^^^^^
  File "C:\users\mpf\mpfven\Lib\site-packages\mpf\modes\carousel\code\carousel.py", line 74, in mode_start
    self._register_handlers(self._previous_item_events, self._previous_item)
    ~~~~~~~~~~~~~~~~~~~~~~~^^^^^^^^^^^^^^^^^^^^^^^^^^^^^^^^^^^^^^^^^^^^^^^^^
  File "C:\users\mpf\mpfven\Lib\site-packages\mpf\modes\carousel\code\carousel.py", line 93, in _register_handlers
    self.add_mode_event_handler(event, handler)
    ~~~~~~~~~~~~~~~~~~~~~~~~~~~^^^^^^^^^^^^^^^^
  File "C:\users\mpf\mpfven\Lib\site-packages\mpf\core\mode.py", line 537, in add_mode_event_handler
    key = self.machine.events.add_handler(event, handler, self.priority + priority, mode=self, **kwargs)
  File "C:\users\mpf\mpfven\Lib\site-packages\mpf\core\events.py", line 219, in add_handler
    self.raise_config_error('Switch name "{name}" name used as event handler for {handler}. '
    ~~~~~~~~~~~~~~~~~~~~~~~^^^^^^^^^^^^^^^^^^^^^^^^^^^^^^^^^^^^^^^^^^^^^^^^^^^^^^^^^^^^^^^^^^
                            'Did you mean "{name}_active"?'.format(name=event, handler=handler), 1)
                            ^^^^^^^^^^^^^^^^^^^^^^^^^^^^^^^^^^^^^^^^^^^^^^^^^^^^^^^^^^^^^^^^^^^^^^^
  File "C:\users\mpf\mpfven\Lib\site-packages\mpf\core\logging.py", line 175, in raise_config_error
    raise ConfigFileError(msg, error_no, self.log.name if self.log else "", context, self._url_base) \
        from source_exception
mpf.exceptions.config_file_error.ConfigFileError: Config File Error in EventManager: Switch name "s_flipper_left_active" name used as event handler for <bound method Carousel._previous_item of <Mode.attract>>. Did you mean "s_flipper_left_active_active"? Error Code: CFE-EventManager-1 (https://missionpinball.org/latest/logs)
2026-05-20 20:25:46,291 : INFO : root : MPF run loop ended.
