2026-05-20 23:10:05,254 : INFO : root : Loading config.
2026-05-20 23:10:05,258 : INFO : YamlMultifileConfigLoader : Machine config file #1: config.yaml
2026-05-20 23:10:05,258 : WARNING : ConfigProcessor : Config file in cache changed: C:\users\mpf\documents\wcgpin1\config\config.yaml
2026-05-20 23:10:05,258 : INFO : ConfigProcessor : Loading config from file C:\users\mpf\mpfven\Lib\site-packages\mpf\mpfconfig.yaml.
2026-05-20 23:10:05,306 : INFO : ConfigProcessor : Loading config: C:\users\mpf\mpfven\Lib\site-packages\mpf\mpfconfig.yaml
2026-05-20 23:10:05,307 : INFO : ConfigProcessor : Loading config from file C:\users\mpf\documents\wcgpin1\config\config.yaml.
2026-05-20 23:10:05,329 : INFO : ConfigProcessor : Loading config: C:\users\mpf\documents\wcgpin1\config\config.yaml
2026-05-20 23:10:05,331 : INFO : ConfigProcessor : Loading config: C:\users\mpf\documents\wcgpin1\config\config_ball_devices.yaml
2026-05-20 23:10:05,332 : INFO : ConfigProcessor : Loading config: C:\users\mpf\documents\wcgpin1\config\config_coils.yaml
2026-05-20 23:10:05,356 : INFO : ConfigProcessor : Loading config: C:\users\mpf\documents\wcgpin1\config\config_switches.yaml
2026-05-20 23:10:05,357 : INFO : ConfigProcessor : Config file cache created: C:\Users\mpf\AppData\Local\Temp\79c4d80ce629f23fc794c150aa180213.mpf_cache
2026-05-20 23:10:05,470 : WARNING : ConfigProcessor : Config file in cache changed: C:\users\mpf\documents\wcgpin1\modes\attract\config\attract.yaml
2026-05-20 23:10:05,470 : INFO : ConfigProcessor : Loading config from file C:\users\mpf\mpfven\Lib\site-packages\mpf\modes\attract\config\attract.yaml.
2026-05-20 23:10:05,472 : INFO : ConfigProcessor : Loading config: C:\users\mpf\mpfven\Lib\site-packages\mpf\modes\attract\config\attract.yaml
2026-05-20 23:10:05,472 : INFO : ConfigProcessor : Loading config from file C:\users\mpf\documents\wcgpin1\modes\attract\config\attract.yaml.
2026-05-20 23:10:05,475 : INFO : ConfigProcessor : Loading config: C:\users\mpf\documents\wcgpin1\modes\attract\config\attract.yaml
2026-05-20 23:10:05,476 : INFO : ConfigProcessor : Config file cache created: C:\Users\mpf\AppData\Local\Temp\7e0b951d6590b841dca7e21104841ff3.mpf_cache
2026-05-20 23:10:05,477 : INFO : ConfigProcessor : Loading config from cache: C:\Users\mpf\AppData\Local\Temp\7619cb164ca9753a8c8174f599337faf.mpf_cache
2026-05-20 23:10:05,478 : INFO : ConfigProcessor : Loading config from cache: C:\Users\mpf\AppData\Local\Temp\7e0b951d6590b841dca7e21104841ff3.mpf_cache
2026-05-20 23:10:05,509 : WARNING : ConfigProcessor : Config file in cache changed: C:\users\mpf\documents\wcgpin1\modes\base\config\base.yaml
2026-05-20 23:10:05,509 : INFO : ConfigProcessor : Loading config from file C:\users\mpf\documents\wcgpin1\modes\base\config\base.yaml.
2026-05-20 23:10:05,530 : INFO : ConfigProcessor : Loading config: C:\users\mpf\documents\wcgpin1\modes\base\config\base.yaml
